0:0:0:0:0:0:0:1 - - [28/Nov/2022:14:48:04 +0100] GET /devportal/site/public/dist/vendors~APIDocuments~APIOverview.6e9016b2541da23523a5.bundle.js HTTP/1.1 200 86891 https://localhost:9443/devportal/apis/e902effb-881d-466a-b864-1963d4d3e6c8/overview Mozilla/5.0 (Windows NT 10.0; Win64; x64) AppleWebKit/537.36 (KHTML, like Gecko) Chrome/107.0.0.0 Safari/537.36 0.015
0:0:0:0:0:0:0:1 - - [28/Nov/2022:14:48:04 +0100] GET /api/am/devportal/v2/throttling-policies/subscription HTTP/1.1 200 634 https://localhost:9443/devportal/apis/e902effb-881d-466a-b864-1963d4d3e6c8/overview Mozilla/5.0 (Windows NT 10.0; Win64; x64) AppleWebKit/537.36 (KHTML, like Gecko) Chrome/107.0.0.0 Safari/537.36 0.006
0:0:0:0:0:0:0:1 - - [28/Nov/2022:14:48:04 +0100] GET /api/am/devportal/v2/apis/e902effb-881d-466a-b864-1963d4d3e6c8/documents HTTP/1.1 200 92 https://localhost:9443/devportal/apis/e902effb-881d-466a-b864-1963d4d3e6c8/overview Mozilla/5.0 (Windows NT 10.0; Win64; x64) AppleWebKit/537.36 (KHTML, like Gecko) Chrome/107.0.0.0 Safari/537.36 0.009
0:0:0:0:0:0:0:1 - - [28/Nov/2022:14:48:04 +0100] GET /api/am/devportal/v2/throttling-policies/subscription HTTP/1.1 200 634 https://localhost:9443/devportal/apis/e902effb-881d-466a-b864-1963d4d3e6c8/overview Mozilla/5.0 (Windows NT 10.0; Win64; x64) AppleWebKit/537.36 (KHTML, like Gecko) Chrome/107.0.0.0 Safari/537.36 0.004
0:0:0:0:0:0:0:1 - - [28/Nov/2022:14:48:04 +0100] GET /api/am/devportal/v2/apis/e902effb-881d-466a-b864-1963d4d3e6c8/documents HTTP/1.1 200 92 https://localhost:9443/devportal/apis/e902effb-881d-466a-b864-1963d4d3e6c8/overview Mozilla/5.0 (Windows NT 10.0; Win64; x64) AppleWebKit/537.36 (KHTML, like Gecko) Chrome/107.0.0.0 Safari/537.36 0.008
0:0:0:0:0:0:0:1 - - [28/Nov/2022:14:48:04 +0100] GET /api/am/devportal/v2/apis/e902effb-881d-466a-b864-1963d4d3e6c8/ratings HTTP/1.1 200 125 https://localhost:9443/devportal/apis/e902effb-881d-466a-b864-1963d4d3e6c8/overview Mozilla/5.0 (Windows NT 10.0; Win64; x64) AppleWebKit/537.36 (KHTML, like Gecko) Chrome/107.0.0.0 Safari/537.36 0.005
0:0:0:0:0:0:0:1 - - [28/Nov/2022:14:48:04 +0100] GET /api/am/devportal/v2/apis/e902effb-881d-466a-b864-1963d4d3e6c8/comments?limit=5&offset=0 HTTP/1.1 200 101 https://localhost:9443/devportal/apis/e902effb-881d-466a-b864-1963d4d3e6c8/overview Mozilla/5.0 (Windows NT 10.0; Win64; x64) AppleWebKit/537.36 (KHTML, like Gecko) Chrome/107.0.0.0 Safari/537.36 0.007
0:0:0:0:0:0:0:1 - - [28/Nov/2022:14:48:04 +0100] GET /api/am/devportal/v2/apis/e902effb-881d-466a-b864-1963d4d3e6c8/thumbnail HTTP/1.1 204 - https://localhost:9443/devportal/apis/e902effb-881d-466a-b864-1963d4d3e6c8/overview Mozilla/5.0 (Windows NT 10.0; Win64; x64) AppleWebKit/537.36 (KHTML, like Gecko) Chrome/107.0.0.0 Safari/537.36 0.007
0:0:0:0:0:0:0:1 - - [28/Nov/2022:14:48:08 +0100] GET /devportal/site/public/dist/vendors~APICredentials.5eeb41c14e29dad3c93e.bundle.js HTTP/1.1 200 7294 https://localhost:9443/devportal/apis/e902effb-881d-466a-b864-1963d4d3e6c8/credentials Mozilla/5.0 (Windows NT 10.0; Win64; x64) AppleWebKit/537.36 (KHTML, like Gecko) Chrome/107.0.0.0 Safari/537.36 0.002
0:0:0:0:0:0:0:1 - - [28/Nov/2022:14:48:08 +0100] GET /devportal/site/public/dist/APICredentials.d241a84f1f640f4da6bd.bundle.js HTTP/1.1 200 19442 https://localhost:9443/devportal/apis/e902effb-881d-466a-b864-1963d4d3e6c8/credentials Mozilla/5.0 (Windows NT 10.0; Win64; x64) AppleWebKit/537.36 (KHTML, like Gecko) Chrome/107.0.0.0 Safari/537.36 0.004
0:0:0:0:0:0:0:1 - - [28/Nov/2022:14:48:08 +0100] GET /devportal/site/public/dist/2.9a7b1816aabad5b82d40.bundle.js HTTP/1.1 200 42987 https://localhost:9443/devportal/apis/e902effb-881d-466a-b864-1963d4d3e6c8/credentials Mozilla/5.0 (Windows NT 10.0; Win64; x64) AppleWebKit/537.36 (KHTML, like Gecko) Chrome/107.0.0.0 Safari/537.36 0.008
0:0:0:0:0:0:0:1 - - [28/Nov/2022:14:48:08 +0100] GET /devportal/site/public/images/_favicon.ico HTTP/1.1 200 1150 https://localhost:9443/devportal/apis/e902effb-881d-466a-b864-1963d4d3e6c8/credentials Mozilla/5.0 (Windows NT 10.0; Win64; x64) AppleWebKit/537.36 (KHTML, like Gecko) Chrome/107.0.0.0 Safari/537.36 0.001
0:0:0:0:0:0:0:1 - - [28/Nov/2022:14:48:16 +0100] GET /api/am/devportal/v2/settings/application-attributes HTTP/1.1 200 21 https://localhost:9443/devportal/apis/e902effb-881d-466a-b864-1963d4d3e6c8/credentials/wizard Mozilla/5.0 (Windows NT 10.0; Win64; x64) AppleWebKit/537.36 (KHTML, like Gecko) Chrome/107.0.0.0 Safari/537.36 0.006
0:0:0:0:0:0:0:1 - - [28/Nov/2022:14:48:16 +0100] GET /api/am/devportal/v2/throttling-policies/application HTTP/1.1 200 473 https://localhost:9443/devportal/apis/e902effb-881d-466a-b864-1963d4d3e6c8/credentials/wizard Mozilla/5.0 (Windows NT 10.0; Win64; x64) AppleWebKit/537.36 (KHTML, like Gecko) Chrome/107.0.0.0 Safari/537.36 0.006
0:0:0:0:0:0:0:1 - - [28/Nov/2022:14:48:16 +0100] GET /devportal/site/public/images/_favicon.ico HTTP/1.1 200 1150 https://localhost:9443/devportal/apis/e902effb-881d-466a-b864-1963d4d3e6c8/credentials/wizard Mozilla/5.0 (Windows NT 10.0; Win64; x64) AppleWebKit/537.36 (KHTML, like Gecko) Chrome/107.0.0.0 Safari/537.36 0.001
127.0.0.1 - - [28/Nov/2022:14:48:16 +0100] GET /oauth2/token/.well-known/openid-configuration HTTP/1.1 200 2245 - Apache-HttpClient/4.5.13 (Java/11.0.17) 0.003
0:0:0:0:0:0:0:1 - - [28/Nov/2022:14:48:16 +0100] GET /api/am/devportal/v2/key-managers HTTP/1.1 200 754 https://localhost:9443/devportal/apis/e902effb-881d-466a-b864-1963d4d3e6c8/credentials/wizard Mozilla/5.0 (Windows NT 10.0; Win64; x64) AppleWebKit/537.36 (KHTML, like Gecko) Chrome/107.0.0.0 Safari/537.36 0.026
0:0:0:0:0:0:0:1 - - [28/Nov/2022:14:48:30 +0100] POST /api/am/devportal/v2/applications HTTP/1.1 201 284 https://localhost:9443/devportal/apis/e902effb-881d-466a-b864-1963d4d3e6c8/credentials/wizard Mozilla/5.0 (Windows NT 10.0; Win64; x64) AppleWebKit/537.36 (KHTML, like Gecko) Chrome/107.0.0.0 Safari/537.36 0.167
0:0:0:0:0:0:0:1 - - [28/Nov/2022:14:48:31 +0100] POST /api/am/devportal/v2/subscriptions HTTP/1.1 201 598 https://localhost:9443/devportal/apis/e902effb-881d-466a-b864-1963d4d3e6c8/credentials/wizard Mozilla/5.0 (Windows NT 10.0; Win64; x64) AppleWebKit/537.36 (KHTML, like Gecko) Chrome/107.0.0.0 Safari/537.36 0.053
127.0.0.1 - - [28/Nov/2022:14:48:31 +0100] GET /oauth2/token/.well-known/openid-configuration HTTP/1.1 200 2245 - Apache-HttpClient/4.5.13 (Java/11.0.17) 0.002
0:0:0:0:0:0:0:1 - - [28/Nov/2022:14:48:31 +0100] GET /api/am/devportal/v2/key-managers HTTP/1.1 200 754 https://localhost:9443/devportal/apis/e902effb-881d-466a-b864-1963d4d3e6c8/credentials/wizard Mozilla/5.0 (Windows NT 10.0; Win64; x64) AppleWebKit/537.36 (KHTML, like Gecko) Chrome/107.0.0.0 Safari/537.36 0.022
0:0:0:0:0:0:0:1 - - [28/Nov/2022:14:48:46 +0100] GET /oauth2/token HTTP/1.1 405 - - Mozilla/5.0 (Windows NT 10.0; Win64; x64) AppleWebKit/537.36 (KHTML, like Gecko) Chrome/107.0.0.0 Safari/537.36 0.026
0:0:0:0:0:0:0:1 - - [28/Nov/2022:14:48:50 +0100] GET /api/am/devportal/v2/swagger.yaml HTTP/1.1 200 23493 https://localhost:9443/devportal/apis/e902effb-881d-466a-b864-1963d4d3e6c8/credentials/wizard Mozilla/5.0 (Windows NT 10.0; Win64; x64) AppleWebKit/537.36 (KHTML, like Gecko) Chrome/107.0.0.0 Safari/537.36 0.018
0:0:0:0:0:0:0:1 - - [28/Nov/2022:14:48:50 +0100] GET /api/am/devportal/v2/applications/a5a8269a-9117-4a77-b9f9-40f799f44201 HTTP/1.1 200 285 https://localhost:9443/devportal/apis/e902effb-881d-466a-b864-1963d4d3e6c8/credentials/wizard Mozilla/5.0 (Windows NT 10.0; Win64; x64) AppleWebKit/537.36 (KHTML, like Gecko) Chrome/107.0.0.0 Safari/537.36 0.008
127.0.0.1 - - [28/Nov/2022:14:48:51 +0100] POST /keymanager-operations/dcr/register HTTP/1.1 201 723 - Apache-HttpClient/4.5.13 (Java/11.0.17) 0.669
127.0.0.1 - - [28/Nov/2022:14:48:51 +0100] POST /oauth2/token HTTP/1.1 200 1022 - Apache-HttpClient/4.5.13 (Java/11.0.17) 0.021
0:0:0:0:0:0:0:1 - - [28/Nov/2022:14:48:51 +0100] POST /api/am/devportal/v2/applications/a5a8269a-9117-4a77-b9f9-40f799f44201/generate-keys HTTP/1.1 200 1219 https://localhost:9443/devportal/apis/e902effb-881d-466a-b864-1963d4d3e6c8/credentials/wizard Mozilla/5.0 (Windows NT 10.0; Win64; x64) AppleWebKit/537.36 (KHTML, like Gecko) Chrome/107.0.0.0 Safari/537.36 0.752
0:0:0:0:0:0:0:1 - - [28/Nov/2022:14:48:51 +0100] GET /api/am/devportal/v2/swagger.yaml HTTP/1.1 200 23493 https://localhost:9443/devportal/apis/e902effb-881d-466a-b864-1963d4d3e6c8/credentials/wizard Mozilla/5.0 (Windows NT 10.0; Win64; x64) AppleWebKit/537.36 (KHTML, like Gecko) Chrome/107.0.0.0 Safari/537.36 0.005
127.0.0.1 - - [28/Nov/2022:14:48:51 +0100] GET /keymanager-operations/dcr/register/ZmJuRkdLQVdsRFVyRDRMd2pmQ3FhM3diRkVFYQ%3D%3D HTTP/1.1 200 723 - Apache-HttpClient/4.5.13 (Java/11.0.17) 0.008
0:0:0:0:0:0:0:1 - - [28/Nov/2022:14:48:51 +0100] GET /api/am/devportal/v2/applications/a5a8269a-9117-4a77-b9f9-40f799f44201 HTTP/1.1 200 285 https://localhost:9443/devportal/apis/e902effb-881d-466a-b864-1963d4d3e6c8/credentials/wizard Mozilla/5.0 (Windows NT 10.0; Win64; x64) AppleWebKit/537.36 (KHTML, like Gecko) Chrome/107.0.0.0 Safari/537.36 0.014
127.0.0.1 - - [28/Nov/2022:14:48:51 +0100] GET /keymanager-operations/dcr/register/ZmJuRkdLQVdsRFVyRDRMd2pmQ3FhM3diRkVFYQ%3D%3D HTTP/1.1 200 723 - Apache-HttpClient/4.5.13 (Java/11.0.17) 0.002
0:0:0:0:0:0:0:1 - - [28/Nov/2022:14:48:51 +0100] GET /api/am/devportal/v2/applications/a5a8269a-9117-4a77-b9f9-40f799f44201/oauth-keys HTTP/1.1 200 871 https://localhost:9443/devportal/apis/e902effb-881d-466a-b864-1963d4d3e6c8/credentials/wizard Mozilla/5.0 (Windows NT 10.0; Win64; x64) AppleWebKit/537.36 (KHTML, like Gecko) Chrome/107.0.0.0 Safari/537.36 0.008
0:0:0:0:0:0:0:1 - - [28/Nov/2022:14:48:53 +0100] GET /api/am/devportal/v2/swagger.yaml HTTP/1.1 200 23493 https://localhost:9443/devportal/apis/e902effb-881d-466a-b864-1963d4d3e6c8/credentials/wizard Mozilla/5.0 (Windows NT 10.0; Win64; x64) AppleWebKit/537.36 (KHTML, like Gecko) Chrome/107.0.0.0 Safari/537.36 0.007
127.0.0.1 - - [28/Nov/2022:14:48:53 +0100] GET /keymanager-operations/dcr/register/ZmJuRkdLQVdsRFVyRDRMd2pmQ3FhM3diRkVFYQ%3D%3D HTTP/1.1 200 723 - Apache-HttpClient/4.5.13 (Java/11.0.17) 0.002
0:0:0:0:0:0:0:1 - - [28/Nov/2022:14:48:53 +0100] GET /api/am/devportal/v2/applications/a5a8269a-9117-4a77-b9f9-40f799f44201 HTTP/1.1 200 285 https://localhost:9443/devportal/apis/e902effb-881d-466a-b864-1963d4d3e6c8/credentials/wizard Mozilla/5.0 (Windows NT 10.0; Win64; x64) AppleWebKit/537.36 (KHTML, like Gecko) Chrome/107.0.0.0 Safari/537.36 0.007
127.0.0.1 - - [28/Nov/2022:14:48:53 +0100] GET /keymanager-operations/dcr/register/ZmJuRkdLQVdsRFVyRDRMd2pmQ3FhM3diRkVFYQ%3D%3D HTTP/1.1 200 723 - Apache-HttpClient/4.5.13 (Java/11.0.17) 0.002
0:0:0:0:0:0:0:1 - - [28/Nov/2022:14:48:53 +0100] GET /api/am/devportal/v2/applications/a5a8269a-9117-4a77-b9f9-40f799f44201/oauth-keys HTTP/1.1 200 871 https://localhost:9443/devportal/apis/e902effb-881d-466a-b864-1963d4d3e6c8/credentials/wizard Mozilla/5.0 (Windows NT 10.0; Win64; x64) AppleWebKit/537.36 (KHTML, like Gecko) Chrome/107.0.0.0 Safari/537.36 0.007
127.0.0.1 - - [28/Nov/2022:14:48:53 +0100] GET /keymanager-operations/dcr/register/ZmJuRkdLQVdsRFVyRDRMd2pmQ3FhM3diRkVFYQ%3D%3D HTTP/1.1 200 723 - Apache-HttpClient/4.5.13 (Java/11.0.17) 0.002
127.0.0.1 - - [28/Nov/2022:14:48:53 +0100] GET /keymanager-operations/dcr/register/ZmJuRkdLQVdsRFVyRDRMd2pmQ3FhM3diRkVFYQ%3D%3D HTTP/1.1 200 723 - Apache-HttpClient/4.5.13 (Java/11.0.17) 0.002
127.0.0.1 - - [28/Nov/2022:14:48:53 +0100] POST /oauth2/token HTTP/1.1 200 1022 - Apache-HttpClient/4.5.13 (Java/11.0.17) 0.007
0:0:0:0:0:0:0:1 - - [28/Nov/2022:14:48:53 +0100] POST /api/am/devportal/v2/applications/a5a8269a-9117-4a77-b9f9-40f799f44201/oauth-keys/2faa7b32-b376-4e7c-a0b2-4a83e098891b/generate-token HTTP/1.1 200 1009 https://localhost:9443/devportal/apis/e902effb-881d-466a-b864-1963d4d3e6c8/credentials/wizard Mozilla/5.0 (Windows NT 10.0; Win64; x64) AppleWebKit/537.36 (KHTML, like Gecko) Chrome/107.0.0.0 Safari/537.36 0.050
127.0.0.1 - - [28/Nov/2022:14:48:53 +0100] POST /internal/data/v1/notify HTTP/1.1 200 - - Apache-HttpClient/4.5.13 (Java/11.0.17) 0.005
0:0:0:0:0:0:0:1 - - [28/Nov/2022:14:48:59 +0100] GET /api/am/devportal/v2/applications?limit=5000 HTTP/1.1 200 514 https://localhost:9443/devportal/apis/e902effb-881d-466a-b864-1963d4d3e6c8/credentials Mozilla/5.0 (Windows NT 10.0; Win64; x64) AppleWebKit/537.36 (KHTML, like Gecko) Chrome/107.0.0.0 Safari/537.36 0.009
0:0:0:0:0:0:0:1 - - [28/Nov/2022:14:48:59 +0100] GET /api/am/devportal/v2/apis/e902effb-881d-466a-b864-1963d4d3e6c8 HTTP/1.1 200 1014 https://localhost:9443/devportal/apis/e902effb-881d-466a-b864-1963d4d3e6c8/credentials Mozilla/5.0 (Windows NT 10.0; Win64; x64) AppleWebKit/537.36 (KHTML, like Gecko) Chrome/107.0.0.0 Safari/537.36 0.019
127.0.0.1 - - [28/Nov/2022:14:48:59 +0100] GET /keymanager-operations/dcr/register/ZmJuRkdLQVdsRFVyRDRMd2pmQ3FhM3diRkVFYQ%3D%3D HTTP/1.1 200 723 - Apache-HttpClient/4.5.13 (Java/11.0.17) 0.008
0:0:0:0:0:0:0:1 - - [28/Nov/2022:14:48:59 +0100] GET /devportal/site/public/images/_favicon.ico HTTP/1.1 200 1150 https://localhost:9443/devportal/apis/e902effb-881d-466a-b864-1963d4d3e6c8/credentials Mozilla/5.0 (Windows NT 10.0; Win64; x64) AppleWebKit/537.36 (KHTML, like Gecko) Chrome/107.0.0.0 Safari/537.36 0.002
127.0.0.1 - - [28/Nov/2022:14:48:59 +0100] GET /keymanager-operations/dcr/register/ZmJuRkdLQVdsRFVyRDRMd2pmQ3FhM3diRkVFYQ%3D%3D HTTP/1.1 200 723 - Apache-HttpClient/4.5.13 (Java/11.0.17) 0.008
0:0:0:0:0:0:0:1 - - [28/Nov/2022:14:48:59 +0100] GET /api/am/devportal/v2/subscriptions?apiId=e902effb-881d-466a-b864-1963d4d3e6c8&limit=5000 HTTP/1.1 200 649 https://localhost:9443/devportal/apis/e902effb-881d-466a-b864-1963d4d3e6c8/credentials Mozilla/5.0 (Windows NT 10.0; Win64; x64) AppleWebKit/537.36 (KHTML, like Gecko) Chrome/107.0.0.0 Safari/537.36 0.038
0:0:0:0:0:0:0:1 - - [28/Nov/2022:14:48:59 +0100] GET /api/am/devportal/v2/subscriptions?apiId=e902effb-881d-466a-b864-1963d4d3e6c8&limit=25 HTTP/1.1 200 648 https://localhost:9443/devportal/apis/e902effb-881d-466a-b864-1963d4d3e6c8/credentials Mozilla/5.0 (Windows NT 10.0; Win64; x64) AppleWebKit/537.36 (KHTML, like Gecko) Chrome/107.0.0.0 Safari/537.36 0.041
127.0.0.1 - - [28/Nov/2022:14:49:10 +0100] GET /keymanager-operations/dcr/register/dUthUVdzNEVTYnc2Vk0wN1VpdWpoaVdyMlpVYQ%3D%3D HTTP/1.1 200 723 - Apache-HttpClient/4.5.13 (Java/11.0.17) 0.008
0:0:0:0:0:0:0:1 - - [28/Nov/2022:14:49:10 +0100] POST /api/am/devportal/v2/subscriptions HTTP/1.1 201 603 https://localhost:9443/devportal/apis/e902effb-881d-466a-b864-1963d4d3e6c8/credentials Mozilla/5.0 (Windows NT 10.0; Win64; x64) AppleWebKit/537.36 (KHTML, like Gecko) Chrome/107.0.0.0 Safari/537.36 0.037
0:0:0:0:0:0:0:1 - - [28/Nov/2022:14:49:10 +0100] GET /api/am/devportal/v2/applications?limit=5000 HTTP/1.1 200 514 https://localhost:9443/devportal/apis/e902effb-881d-466a-b864-1963d4d3e6c8/credentials Mozilla/5.0 (Windows NT 10.0; Win64; x64) AppleWebKit/537.36 (KHTML, like Gecko) Chrome/107.0.0.0 Safari/537.36 0.011
0:0:0:0:0:0:0:1 - - [28/Nov/2022:14:49:10 +0100] GET /api/am/devportal/v2/apis/e902effb-881d-466a-b864-1963d4d3e6c8 HTTP/1.1 200 1014 https://localhost:9443/devportal/apis/e902effb-881d-466a-b864-1963d4d3e6c8/credentials Mozilla/5.0 (Windows NT 10.0; Win64; x64) AppleWebKit/537.36 (KHTML, like Gecko) Chrome/107.0.0.0 Safari/537.36 0.016
127.0.0.1 - - [28/Nov/2022:14:49:10 +0100] GET /keymanager-operations/dcr/register/dUthUVdzNEVTYnc2Vk0wN1VpdWpoaVdyMlpVYQ%3D%3D HTTP/1.1 200 723 - Apache-HttpClient/4.5.13 (Java/11.0.17) 0.005
127.0.0.1 - - [28/Nov/2022:14:49:10 +0100] GET /keymanager-operations/dcr/register/ZmJuRkdLQVdsRFVyRDRMd2pmQ3FhM3diRkVFYQ%3D%3D HTTP/1.1 200 723 - Apache-HttpClient/4.5.13 (Java/11.0.17) 0.002
127.0.0.1 - - [28/Nov/2022:14:49:10 +0100] GET /keymanager-operations/dcr/register/ZmJuRkdLQVdsRFVyRDRMd2pmQ3FhM3diRkVFYQ%3D%3D HTTP/1.1 200 723 - Apache-HttpClient/4.5.13 (Java/11.0.17) 0.003
127.0.0.1 - - [28/Nov/2022:14:49:10 +0100] GET /keymanager-operations/dcr/register/dUthUVdzNEVTYnc2Vk0wN1VpdWpoaVdyMlpVYQ%3D%3D HTTP/1.1 200 723 - Apache-HttpClient/4.5.13 (Java/11.0.17) 0.002
0:0:0:0:0:0:0:1 - - [28/Nov/2022:14:49:10 +0100] GET /api/am/devportal/v2/subscriptions?apiId=e902effb-881d-466a-b864-1963d4d3e6c8&limit=5000 HTTP/1.1 200 730 https://localhost:9443/devportal/apis/e902effb-881d-466a-b864-1963d4d3e6c8/credentials Mozilla/5.0 (Windows NT 10.0; Win64; x64) AppleWebKit/537.36 (KHTML, like Gecko) Chrome/107.0.0.0 Safari/537.36 0.033
0:0:0:0:0:0:0:1 - - [28/Nov/2022:14:49:10 +0100] GET /api/am/devportal/v2/subscriptions?apiId=e902effb-881d-466a-b864-1963d4d3e6c8&limit=25 HTTP/1.1 200 729 https://localhost:9443/devportal/apis/e902effb-881d-466a-b864-1963d4d3e6c8/credentials Mozilla/5.0 (Windows NT 10.0; Win64; x64) AppleWebKit/537.36 (KHTML, like Gecko) Chrome/107.0.0.0 Safari/537.36 0.038
0:0:0:0:0:0:0:1 - - [28/Nov/2022:14:49:16 +0100] GET /devportal/site/public/images/_favicon.ico HTTP/1.1 200 1150 https://localhost:9443/devportal/apis/e902effb-881d-466a-b864-1963d4d3e6c8/overview Mozilla/5.0 (Windows NT 10.0; Win64; x64) AppleWebKit/537.36 (KHTML, like Gecko) Chrome/107.0.0.0 Safari/537.36 0.004
0:0:0:0:0:0:0:1 - - [28/Nov/2022:14:49:16 +0100] GET /api/am/devportal/v2/throttling-policies/subscription HTTP/1.1 200 634 https://localhost:9443/devportal/apis/e902effb-881d-466a-b864-1963d4d3e6c8/overview Mozilla/5.0 (Windows NT 10.0; Win64; x64) AppleWebKit/537.36 (KHTML, like Gecko) Chrome/107.0.0.0 Safari/537.36 0.012
0:0:0:0:0:0:0:1 - - [28/Nov/2022:14:49:16 +0100] GET /api/am/devportal/v2/apis/e902effb-881d-466a-b864-1963d4d3e6c8/documents HTTP/1.1 200 92 https://localhost:9443/devportal/apis/e902effb-881d-466a-b864-1963d4d3e6c8/overview Mozilla/5.0 (Windows NT 10.0; Win64; x64) AppleWebKit/537.36 (KHTML, like Gecko) Chrome/107.0.0.0 Safari/537.36 0.017
0:0:0:0:0:0:0:1 - - [28/Nov/2022:14:49:16 +0100] GET /api/am/devportal/v2/throttling-policies/subscription HTTP/1.1 200 634 https://localhost:9443/devportal/apis/e902effb-881d-466a-b864-1963d4d3e6c8/overview Mozilla/5.0 (Windows NT 10.0; Win64; x64) AppleWebKit/537.36 (KHTML, like Gecko) Chrome/107.0.0.0 Safari/537.36 0.005
0:0:0:0:0:0:0:1 - - [28/Nov/2022:14:49:16 +0100] GET /api/am/devportal/v2/apis/e902effb-881d-466a-b864-1963d4d3e6c8/documents HTTP/1.1 200 92 https://localhost:9443/devportal/apis/e902effb-881d-466a-b864-1963d4d3e6c8/overview Mozilla/5.0 (Windows NT 10.0; Win64; x64) AppleWebKit/537.36 (KHTML, like Gecko) Chrome/107.0.0.0 Safari/537.36 0.012
0:0:0:0:0:0:0:1 - - [28/Nov/2022:14:49:16 +0100] GET /api/am/devportal/v2/apis/e902effb-881d-466a-b864-1963d4d3e6c8/ratings HTTP/1.1 200 125 https://localhost:9443/devportal/apis/e902effb-881d-466a-b864-1963d4d3e6c8/overview Mozilla/5.0 (Windows NT 10.0; Win64; x64) AppleWebKit/537.36 (KHTML, like Gecko) Chrome/107.0.0.0 Safari/537.36 0.006
0:0:0:0:0:0:0:1 - - [28/Nov/2022:14:49:16 +0100] GET /api/am/devportal/v2/apis/e902effb-881d-466a-b864-1963d4d3e6c8/thumbnail HTTP/1.1 204 - https://localhost:9443/devportal/apis/e902effb-881d-466a-b864-1963d4d3e6c8/overview Mozilla/5.0 (Windows NT 10.0; Win64; x64) AppleWebKit/537.36 (KHTML, like Gecko) Chrome/107.0.0.0 Safari/537.36 0.007
0:0:0:0:0:0:0:1 - - [28/Nov/2022:14:49:16 +0100] GET /api/am/devportal/v2/apis/e902effb-881d-466a-b864-1963d4d3e6c8/comments?limit=5&offset=0 HTTP/1.1 200 101 https://localhost:9443/devportal/apis/e902effb-881d-466a-b864-1963d4d3e6c8/overview Mozilla/5.0 (Windows NT 10.0; Win64; x64) AppleWebKit/537.36 (KHTML, like Gecko) Chrome/107.0.0.0 Safari/537.36 0.008
0:0:0:0:0:0:0:1 - - [28/Nov/2022:14:49:18 +0100] GET /api/am/devportal/v2/applications?limit=5000 HTTP/1.1 200 514 https://localhost:9443/devportal/apis/e902effb-881d-466a-b864-1963d4d3e6c8/test Mozilla/5.0 (Windows NT 10.0; Win64; x64) AppleWebKit/537.36 (KHTML, like Gecko) Chrome/107.0.0.0 Safari/537.36 0.004
0:0:0:0:0:0:0:1 - - [28/Nov/2022:14:49:18 +0100] GET /devportal/site/public/images/_favicon.ico HTTP/1.1 200 1150 https://localhost:9443/devportal/apis/e902effb-881d-466a-b864-1963d4d3e6c8/test Mozilla/5.0 (Windows NT 10.0; Win64; x64) AppleWebKit/537.36 (KHTML, like Gecko) Chrome/107.0.0.0 Safari/537.36 0.001
0:0:0:0:0:0:0:1 - - [28/Nov/2022:14:49:18 +0100] GET /api/am/devportal/v2/apis/e902effb-881d-466a-b864-1963d4d3e6c8 HTTP/1.1 200 1014 https://localhost:9443/devportal/apis/e902effb-881d-466a-b864-1963d4d3e6c8/test Mozilla/5.0 (Windows NT 10.0; Win64; x64) AppleWebKit/537.36 (KHTML, like Gecko) Chrome/107.0.0.0 Safari/537.36 0.012
127.0.0.1 - - [28/Nov/2022:14:49:18 +0100] GET /keymanager-operations/dcr/register/dUthUVdzNEVTYnc2Vk0wN1VpdWpoaVdyMlpVYQ%3D%3D HTTP/1.1 200 723 - Apache-HttpClient/4.5.13 (Java/11.0.17) 0.010
0:0:0:0:0:0:0:1 - - [28/Nov/2022:14:49:18 +0100] GET /api/am/devportal/v2/apis/e902effb-881d-466a-b864-1963d4d3e6c8 HTTP/1.1 200 1014 https://localhost:9443/devportal/apis/e902effb-881d-466a-b864-1963d4d3e6c8/test Mozilla/5.0 (Windows NT 10.0; Win64; x64) AppleWebKit/537.36 (KHTML, like Gecko) Chrome/107.0.0.0 Safari/537.36 0.013
127.0.0.1 - - [28/Nov/2022:14:49:18 +0100] GET /keymanager-operations/dcr/register/ZmJuRkdLQVdsRFVyRDRMd2pmQ3FhM3diRkVFYQ%3D%3D HTTP/1.1 200 723 - Apache-HttpClient/4.5.13 (Java/11.0.17) 0.008
127.0.0.1 - - [28/Nov/2022:14:49:18 +0100] GET /keymanager-operations/dcr/register/ZmJuRkdLQVdsRFVyRDRMd2pmQ3FhM3diRkVFYQ%3D%3D HTTP/1.1 200 723 - Apache-HttpClient/4.5.13 (Java/11.0.17) 0.005
127.0.0.1 - - [28/Nov/2022:14:49:18 +0100] GET /keymanager-operations/dcr/register/dUthUVdzNEVTYnc2Vk0wN1VpdWpoaVdyMlpVYQ%3D%3D HTTP/1.1 200 723 - Apache-HttpClient/4.5.13 (Java/11.0.17) 0.001
0:0:0:0:0:0:0:1 - - [28/Nov/2022:14:49:18 +0100] GET /api/am/devportal/v2/subscriptions?apiId=e902effb-881d-466a-b864-1963d4d3e6c8&limit=5000 HTTP/1.1 200 730 https://localhost:9443/devportal/apis/e902effb-881d-466a-b864-1963d4d3e6c8/test Mozilla/5.0 (Windows NT 10.0; Win64; x64) AppleWebKit/537.36 (KHTML, like Gecko) Chrome/107.0.0.0 Safari/537.36 0.044
0:0:0:0:0:0:0:1 - - [28/Nov/2022:14:49:18 +0100] GET /api/am/devportal/v2/apis/e902effb-881d-466a-b864-1963d4d3e6c8/swagger?environmentName=Default HTTP/1.1 200 960 https://localhost:9443/devportal/apis/e902effb-881d-466a-b864-1963d4d3e6c8/test Mozilla/5.0 (Windows NT 10.0; Win64; x64) AppleWebKit/537.36 (KHTML, like Gecko) Chrome/107.0.0.0 Safari/537.36 0.008
0:0:0:0:0:0:0:1 - - [28/Nov/2022:14:49:18 +0100] GET /api/am/devportal/v2/subscriptions?apiId=e902effb-881d-466a-b864-1963d4d3e6c8&limit=25 HTTP/1.1 200 729 https://localhost:9443/devportal/apis/e902effb-881d-466a-b864-1963d4d3e6c8/test Mozilla/5.0 (Windows NT 10.0; Win64; x64) AppleWebKit/537.36 (KHTML, like Gecko) Chrome/107.0.0.0 Safari/537.36 0.051
0:0:0:0:0:0:0:1 - - [28/Nov/2022:14:49:18 +0100] GET /api/am/devportal/v2/swagger.yaml HTTP/1.1 200 23493 https://localhost:9443/devportal/apis/e902effb-881d-466a-b864-1963d4d3e6c8/test Mozilla/5.0 (Windows NT 10.0; Win64; x64) AppleWebKit/537.36 (KHTML, like Gecko) Chrome/107.0.0.0 Safari/537.36 0.005
127.0.0.1 - - [28/Nov/2022:14:49:18 +0100] GET /keymanager-operations/dcr/register/ZmJuRkdLQVdsRFVyRDRMd2pmQ3FhM3diRkVFYQ%3D%3D HTTP/1.1 200 723 - Apache-HttpClient/4.5.13 (Java/11.0.17) 0.005
127.0.0.1 - - [28/Nov/2022:14:49:18 +0100] GET /oauth2/token/.well-known/openid-configuration HTTP/1.1 200 2245 - Apache-HttpClient/4.5.13 (Java/11.0.17) 0.002
0:0:0:0:0:0:0:1 - - [28/Nov/2022:14:49:18 +0100] GET /api/am/devportal/v2/key-managers HTTP/1.1 200 754 https://localhost:9443/devportal/apis/e902effb-881d-466a-b864-1963d4d3e6c8/test Mozilla/5.0 (Windows NT 10.0; Win64; x64) AppleWebKit/537.36 (KHTML, like Gecko) Chrome/107.0.0.0 Safari/537.36 0.020
127.0.0.1 - - [28/Nov/2022:14:49:18 +0100] GET /keymanager-operations/dcr/register/dUthUVdzNEVTYnc2Vk0wN1VpdWpoaVdyMlpVYQ%3D%3D HTTP/1.1 200 723 - Apache-HttpClient/4.5.13 (Java/11.0.17) 0.004
0:0:0:0:0:0:0:1 - - [28/Nov/2022:14:49:18 +0100] GET /api/am/devportal/v2/subscriptions?apiId=e902effb-881d-466a-b864-1963d4d3e6c8&limit=25 HTTP/1.1 200 729 https://localhost:9443/devportal/apis/e902effb-881d-466a-b864-1963d4d3e6c8/test Mozilla/5.0 (Windows NT 10.0; Win64; x64) AppleWebKit/537.36 (KHTML, like Gecko) Chrome/107.0.0.0 Safari/537.36 0.031
127.0.0.1 - - [28/Nov/2022:14:49:18 +0100] GET /keymanager-operations/dcr/register/ZmJuRkdLQVdsRFVyRDRMd2pmQ3FhM3diRkVFYQ%3D%3D HTTP/1.1 200 723 - Apache-HttpClient/4.5.13 (Java/11.0.17) 0.002
127.0.0.1 - - [28/Nov/2022:14:49:18 +0100] GET /keymanager-operations/dcr/register/dUthUVdzNEVTYnc2Vk0wN1VpdWpoaVdyMlpVYQ%3D%3D HTTP/1.1 200 723 - Apache-HttpClient/4.5.13 (Java/11.0.17) 0.003
0:0:0:0:0:0:0:1 - - [28/Nov/2022:14:49:18 +0100] GET /api/am/devportal/v2/subscriptions?apiId=e902effb-881d-466a-b864-1963d4d3e6c8&limit=25 HTTP/1.1 200 729 https://localhost:9443/devportal/apis/e902effb-881d-466a-b864-1963d4d3e6c8/test Mozilla/5.0 (Windows NT 10.0; Win64; x64) AppleWebKit/537.36 (KHTML, like Gecko) Chrome/107.0.0.0 Safari/537.36 0.024
0:0:0:0:0:0:0:1 - - [28/Nov/2022:14:49:18 +0100] GET /api/am/devportal/v2/applications/ HTTP/1.1 200 512 https://localhost:9443/devportal/apis/e902effb-881d-466a-b864-1963d4d3e6c8/test Mozilla/5.0 (Windows NT 10.0; Win64; x64) AppleWebKit/537.36 (KHTML, like Gecko) Chrome/107.0.0.0 Safari/537.36 0.005
0:0:0:0:0:0:0:1 - - [28/Nov/2022:14:49:18 +0100] GET /api/am/devportal/v2/swagger.yaml HTTP/1.1 200 23493 https://localhost:9443/devportal/apis/e902effb-881d-466a-b864-1963d4d3e6c8/test Mozilla/5.0 (Windows NT 10.0; Win64; x64) AppleWebKit/537.36 (KHTML, like Gecko) Chrome/107.0.0.0 Safari/537.36 0.006
127.0.0.1 - - [28/Nov/2022:14:49:18 +0100] GET /keymanager-operations/dcr/register/ZmJuRkdLQVdsRFVyRDRMd2pmQ3FhM3diRkVFYQ%3D%3D HTTP/1.1 200 723 - Apache-HttpClient/4.5.13 (Java/11.0.17) 0.004
0:0:0:0:0:0:0:1 - - [28/Nov/2022:14:49:18 +0100] GET /api/am/devportal/v2/applications/a5a8269a-9117-4a77-b9f9-40f799f44201 HTTP/1.1 200 285 https://localhost:9443/devportal/apis/e902effb-881d-466a-b864-1963d4d3e6c8/test Mozilla/5.0 (Windows NT 10.0; Win64; x64) AppleWebKit/537.36 (KHTML, like Gecko) Chrome/107.0.0.0 Safari/537.36 0.011
127.0.0.1 - - [28/Nov/2022:14:49:18 +0100] GET /keymanager-operations/dcr/register/ZmJuRkdLQVdsRFVyRDRMd2pmQ3FhM3diRkVFYQ%3D%3D HTTP/1.1 200 723 - Apache-HttpClient/4.5.13 (Java/11.0.17) 0.003
0:0:0:0:0:0:0:1 - - [28/Nov/2022:14:49:18 +0100] GET /api/am/devportal/v2/applications/a5a8269a-9117-4a77-b9f9-40f799f44201/oauth-keys HTTP/1.1 200 871 https://localhost:9443/devportal/apis/e902effb-881d-466a-b864-1963d4d3e6c8/test Mozilla/5.0 (Windows NT 10.0; Win64; x64) AppleWebKit/537.36 (KHTML, like Gecko) Chrome/107.0.0.0 Safari/537.36 0.007
0:0:0:0:0:0:0:1 - - [28/Nov/2022:14:49:18 +0100] GET /api/am/devportal/v2/swagger.yaml HTTP/1.1 200 23493 https://localhost:9443/devportal/apis/e902effb-881d-466a-b864-1963d4d3e6c8/test Mozilla/5.0 (Windows NT 10.0; Win64; x64) AppleWebKit/537.36 (KHTML, like Gecko) Chrome/107.0.0.0 Safari/537.36 0.005
0:0:0:0:0:0:0:1 - - [28/Nov/2022:14:49:18 +0100] GET /api/am/devportal/v2/swagger.yaml HTTP/1.1 200 23493 https://localhost:9443/devportal/apis/e902effb-881d-466a-b864-1963d4d3e6c8/test Mozilla/5.0 (Windows NT 10.0; Win64; x64) AppleWebKit/537.36 (KHTML, like Gecko) Chrome/107.0.0.0 Safari/537.36 0.007
127.0.0.1 - - [28/Nov/2022:14:49:18 +0100] GET /keymanager-operations/dcr/register/ZmJuRkdLQVdsRFVyRDRMd2pmQ3FhM3diRkVFYQ%3D%3D HTTP/1.1 200 723 - Apache-HttpClient/4.5.13 (Java/11.0.17) 0.003
0:0:0:0:0:0:0:1 - - [28/Nov/2022:14:49:18 +0100] GET /api/am/devportal/v2/applications/a5a8269a-9117-4a77-b9f9-40f799f44201 HTTP/1.1 200 285 https://localhost:9443/devportal/apis/e902effb-881d-466a-b864-1963d4d3e6c8/test Mozilla/5.0 (Windows NT 10.0; Win64; x64) AppleWebKit/537.36 (KHTML, like Gecko) Chrome/107.0.0.0 Safari/537.36 0.006
127.0.0.1 - - [28/Nov/2022:14:49:18 +0100] GET /keymanager-operations/dcr/register/ZmJuRkdLQVdsRFVyRDRMd2pmQ3FhM3diRkVFYQ%3D%3D HTTP/1.1 200 723 - Apache-HttpClient/4.5.13 (Java/11.0.17) 0.003
0:0:0:0:0:0:0:1 - - [28/Nov/2022:14:49:18 +0100] GET /api/am/devportal/v2/applications/a5a8269a-9117-4a77-b9f9-40f799f44201 HTTP/1.1 200 285 https://localhost:9443/devportal/apis/e902effb-881d-466a-b864-1963d4d3e6c8/test Mozilla/5.0 (Windows NT 10.0; Win64; x64) AppleWebKit/537.36 (KHTML, like Gecko) Chrome/107.0.0.0 Safari/537.36 0.007
127.0.0.1 - - [28/Nov/2022:14:49:18 +0100] GET /keymanager-operations/dcr/register/ZmJuRkdLQVdsRFVyRDRMd2pmQ3FhM3diRkVFYQ%3D%3D HTTP/1.1 200 723 - Apache-HttpClient/4.5.13 (Java/11.0.17) 0.002
0:0:0:0:0:0:0:1 - - [28/Nov/2022:14:49:18 +0100] GET /api/am/devportal/v2/applications/a5a8269a-9117-4a77-b9f9-40f799f44201/oauth-keys HTTP/1.1 200 871 https://localhost:9443/devportal/apis/e902effb-881d-466a-b864-1963d4d3e6c8/test Mozilla/5.0 (Windows NT 10.0; Win64; x64) AppleWebKit/537.36 (KHTML, like Gecko) Chrome/107.0.0.0 Safari/537.36 0.007
127.0.0.1 - - [28/Nov/2022:14:49:18 +0100] GET /keymanager-operations/dcr/register/ZmJuRkdLQVdsRFVyRDRMd2pmQ3FhM3diRkVFYQ%3D%3D HTTP/1.1 200 723 - Apache-HttpClient/4.5.13 (Java/11.0.17) 0.003
0:0:0:0:0:0:0:1 - - [28/Nov/2022:14:49:18 +0100] GET /api/am/devportal/v2/applications/a5a8269a-9117-4a77-b9f9-40f799f44201/oauth-keys HTTP/1.1 200 871 https://localhost:9443/devportal/apis/e902effb-881d-466a-b864-1963d4d3e6c8/test Mozilla/5.0 (Windows NT 10.0; Win64; x64) AppleWebKit/537.36 (KHTML, like Gecko) Chrome/107.0.0.0 Safari/537.36 0.007
0:0:0:0:0:0:0:1 - - [28/Nov/2022:14:49:19 +0100] GET /api/am/devportal/v2/swagger.yaml HTTP/1.1 200 23493 https://localhost:9443/devportal/apis/e902effb-881d-466a-b864-1963d4d3e6c8/test Mozilla/5.0 (Windows NT 10.0; Win64; x64) AppleWebKit/537.36 (KHTML, like Gecko) Chrome/107.0.0.0 Safari/537.36 0.005
127.0.0.1 - - [28/Nov/2022:14:49:19 +0100] GET /keymanager-operations/dcr/register/ZmJuRkdLQVdsRFVyRDRMd2pmQ3FhM3diRkVFYQ%3D%3D HTTP/1.1 200 723 - Apache-HttpClient/4.5.13 (Java/11.0.17) 0.004
0:0:0:0:0:0:0:1 - - [28/Nov/2022:14:49:19 +0100] GET /api/am/devportal/v2/applications/a5a8269a-9117-4a77-b9f9-40f799f44201 HTTP/1.1 200 285 https://localhost:9443/devportal/apis/e902effb-881d-466a-b864-1963d4d3e6c8/test Mozilla/5.0 (Windows NT 10.0; Win64; x64) AppleWebKit/537.36 (KHTML, like Gecko) Chrome/107.0.0.0 Safari/537.36 0.012
127.0.0.1 - - [28/Nov/2022:14:49:19 +0100] GET /keymanager-operations/dcr/register/ZmJuRkdLQVdsRFVyRDRMd2pmQ3FhM3diRkVFYQ%3D%3D HTTP/1.1 200 723 - Apache-HttpClient/4.5.13 (Java/11.0.17) 0.002
0:0:0:0:0:0:0:1 - - [28/Nov/2022:14:49:19 +0100] GET /api/am/devportal/v2/applications/a5a8269a-9117-4a77-b9f9-40f799f44201/oauth-keys HTTP/1.1 200 871 https://localhost:9443/devportal/apis/e902effb-881d-466a-b864-1963d4d3e6c8/test Mozilla/5.0 (Windows NT 10.0; Win64; x64) AppleWebKit/537.36 (KHTML, like Gecko) Chrome/107.0.0.0 Safari/537.36 0.006
127.0.0.1 - - [28/Nov/2022:14:49:19 +0100] GET /keymanager-operations/dcr/register/ZmJuRkdLQVdsRFVyRDRMd2pmQ3FhM3diRkVFYQ%3D%3D HTTP/1.1 200 723 - Apache-HttpClient/4.5.13 (Java/11.0.17) 0.002
127.0.0.1 - - [28/Nov/2022:14:49:19 +0100] GET /keymanager-operations/dcr/register/ZmJuRkdLQVdsRFVyRDRMd2pmQ3FhM3diRkVFYQ%3D%3D HTTP/1.1 200 723 - Apache-HttpClient/4.5.13 (Java/11.0.17) 0.002
127.0.0.1 - - [28/Nov/2022:14:49:19 +0100] POST /oauth2/token HTTP/1.1 200 1022 - Apache-HttpClient/4.5.13 (Java/11.0.17) 0.008
0:0:0:0:0:0:0:1 - - [28/Nov/2022:14:49:19 +0100] POST /api/am/devportal/v2/applications/a5a8269a-9117-4a77-b9f9-40f799f44201/oauth-keys/2faa7b32-b376-4e7c-a0b2-4a83e098891b/generate-token HTTP/1.1 200 1009 https://localhost:9443/devportal/apis/e902effb-881d-466a-b864-1963d4d3e6c8/test Mozilla/5.0 (Windows NT 10.0; Win64; x64) AppleWebKit/537.36 (KHTML, like Gecko) Chrome/107.0.0.0 Safari/537.36 0.036
127.0.0.1 - - [28/Nov/2022:14:49:19 +0100] POST /internal/data/v1/notify HTTP/1.1 200 - - Apache-HttpClient/4.5.13 (Java/11.0.17) 0.004
127.0.0.1 - - [28/Nov/2022:14:49:26 +0100] GET /oauth2/jwks HTTP/1.1 200 511 - Apache-HttpClient/4.5.13 (Java/11.0.17) 0.035
0:0:0:0:0:0:0:1 - - [28/Nov/2022:14:50:46 +0100] - 400 - - - 0.000
0:0:0:0:0:0:0:1 - - [28/Nov/2022:14:50:46 +0100] POST /api/am/publisher/v3/apis/validate-endpoint?endpointUrl=https%3A%2F%2Fpro-cycling-stats.p.rapidapi.com%3Frapidapi-key%3Db4668bac87msh2a3c1e85214b225p1d939djsn7bef2a7b9c27&apiId=e902effb-881d-466a-b864-1963d4d3e6c8 HTTP/1.1 200 59 https://localhost:9443/publisher/apis/e902effb-881d-466a-b864-1963d4d3e6c8/endpoints Mozilla/5.0 (Windows NT 10.0; Win64; x64) AppleWebKit/537.36 (KHTML, like Gecko) Chrome/107.0.0.0 Safari/537.36 0.218
0:0:0:0:0:0:0:1 - - [28/Nov/2022:14:51:33 +0100] POST /api/am/publisher/v3/apis/validate-endpoint?endpointUrl=https%3A%2F%2Fpro-cycling-stats.p.rapidapi.com%3Frapidapi-key%3Db4668bac87msh2a3c1e85214b225p1d939djsn7bef2a7b9c27&apiId=e902effb-881d-466a-b864-1963d4d3e6c8 HTTP/1.1 200 59 https://localhost:9443/publisher/apis/e902effb-881d-466a-b864-1963d4d3e6c8/endpoints Mozilla/5.0 (Windows NT 10.0; Win64; x64) AppleWebKit/537.36 (KHTML, like Gecko) Chrome/107.0.0.0 Safari/537.36 0.142
0:0:0:0:0:0:0:1 - - [28/Nov/2022:14:52:12 +0100] POST /api/am/publisher/v3/apis/validate-endpoint?endpointUrl=https%3A%2F%2Fpro-cycling-stats.p.rapidapi.com%3Frapidapi-key%3Db4668bac87msh2a3c1e85214b225p1d939djsn7bef2a7b9c27&apiId=e902effb-881d-466a-b864-1963d4d3e6c8 HTTP/1.1 200 59 https://localhost:9443/publisher/apis/e902effb-881d-466a-b864-1963d4d3e6c8/endpoints Mozilla/5.0 (Windows NT 10.0; Win64; x64) AppleWebKit/537.36 (KHTML, like Gecko) Chrome/107.0.0.0 Safari/537.36 0.131
0:0:0:0:0:0:0:1 - - [28/Nov/2022:14:57:50 +0100] - 400 - - - 0.000
0:0:0:0:0:0:0:1 - - [28/Nov/2022:14:57:51 +0100] POST /api/am/publisher/v3/apis/validate-endpoint?endpointUrl=https%3A%2F%2Fpro-cycling-stats.p.rapidapi.com%3Frapidapi-key%3Db4668bac87msh2a3c1e85214b225p1d939djsn7bef2a7b9c27&apiId=e902effb-881d-466a-b864-1963d4d3e6c8 HTTP/1.1 200 59 https://localhost:9443/publisher/apis/e902effb-881d-466a-b864-1963d4d3e6c8/endpoints Mozilla/5.0 (Windows NT 10.0; Win64; x64) AppleWebKit/537.36 (KHTML, like Gecko) Chrome/107.0.0.0 Safari/537.36 0.233
0:0:0:0:0:0:0:1 - - [28/Nov/2022:14:57:52 +0100] POST /api/am/publisher/v3/apis/validate-endpoint?endpointUrl=https%3A%2F%2Fpro-cycling-stats.p.rapidapi.com%3Frapidapi-key%3Db4668bac87msh2a3c1e85214b225p1d939djsn7bef2a7b9c27&apiId=e902effb-881d-466a-b864-1963d4d3e6c8 HTTP/1.1 200 59 https://localhost:9443/publisher/apis/e902effb-881d-466a-b864-1963d4d3e6c8/endpoints Mozilla/5.0 (Windows NT 10.0; Win64; x64) AppleWebKit/537.36 (KHTML, like Gecko) Chrome/107.0.0.0 Safari/537.36 0.111
0:0:0:0:0:0:0:1 - - [28/Nov/2022:14:59:23 +0100] - 400 - - - 0.000
0:0:0:0:0:0:0:1 - - [28/Nov/2022:14:59:23 +0100] POST /api/am/publisher/v3/apis/validate-endpoint?endpointUrl=https%3A%2F%2Fpro-cycling-stats.p.rapidapi.com%3Frapidapi-key%3Db4668bac87msh2a3c1e85214b225p1d939djsn7bef2a7b9c27&apiId=e902effb-881d-466a-b864-1963d4d3e6c8 HTTP/1.1 200 59 https://localhost:9443/publisher/apis/e902effb-881d-466a-b864-1963d4d3e6c8/endpoints Mozilla/5.0 (Windows NT 10.0; Win64; x64) AppleWebKit/537.36 (KHTML, like Gecko) Chrome/107.0.0.0 Safari/537.36 0.144
0:0:0:0:0:0:0:1 - - [28/Nov/2022:14:59:36 +0100] GET /api/am/service-catalog/v1/oas.yaml HTTP/1.1 200 5812 https://localhost:9443/publisher/apis/e902effb-881d-466a-b864-1963d4d3e6c8/endpoints Mozilla/5.0 (Windows NT 10.0; Win64; x64) AppleWebKit/537.36 (KHTML, like Gecko) Chrome/107.0.0.0 Safari/537.36 0.002
0:0:0:0:0:0:0:1 - - [28/Nov/2022:14:59:36 +0100] GET /api/am/service-catalog/v1/services HTTP/1.1 200 82 https://localhost:9443/publisher/apis/e902effb-881d-466a-b864-1963d4d3e6c8/endpoints Mozilla/5.0 (Windows NT 10.0; Win64; x64) AppleWebKit/537.36 (KHTML, like Gecko) Chrome/107.0.0.0 Safari/537.36 0.117
0:0:0:0:0:0:0:1 - - [28/Nov/2022:14:59:36 +0100] GET /api/am/service-catalog/v1/services HTTP/1.1 200 82 https://localhost:9443/publisher/apis/e902effb-881d-466a-b864-1963d4d3e6c8/endpoints Mozilla/5.0 (Windows NT 10.0; Win64; x64) AppleWebKit/537.36 (KHTML, like Gecko) Chrome/107.0.0.0 Safari/537.36 0.004
0:0:0:0:0:0:0:1 - - [28/Nov/2022:14:59:37 +0100] GET /api/am/service-catalog/v1/services HTTP/1.1 200 82 https://localhost:9443/publisher/apis/e902effb-881d-466a-b864-1963d4d3e6c8/endpoints Mozilla/5.0 (Windows NT 10.0; Win64; x64) AppleWebKit/537.36 (KHTML, like Gecko) Chrome/107.0.0.0 Safari/537.36 0.003
0:0:0:0:0:0:0:1 - - [28/Nov/2022:14:59:37 +0100] GET /api/am/service-catalog/v1/services HTTP/1.1 200 82 https://localhost:9443/publisher/apis/e902effb-881d-466a-b864-1963d4d3e6c8/endpoints Mozilla/5.0 (Windows NT 10.0; Win64; x64) AppleWebKit/537.36 (KHTML, like Gecko) Chrome/107.0.0.0 Safari/537.36 0.004
0:0:0:0:0:0:0:1 - - [28/Nov/2022:14:59:38 +0100] GET /api/am/service-catalog/v1/services HTTP/1.1 200 82 https://localhost:9443/publisher/apis/e902effb-881d-466a-b864-1963d4d3e6c8/endpoints Mozilla/5.0 (Windows NT 10.0; Win64; x64) AppleWebKit/537.36 (KHTML, like Gecko) Chrome/107.0.0.0 Safari/537.36 0.004
0:0:0:0:0:0:0:1 - - [28/Nov/2022:14:59:38 +0100] GET /api/am/service-catalog/v1/services HTTP/1.1 200 82 https://localhost:9443/publisher/apis/e902effb-881d-466a-b864-1963d4d3e6c8/endpoints Mozilla/5.0 (Windows NT 10.0; Win64; x64) AppleWebKit/537.36 (KHTML, like Gecko) Chrome/107.0.0.0 Safari/537.36 0.005
0:0:0:0:0:0:0:1 - - [28/Nov/2022:15:00:03 +0100] POST /api/am/publisher/v3/apis/validate-endpoint?endpointUrl=https%3A%2F%2Fpro-cycling-stats.p.rapidapi.com%3Frapidapi-key%3Db4668bac87msh2a3c1e85214b225p1d939djsn7bef2a7b9c27&apiId=e902effb-881d-466a-b864-1963d4d3e6c8 HTTP/1.1 200 59 https://localhost:9443/publisher/apis/e902effb-881d-466a-b864-1963d4d3e6c8/endpoints Mozilla/5.0 (Windows NT 10.0; Win64; x64) AppleWebKit/537.36 (KHTML, like Gecko) Chrome/107.0.0.0 Safari/537.36 0.167
0:0:0:0:0:0:0:1 - - [28/Nov/2022:15:00:04 +0100] POST /api/am/publisher/v3/apis/validate-endpoint?endpointUrl=https%3A%2F%2Fpro-cycling-stats.p.rapidapi.com%3Frapidapi-key%3Db4668bac87msh2a3c1e85214b225p1d939djsn7bef2a7b9c27&apiId=e902effb-881d-466a-b864-1963d4d3e6c8 HTTP/1.1 200 59 https://localhost:9443/publisher/apis/e902effb-881d-466a-b864-1963d4d3e6c8/endpoints Mozilla/5.0 (Windows NT 10.0; Win64; x64) AppleWebKit/537.36 (KHTML, like Gecko) Chrome/107.0.0.0 Safari/537.36 0.118
0:0:0:0:0:0:0:1 - - [28/Nov/2022:15:00:23 +0100] POST /api/am/publisher/v3/apis/validate-endpoint?endpointUrl=https%3A%2F%2Fpro-cycling-stats.p.rapidapi.com%2Friders%3Frapidapi-key%3Db4668bac87msh2a3c1e85214b225p1d939djsn7bef2a7b9c27&apiId=e902effb-881d-466a-b864-1963d4d3e6c8 HTTP/1.1 200 59 https://localhost:9443/publisher/apis/e902effb-881d-466a-b864-1963d4d3e6c8/endpoints Mozilla/5.0 (Windows NT 10.0; Win64; x64) AppleWebKit/537.36 (KHTML, like Gecko) Chrome/107.0.0.0 Safari/537.36 0.111
0:0:0:0:0:0:0:1 - - [28/Nov/2022:15:01:43 +0100] - 400 - - - 0.000
0:0:0:0:0:0:0:1 - - [28/Nov/2022:15:01:43 +0100] PUT /api/am/publisher/v3/apis/e902effb-881d-466a-b864-1963d4d3e6c8 HTTP/1.1 200 1191 https://localhost:9443/publisher/apis/e902effb-881d-466a-b864-1963d4d3e6c8/endpoints Mozilla/5.0 (Windows NT 10.0; Win64; x64) AppleWebKit/537.36 (KHTML, like Gecko) Chrome/107.0.0.0 Safari/537.36 0.260
0:0:0:0:0:0:0:1 - - [28/Nov/2022:15:01:43 +0100] - 400 - - - 0.000
0:0:0:0:0:0:0:1 - - [28/Nov/2022:15:01:43 +0100] GET /api/am/publisher/v3/endpoint-certificates?endpoint=https%3A%2F%2Fpro-cycling-stats.p.rapidapi.com HTTP/1.1 200 100 https://localhost:9443/publisher/apis/e902effb-881d-466a-b864-1963d4d3e6c8/endpoints Mozilla/5.0 (Windows NT 10.0; Win64; x64) AppleWebKit/537.36 (KHTML, like Gecko) Chrome/107.0.0.0 Safari/537.36 0.010
0:0:0:0:0:0:0:1 - - [28/Nov/2022:15:01:43 +0100] GET /api/am/publisher/v3/apis/e902effb-881d-466a-b864-1963d4d3e6c8/swagger HTTP/1.1 200 674 https://localhost:9443/publisher/apis/e902effb-881d-466a-b864-1963d4d3e6c8/endpoints Mozilla/5.0 (Windows NT 10.0; Win64; x64) AppleWebKit/537.36 (KHTML, like Gecko) Chrome/107.0.0.0 Safari/537.36 0.042
127.0.0.1 - - [28/Nov/2022:15:01:49 +0100] GET /internal/data/v1/apis?context=/cycling_stats/1.0&version=1.0&gatewayLabel=Default HTTP/1.1 200 789 - Apache-HttpClient/4.5.13 (Java/11.0.17) 0.005
0:0:0:0:0:0:0:1 - - [28/Nov/2022:15:01:54 +0100] GET /api/am/publisher/v3/apis/e902effb-881d-466a-b864-1963d4d3e6c8/revisions?query=deployed%3Atrue HTTP/1.1 200 404 https://localhost:9443/publisher/apis/e902effb-881d-466a-b864-1963d4d3e6c8/overview Mozilla/5.0 (Windows NT 10.0; Win64; x64) AppleWebKit/537.36 (KHTML, like Gecko) Chrome/107.0.0.0 Safari/537.36 0.006
0:0:0:0:0:0:0:1 - - [28/Nov/2022:15:01:54 +0100] GET /api/am/publisher/v3/apis/e902effb-881d-466a-b864-1963d4d3e6c8/swagger HTTP/1.1 200 674 https://localhost:9443/publisher/apis/e902effb-881d-466a-b864-1963d4d3e6c8/overview Mozilla/5.0 (Windows NT 10.0; Win64; x64) AppleWebKit/537.36 (KHTML, like Gecko) Chrome/107.0.0.0 Safari/537.36 0.012
0:0:0:0:0:0:0:1 - - [28/Nov/2022:15:02:00 +0100] - 400 - - - 0.000
0:0:0:0:0:0:0:1 - - [28/Nov/2022:15:02:00 +0100] GET /api/am/publisher/v3/tenants?state=ACTIVE HTTP/1.1 200 96 https://localhost:9443/publisher/apis/e902effb-881d-466a-b864-1963d4d3e6c8/configuration Mozilla/5.0 (Windows NT 10.0; Win64; x64) AppleWebKit/537.36 (KHTML, like Gecko) Chrome/107.0.0.0 Safari/537.36 0.006
0:0:0:0:0:0:0:1 - - [28/Nov/2022:15:02:00 +0100] GET /api/am/publisher/v3/api-categories HTTP/1.1 200 21 https://localhost:9443/publisher/apis/e902effb-881d-466a-b864-1963d4d3e6c8/configuration Mozilla/5.0 (Windows NT 10.0; Win64; x64) AppleWebKit/537.36 (KHTML, like Gecko) Chrome/107.0.0.0 Safari/537.36 0.006
0:0:0:0:0:0:0:1 - - [28/Nov/2022:15:02:00 +0100] GET /api/am/publisher/v3/apis/e902effb-881d-466a-b864-1963d4d3e6c8/documents?limit=1000 HTTP/1.1 200 94 https://localhost:9443/publisher/apis/e902effb-881d-466a-b864-1963d4d3e6c8/configuration Mozilla/5.0 (Windows NT 10.0; Win64; x64) AppleWebKit/537.36 (KHTML, like Gecko) Chrome/107.0.0.0 Safari/537.36 0.005
0:0:0:0:0:0:0:1 - - [28/Nov/2022:15:02:12 +0100] GET /api/am/publisher/v3/tenants?state=ACTIVE HTTP/1.1 200 96 https://localhost:9443/publisher/apis/e902effb-881d-466a-b864-1963d4d3e6c8/configuration Mozilla/5.0 (Windows NT 10.0; Win64; x64) AppleWebKit/537.36 (KHTML, like Gecko) Chrome/107.0.0.0 Safari/537.36 0.003
0:0:0:0:0:0:0:1 - - [28/Nov/2022:15:02:12 +0100] GET /api/am/publisher/v3/api-categories HTTP/1.1 200 21 https://localhost:9443/publisher/apis/e902effb-881d-466a-b864-1963d4d3e6c8/configuration Mozilla/5.0 (Windows NT 10.0; Win64; x64) AppleWebKit/537.36 (KHTML, like Gecko) Chrome/107.0.0.0 Safari/537.36 0.003
0:0:0:0:0:0:0:1 - - [28/Nov/2022:15:02:12 +0100] GET /api/am/publisher/v3/apis/e902effb-881d-466a-b864-1963d4d3e6c8/documents?limit=1000 HTTP/1.1 200 94 https://localhost:9443/publisher/apis/e902effb-881d-466a-b864-1963d4d3e6c8/configuration Mozilla/5.0 (Windows NT 10.0; Win64; x64) AppleWebKit/537.36 (KHTML, like Gecko) Chrome/107.0.0.0 Safari/537.36 0.007
0:0:0:0:0:0:0:1 - - [28/Nov/2022:15:02:15 +0100] GET /api/am/publisher/v3/tenants?state=ACTIVE HTTP/1.1 200 96 https://localhost:9443/publisher/apis/e902effb-881d-466a-b864-1963d4d3e6c8/subscriptions Mozilla/5.0 (Windows NT 10.0; Win64; x64) AppleWebKit/537.36 (KHTML, like Gecko) Chrome/107.0.0.0 Safari/537.36 0.002
0:0:0:0:0:0:0:1 - - [28/Nov/2022:15:02:15 +0100] GET /api/am/publisher/v3/subscriptions?apiId=e902effb-881d-466a-b864-1963d4d3e6c8 HTTP/1.1 200 644 https://localhost:9443/publisher/apis/e902effb-881d-466a-b864-1963d4d3e6c8/subscriptions Mozilla/5.0 (Windows NT 10.0; Win64; x64) AppleWebKit/537.36 (KHTML, like Gecko) Chrome/107.0.0.0 Safari/537.36 0.008
0:0:0:0:0:0:0:1 - - [28/Nov/2022:15:02:15 +0100] - 400 - - - 0.000
0:0:0:0:0:0:0:1 - - [28/Nov/2022:15:02:15 +0100] GET /api/am/publisher/v3/subscriptions?apiId=e902effb-881d-466a-b864-1963d4d3e6c8&limit=5&offset=0 HTTP/1.1 200 643 https://localhost:9443/publisher/apis/e902effb-881d-466a-b864-1963d4d3e6c8/subscriptions Mozilla/5.0 (Windows NT 10.0; Win64; x64) AppleWebKit/537.36 (KHTML, like Gecko) Chrome/107.0.0.0 Safari/537.36 0.006
0:0:0:0:0:0:0:1 - - [28/Nov/2022:15:02:15 +0100] GET /api/am/publisher/v3/throttling-policies/subscription HTTP/1.1 200 407 https://localhost:9443/publisher/apis/e902effb-881d-466a-b864-1963d4d3e6c8/subscriptions Mozilla/5.0 (Windows NT 10.0; Win64; x64) AppleWebKit/537.36 (KHTML, like Gecko) Chrome/107.0.0.0 Safari/537.36 0.007
0:0:0:0:0:0:0:1 - - [28/Nov/2022:15:02:15 +0100] GET /api/am/publisher/v3/apis/e902effb-881d-466a-b864-1963d4d3e6c8/subscription-policies HTTP/1.1 200 404 https://localhost:9443/publisher/apis/e902effb-881d-466a-b864-1963d4d3e6c8/subscriptions Mozilla/5.0 (Windows NT 10.0; Win64; x64) AppleWebKit/537.36 (KHTML, like Gecko) Chrome/107.0.0.0 Safari/537.36 0.009
0:0:0:0:0:0:0:1 - - [28/Nov/2022:15:02:15 +0100] GET /api/am/publisher/v3/apis/e902effb-881d-466a-b864-1963d4d3e6c8/monetization HTTP/1.1 200 33 https://localhost:9443/publisher/apis/e902effb-881d-466a-b864-1963d4d3e6c8/subscriptions Mozilla/5.0 (Windows NT 10.0; Win64; x64) AppleWebKit/537.36 (KHTML, like Gecko) Chrome/107.0.0.0 Safari/537.36 0.017
0:0:0:0:0:0:0:1 - - [28/Nov/2022:15:02:15 +0100] GET /api/am/publisher/v3/subscriptions/e915f00b-8050-40de-993a-a8d4d59d7dc5/subscriber-info HTTP/1.1 200 332 https://localhost:9443/publisher/apis/e902effb-881d-466a-b864-1963d4d3e6c8/subscriptions Mozilla/5.0 (Windows NT 10.0; Win64; x64) AppleWebKit/537.36 (KHTML, like Gecko) Chrome/107.0.0.0 Safari/537.36 0.008
0:0:0:0:0:0:0:1 - - [28/Nov/2022:15:02:15 +0100] GET /api/am/publisher/v3/subscriptions/56e48637-ffe0-4852-a59a-9ac39077d031/subscriber-info HTTP/1.1 200 332 https://localhost:9443/publisher/apis/e902effb-881d-466a-b864-1963d4d3e6c8/subscriptions Mozilla/5.0 (Windows NT 10.0; Win64; x64) AppleWebKit/537.36 (KHTML, like Gecko) Chrome/107.0.0.0 Safari/537.36 0.007
0:0:0:0:0:0:0:1 - - [28/Nov/2022:15:02:18 +0100] GET /api/am/publisher/v3/apis/e902effb-881d-466a-b864-1963d4d3e6c8/documents?limit=1000 HTTP/1.1 200 94 https://localhost:9443/publisher/apis/e902effb-881d-466a-b864-1963d4d3e6c8/documents Mozilla/5.0 (Windows NT 10.0; Win64; x64) AppleWebKit/537.36 (KHTML, like Gecko) Chrome/107.0.0.0 Safari/537.36 0.007
0:0:0:0:0:0:0:1 - - [28/Nov/2022:15:02:20 +0100] GET /api/am/publisher/v3/apis/e902effb-881d-466a-b864-1963d4d3e6c8/comments?limit=5&offset=0 HTTP/1.1 200 101 https://localhost:9443/publisher/apis/e902effb-881d-466a-b864-1963d4d3e6c8/comments Mozilla/5.0 (Windows NT 10.0; Win64; x64) AppleWebKit/537.36 (KHTML, like Gecko) Chrome/107.0.0.0 Safari/537.36 0.014
0:0:0:0:0:0:0:1 - - [28/Nov/2022:15:02:21 +0100] GET /api/am/publisher/v3/apis/e902effb-881d-466a-b864-1963d4d3e6c8/client-certificates HTTP/1.1 200 104 https://localhost:9443/publisher/apis/e902effb-881d-466a-b864-1963d4d3e6c8/runtime-configuration Mozilla/5.0 (Windows NT 10.0; Win64; x64) AppleWebKit/537.36 (KHTML, like Gecko) Chrome/107.0.0.0 Safari/537.36 0.003
127.0.0.1 - - [28/Nov/2022:15:02:21 +0100] GET /oauth2/token/.well-known/openid-configuration HTTP/1.1 200 2245 - Apache-HttpClient/4.5.13 (Java/11.0.17) 0.004
0:0:0:0:0:0:0:1 - - [28/Nov/2022:15:02:21 +0100] GET /api/am/publisher/v3/key-managers HTTP/1.1 200 218 https://localhost:9443/publisher/apis/e902effb-881d-466a-b864-1963d4d3e6c8/runtime-configuration Mozilla/5.0 (Windows NT 10.0; Win64; x64) AppleWebKit/537.36 (KHTML, like Gecko) Chrome/107.0.0.0 Safari/537.36 0.019
127.0.0.1 - - [28/Nov/2022:15:02:21 +0100] GET /oauth2/token/.well-known/openid-configuration HTTP/1.1 200 2245 - Apache-HttpClient/4.5.13 (Java/11.0.17) 0.003
0:0:0:0:0:0:0:1 - - [28/Nov/2022:15:02:21 +0100] GET /api/am/publisher/v3/key-managers HTTP/1.1 200 218 https://localhost:9443/publisher/apis/e902effb-881d-466a-b864-1963d4d3e6c8/runtime-configuration Mozilla/5.0 (Windows NT 10.0; Win64; x64) AppleWebKit/537.36 (KHTML, like Gecko) Chrome/107.0.0.0 Safari/537.36 0.022
0:0:0:0:0:0:0:1 - - [28/Nov/2022:15:02:22 +0100] GET /api/am/publisher/v3/apis/e902effb-881d-466a-b864-1963d4d3e6c8/swagger HTTP/1.1 200 674 https://localhost:9443/publisher/apis/e902effb-881d-466a-b864-1963d4d3e6c8/resources Mozilla/5.0 (Windows NT 10.0; Win64; x64) AppleWebKit/537.36 (KHTML, like Gecko) Chrome/107.0.0.0 Safari/537.36 0.009
0:0:0:0:0:0:0:1 - - [28/Nov/2022:15:02:22 +0100] GET /api/am/publisher/v3/scopes HTTP/1.1 200 92 https://localhost:9443/publisher/apis/e902effb-881d-466a-b864-1963d4d3e6c8/resources Mozilla/5.0 (Windows NT 10.0; Win64; x64) AppleWebKit/537.36 (KHTML, like Gecko) Chrome/107.0.0.0 Safari/537.36 0.003
0:0:0:0:0:0:0:1 - - [28/Nov/2022:15:02:22 +0100] GET /api/am/publisher/v3/throttling-policies/api?limit=80 HTTP/1.1 200 395 https://localhost:9443/publisher/apis/e902effb-881d-466a-b864-1963d4d3e6c8/resources Mozilla/5.0 (Windows NT 10.0; Win64; x64) AppleWebKit/537.36 (KHTML, like Gecko) Chrome/107.0.0.0 Safari/537.36 0.004
0:0:0:0:0:0:0:1 - - [28/Nov/2022:15:02:22 +0100] GET /api/am/publisher/v3/apis/e902effb-881d-466a-b864-1963d4d3e6c8/amznResourceNames HTTP/1.1 204 - https://localhost:9443/publisher/apis/e902effb-881d-466a-b864-1963d4d3e6c8/resources Mozilla/5.0 (Windows NT 10.0; Win64; x64) AppleWebKit/537.36 (KHTML, like Gecko) Chrome/107.0.0.0 Safari/537.36 0.009
0:0:0:0:0:0:0:1 - - [28/Nov/2022:15:02:26 +0100] GET /api/am/publisher/v3/apis/e902effb-881d-466a-b864-1963d4d3e6c8/swagger HTTP/1.1 200 674 https://localhost:9443/publisher/apis/e902effb-881d-466a-b864-1963d4d3e6c8/api%20definition Mozilla/5.0 (Windows NT 10.0; Win64; x64) AppleWebKit/537.36 (KHTML, like Gecko) Chrome/107.0.0.0 Safari/537.36 0.011
0:0:0:0:0:0:0:1 - - [28/Nov/2022:15:02:26 +0100] GET /publisher/site/public/dist/editor.worker.js HTTP/1.1 200 1068 https://localhost:9443/publisher/apis/e902effb-881d-466a-b864-1963d4d3e6c8/api%20definition Mozilla/5.0 (Windows NT 10.0; Win64; x64) AppleWebKit/537.36 (KHTML, like Gecko) Chrome/107.0.0.0 Safari/537.36 0.002
0:0:0:0:0:0:0:1 - - [28/Nov/2022:15:04:37 +0100] - 400 - - - 0.000
