- 0:0:0:0:0:0:0:1  - [28/Nov/2022:14:09:50.142 +0100] "- - " 200 - "-" "-"
- 0:0:0:0:0:0:0:1 - - [28/Nov/2022:14:09:50.142 +0100] "GET / HTTP/1.1" - - "-" "Mozilla/5.0 (Windows NT 10.0; Win64; x64) AppleWebKit/537.36 (KHTML, like Gecko) Chrome/107.0.0.0 Safari/537.36"
- 0:0:0:0:0:0:0:1  - [28/Nov/2022:14:09:50.388 +0100] "- - " 301 - "-" "-"
- 0:0:0:0:0:0:0:1 - - [28/Nov/2022:14:09:50.142 +0100] "GET /favicon.ico HTTP/1.1" - - "https://localhost:8243/" "Mozilla/5.0 (Windows NT 10.0; Win64; x64) AppleWebKit/537.36 (KHTML, like Gecko) Chrome/107.0.0.0 Safari/537.36"
- 0:0:0:0:0:0:0:1  - [28/Nov/2022:14:35:31.213 +0100] "- - " 200 - "-" "-"
- 0:0:0:0:0:0:0:1 - - [28/Nov/2022:14:35:31.213 +0100] "OPTIONS /cycling_stats/1.0/riders HTTP/1.1" - - "https://localhost:9443/" "Mozilla/5.0 (Windows NT 10.0; Win64; x64) AppleWebKit/537.36 (KHTML, like Gecko) Chrome/107.0.0.0 Safari/537.36"
- 18.197.38.132  - [28/Nov/2022:14:35:31.581 +0100] "- - " 401 - "-" "-"
- 0:0:0:0:0:0:0:1 - - [28/Nov/2022:14:35:31.213 +0100] "GET /cycling_stats/1.0/riders HTTP/1.1" - - "https://localhost:9443/" "Mozilla/5.0 (Windows NT 10.0; Win64; x64) AppleWebKit/537.36 (KHTML, like Gecko) Chrome/107.0.0.0 Safari/537.36"
- 0:0:0:0:0:0:0:1  - [28/Nov/2022:14:35:31.213 +0100] "- - " 401 - "-" "-"
- 18.197.38.132 - - [28/Nov/2022:14:35:31.581 +0100] "GET /riders HTTP/1.1" - - "https://localhost:9443/" "Synapse-PT-HttpComponents-NIO"
- 0:0:0:0:0:0:0:1 - - [28/Nov/2022:14:40:06.806 +0100] "OPTIONS /cycling_stats/1.0/riders HTTP/1.1" - - "https://localhost:9443/" "Mozilla/5.0 (Windows NT 10.0; Win64; x64) AppleWebKit/537.36 (KHTML, like Gecko) Chrome/107.0.0.0 Safari/537.36"
- 0:0:0:0:0:0:0:1  - [28/Nov/2022:14:40:06.806 +0100] "- - " 200 - "-" "-"
- 0:0:0:0:0:0:0:1 - - [28/Nov/2022:14:40:06.806 +0100] "GET /cycling_stats/1.0/riders HTTP/1.1" - - "https://localhost:9443/" "Mozilla/5.0 (Windows NT 10.0; Win64; x64) AppleWebKit/537.36 (KHTML, like Gecko) Chrome/107.0.0.0 Safari/537.36"
- 18.197.38.132 - - [28/Nov/2022:14:40:06.967 +0100] "GET /riders HTTP/1.1" - - "https://localhost:9443/" "Synapse-PT-HttpComponents-NIO"
- 18.197.38.132  - [28/Nov/2022:14:40:06.967 +0100] "- - " 401 - "-" "-"
- 0:0:0:0:0:0:0:1  - [28/Nov/2022:14:40:06.806 +0100] "- - " 401 - "-" "-"
- 0:0:0:0:0:0:0:1 - - [28/Nov/2022:14:49:26.676 +0100] "OPTIONS /cycling_stats/1.0/riders HTTP/1.1" - - "https://localhost:9443/" "Mozilla/5.0 (Windows NT 10.0; Win64; x64) AppleWebKit/537.36 (KHTML, like Gecko) Chrome/107.0.0.0 Safari/537.36"
- 0:0:0:0:0:0:0:1  - [28/Nov/2022:14:49:26.676 +0100] "- - " 200 - "-" "-"
- 0:0:0:0:0:0:0:1 - - [28/Nov/2022:14:49:26.676 +0100] "GET /cycling_stats/1.0/riders HTTP/1.1" - - "https://localhost:9443/" "Mozilla/5.0 (Windows NT 10.0; Win64; x64) AppleWebKit/537.36 (KHTML, like Gecko) Chrome/107.0.0.0 Safari/537.36"
- 18.197.38.132  - [28/Nov/2022:14:49:26.886 +0100] "- - " 401 - "-" "-"
- 18.197.38.132 - - [28/Nov/2022:14:49:26.886 +0100] "GET /riders HTTP/1.1" - - "https://localhost:9443/" "Synapse-PT-HttpComponents-NIO"
- 0:0:0:0:0:0:0:1  - [28/Nov/2022:14:49:26.676 +0100] "- - " 401 - "-" "-"
- 0:0:0:0:0:0:0:1 - - [28/Nov/2022:16:59:53.190 +0100] "OPTIONS /cycling_stats/1.0/riders HTTP/1.1" - - "https://localhost:9443/" "Mozilla/5.0 (Windows NT 10.0; Win64; x64) AppleWebKit/537.36 (KHTML, like Gecko) Chrome/107.0.0.0 Safari/537.36"
- 0:0:0:0:0:0:0:1  - [28/Nov/2022:16:59:53.190 +0100] "- - " 200 - "-" "-"
- 0:0:0:0:0:0:0:1 - - [28/Nov/2022:17:02:52.215 +0100] "OPTIONS /cycling_stats/1.0/riders HTTP/1.1" - - "https://localhost:9443/" "Mozilla/5.0 (Windows NT 10.0; Win64; x64) AppleWebKit/537.36 (KHTML, like Gecko) Chrome/107.0.0.0 Safari/537.36"
- 0:0:0:0:0:0:0:1  - [28/Nov/2022:17:02:52.215 +0100] "- - " 200 - "-" "-"
- 0:0:0:0:0:0:0:1  - [28/Nov/2022:17:05:54.643 +0100] "- - " 200 - "-" "-"
- 0:0:0:0:0:0:0:1  - [28/Nov/2022:17:05:54.643 +0100] "- - " 200 - "-" "-"
- 0:0:0:0:0:0:0:1 - - [28/Nov/2022:17:05:54.643 +0100] "OPTIONS /cycling_stats/1.0/riders HTTP/1.1" - - "https://localhost:9443/" "Mozilla/5.0 (Windows NT 10.0; Win64; x64) AppleWebKit/537.36 (KHTML, like Gecko) Chrome/107.0.0.0 Safari/537.36"
- 0:0:0:0:0:0:0:1  - [28/Nov/2022:17:05:56.403 +0100] "- - " 200 - "-" "-"
- 0:0:0:0:0:0:0:1 - - [28/Nov/2022:17:05:54.643 +0100] "OPTIONS /cycling_stats/1.0/riders HTTP/1.1" - - "https://localhost:9443/" "Mozilla/5.0 (Windows NT 10.0; Win64; x64) AppleWebKit/537.36 (KHTML, like Gecko) Chrome/107.0.0.0 Safari/537.36"
- 0:0:0:0:0:0:0:1 - - [28/Nov/2022:17:05:56.403 +0100] "OPTIONS /cycling_stats/1.0/riders HTTP/1.1" - - "https://localhost:9443/" "Mozilla/5.0 (Windows NT 10.0; Win64; x64) AppleWebKit/537.36 (KHTML, like Gecko) Chrome/107.0.0.0 Safari/537.36"
- 0:0:0:0:0:0:0:1  - [28/Nov/2022:21:44:25.183 +0100] "- - " 200 - "-" "-"
- 0:0:0:0:0:0:0:1 - - [28/Nov/2022:21:44:25.183 +0100] "OPTIONS /cycling_stats/1.0/riders HTTP/1.1" - - "https://localhost:9443/" "Mozilla/5.0 (Windows NT 10.0; Win64; x64) AppleWebKit/537.36 (KHTML, like Gecko) Chrome/107.0.0.0 Safari/537.36"
- 18.197.38.132  - [28/Nov/2022:21:44:25.623 +0100] "- - " 401 - "-" "-"
- 0:0:0:0:0:0:0:1 - - [28/Nov/2022:21:44:25.183 +0100] "GET /cycling_stats/1.0/riders HTTP/1.1" - - "https://localhost:9443/" "Mozilla/5.0 (Windows NT 10.0; Win64; x64) AppleWebKit/537.36 (KHTML, like Gecko) Chrome/107.0.0.0 Safari/537.36"
- 0:0:0:0:0:0:0:1  - [28/Nov/2022:21:44:25.183 +0100] "- - " 401 - "-" "-"
- 18.197.38.132 - - [28/Nov/2022:21:44:25.623 +0100] "GET /riders HTTP/1.1" - - "https://localhost:9443/" "Synapse-PT-HttpComponents-NIO"
- 0:0:0:0:0:0:0:1 - - [28/Nov/2022:21:46:08.028 +0100] "OPTIONS /cycling_stats/1.0/riders HTTP/1.1" - - "https://localhost:9443/" "Mozilla/5.0 (Windows NT 10.0; Win64; x64) AppleWebKit/537.36 (KHTML, like Gecko) Chrome/107.0.0.0 Safari/537.36"
- 0:0:0:0:0:0:0:1  - [28/Nov/2022:21:46:08.028 +0100] "- - " 200 - "-" "-"
- 0:0:0:0:0:0:0:1 - - [28/Nov/2022:21:46:08.028 +0100] "GET /cycling_stats/1.0/riders HTTP/1.1" - - "https://localhost:9443/" "Mozilla/5.0 (Windows NT 10.0; Win64; x64) AppleWebKit/537.36 (KHTML, like Gecko) Chrome/107.0.0.0 Safari/537.36"
- 18.197.38.132  - [28/Nov/2022:21:46:08.225 +0100] "- - " 401 - "-" "-"
- 18.197.38.132 - - [28/Nov/2022:21:46:08.225 +0100] "GET /riders HTTP/1.1" - - "https://localhost:9443/" "Synapse-PT-HttpComponents-NIO"
- 0:0:0:0:0:0:0:1  - [28/Nov/2022:21:46:08.028 +0100] "- - " 401 - "-" "-"
- 0:0:0:0:0:0:0:1 - - [28/Nov/2022:21:52:39.337 +0100] "OPTIONS /cycling_stats/1.0/riders?rapidapi-key=b4668bac87msh2a3c1e85214b225p1d939djsn7bef2a7b9c27 HTTP/1.1" - - "https://localhost:9443/" "Mozilla/5.0 (Windows NT 10.0; Win64; x64) AppleWebKit/537.36 (KHTML, like Gecko) Chrome/107.0.0.0 Safari/537.36"
- 0:0:0:0:0:0:0:1  - [28/Nov/2022:21:52:39.337 +0100] "- - " 200 - "-" "-"
- 0:0:0:0:0:0:0:1 - - [28/Nov/2022:21:52:39.337 +0100] "GET /cycling_stats/1.0/riders?rapidapi-key=b4668bac87msh2a3c1e85214b225p1d939djsn7bef2a7b9c27 HTTP/1.1" - - "https://localhost:9443/" "Mozilla/5.0 (Windows NT 10.0; Win64; x64) AppleWebKit/537.36 (KHTML, like Gecko) Chrome/107.0.0.0 Safari/537.36"
- 18.197.38.132 - - [28/Nov/2022:21:52:39.557 +0100] "GET /riders?rapidapi-key=b4668bac87msh2a3c1e85214b225p1d939djsn7bef2a7b9c27 HTTP/1.1" - - "https://localhost:9443/" "Synapse-PT-HttpComponents-NIO"
- 18.197.38.132  - [28/Nov/2022:21:52:39.557 +0100] "- - " 200 - "-" "-"
- 0:0:0:0:0:0:0:1  - [28/Nov/2022:21:52:40.396 +0100] "- - " 200 - "-" "-"
- 0:0:0:0:0:0:0:1 - - [28/Nov/2022:22:02:00.050 +0100] "OPTIONS /cycling_stats/1.0/teams?rapidapi-key=b4668bac87msh2a3c1e85214b225p1d939djsn7bef2a7b9c27 HTTP/1.1" - - "https://localhost:9443/" "Mozilla/5.0 (Windows NT 10.0; Win64; x64) AppleWebKit/537.36 (KHTML, like Gecko) Chrome/107.0.0.0 Safari/537.36"
- 0:0:0:0:0:0:0:1  - [28/Nov/2022:22:02:00.050 +0100] "- - " 200 - "-" "-"
- 0:0:0:0:0:0:0:1 - - [28/Nov/2022:22:02:00.050 +0100] "GET /cycling_stats/1.0/teams?rapidapi-key=b4668bac87msh2a3c1e85214b225p1d939djsn7bef2a7b9c27 HTTP/1.1" - - "https://localhost:9443/" "Mozilla/5.0 (Windows NT 10.0; Win64; x64) AppleWebKit/537.36 (KHTML, like Gecko) Chrome/107.0.0.0 Safari/537.36"
- 18.197.38.132  - [28/Nov/2022:22:02:01.368 +0100] "- - " 200 - "-" "-"
- 18.197.38.132 - - [28/Nov/2022:22:02:00.213 +0100] "GET /teams?rapidapi-key=b4668bac87msh2a3c1e85214b225p1d939djsn7bef2a7b9c27 HTTP/1.1" - - "https://localhost:9443/" "Synapse-PT-HttpComponents-NIO"
- 0:0:0:0:0:0:0:1  - [28/Nov/2022:22:02:01.378 +0100] "- - " 200 - "-" "-"
- 0:0:0:0:0:0:0:1 - - [28/Nov/2022:22:12:05.254 +0100] "OPTIONS /cycling_stats/1.0/riders?rapidapi-key=b4668bac87msh2a3c1e85214b225p1d939djsn7bef2a7b9c27 HTTP/1.1" - - "https://localhost:9443/" "Mozilla/5.0 (Windows NT 10.0; Win64; x64) AppleWebKit/537.36 (KHTML, like Gecko) Chrome/107.0.0.0 Safari/537.36"
- 0:0:0:0:0:0:0:1  - [28/Nov/2022:22:12:05.254 +0100] "- - " 200 - "-" "-"
- 0:0:0:0:0:0:0:1 - - [28/Nov/2022:22:12:05.254 +0100] "GET /cycling_stats/1.0/riders?rapidapi-key=b4668bac87msh2a3c1e85214b225p1d939djsn7bef2a7b9c27 HTTP/1.1" - - "https://localhost:9443/" "Mozilla/5.0 (Windows NT 10.0; Win64; x64) AppleWebKit/537.36 (KHTML, like Gecko) Chrome/107.0.0.0 Safari/537.36"
- 0:0:0:0:0:0:0:1 - - [28/Nov/2022:22:12:16.734 +0100] "OPTIONS /cycling_stats/1.0/riders?rapidapi-key=b4668bac87msh2a3c1e85214b225p1d939djsn7bef2a7b9c27 HTTP/1.1" - - "https://localhost:9443/" "Mozilla/5.0 (Windows NT 10.0; Win64; x64) AppleWebKit/537.36 (KHTML, like Gecko) Chrome/107.0.0.0 Safari/537.36"
- 0:0:0:0:0:0:0:1  - [28/Nov/2022:22:12:05.254 +0100] "- - " 401 - "-" "-"
- 0:0:0:0:0:0:0:1 - - [28/Nov/2022:22:12:16.734 +0100] "GET /cycling_stats/1.0/riders?rapidapi-key=b4668bac87msh2a3c1e85214b225p1d939djsn7bef2a7b9c27 HTTP/1.1" - - "https://localhost:9443/" "Mozilla/5.0 (Windows NT 10.0; Win64; x64) AppleWebKit/537.36 (KHTML, like Gecko) Chrome/107.0.0.0 Safari/537.36"
- 0:0:0:0:0:0:0:1  - [28/Nov/2022:22:12:16.734 +0100] "- - " 200 - "-" "-"
- 0:0:0:0:0:0:0:1  - [28/Nov/2022:22:12:16.734 +0100] "- - " 401 - "-" "-"
- 0:0:0:0:0:0:0:1 - - [28/Nov/2022:22:14:21.536 +0100] "OPTIONS /cycling_stats/1.0/riders?rapidapi-key=b4668bac87msh2a3c1e85214b225p1d939djsn7bef2a7b9c27 HTTP/1.1" - - "https://localhost:9443/" "Mozilla/5.0 (Windows NT 10.0; Win64; x64) AppleWebKit/537.36 (KHTML, like Gecko) Chrome/107.0.0.0 Safari/537.36"
- 0:0:0:0:0:0:0:1  - [28/Nov/2022:22:14:21.536 +0100] "- - " 200 - "-" "-"
- 0:0:0:0:0:0:0:1 - - [28/Nov/2022:22:14:21.536 +0100] "GET /cycling_stats/1.0/riders?rapidapi-key=b4668bac87msh2a3c1e85214b225p1d939djsn7bef2a7b9c27 HTTP/1.1" - - "https://localhost:9443/" "Mozilla/5.0 (Windows NT 10.0; Win64; x64) AppleWebKit/537.36 (KHTML, like Gecko) Chrome/107.0.0.0 Safari/537.36"
- 18.197.38.132  - [28/Nov/2022:22:14:21.862 +0100] "- - " 200 - "-" "-"
- 18.197.38.132 - - [28/Nov/2022:22:14:21.862 +0100] "GET /riders?rapidapi-key=b4668bac87msh2a3c1e85214b225p1d939djsn7bef2a7b9c27 HTTP/1.1" - - "https://localhost:9443/" "Synapse-PT-HttpComponents-NIO"
- 0:0:0:0:0:0:0:1  - [28/Nov/2022:22:14:21.536 +0100] "- - " 200 - "-" "-"
- 0:0:0:0:0:0:0:1 - - [28/Nov/2022:22:14:36.332 +0100] "OPTIONS /cycling_stats/1.0/teams?rapidapi-key=b4668bac87msh2a3c1e85214b225p1d939djsn7bef2a7b9c27 HTTP/1.1" - - "https://localhost:9443/" "Mozilla/5.0 (Windows NT 10.0; Win64; x64) AppleWebKit/537.36 (KHTML, like Gecko) Chrome/107.0.0.0 Safari/537.36"
- 0:0:0:0:0:0:0:1  - [28/Nov/2022:22:14:36.332 +0100] "- - " 200 - "-" "-"
- 0:0:0:0:0:0:0:1 - - [28/Nov/2022:22:14:36.332 +0100] "GET /cycling_stats/1.0/teams?rapidapi-key=b4668bac87msh2a3c1e85214b225p1d939djsn7bef2a7b9c27 HTTP/1.1" - - "https://localhost:9443/" "Mozilla/5.0 (Windows NT 10.0; Win64; x64) AppleWebKit/537.36 (KHTML, like Gecko) Chrome/107.0.0.0 Safari/537.36"
- 18.197.38.132  - [28/Nov/2022:22:14:36.344 +0100] "- - " 200 - "-" "-"
- 18.197.38.132 - - [28/Nov/2022:22:14:36.344 +0100] "GET /teams?rapidapi-key=b4668bac87msh2a3c1e85214b225p1d939djsn7bef2a7b9c27 HTTP/1.1" - - "https://localhost:9443/" "Synapse-PT-HttpComponents-NIO"
- 0:0:0:0:0:0:0:1  - [28/Nov/2022:22:14:36.332 +0100] "- - " 200 - "-" "-"
- 3.65.157.185  - [28/Nov/2022:22:31:46.028 +0100] "- - " 200 - "-" "-"
- 0:0:0:0:0:0:0:1 - - [28/Nov/2022:22:31:44.475 +0100] "GET /cycling_stats/1.0/teams HTTP/1.1" - - "-" "PostmanRuntime/7.29.2"
- 0:0:0:0:0:0:0:1  - [28/Nov/2022:22:31:46.039 +0100] "- - " 200 - "-" "-"
- 3.65.157.185 - - [28/Nov/2022:22:31:44.668 +0100] "GET /teams HTTP/1.1" - - "-" "Synapse-PT-HttpComponents-NIO"
- 18.197.38.132  - [28/Nov/2022:22:37:57.654 +0100] "- - " 200 - "-" "-"
- 0:0:0:0:0:0:0:1 - - [28/Nov/2022:22:37:57.487 +0100] "GET /cycling_stats/1.0/riders HTTP/1.1" - - "-" "PostmanRuntime/7.29.2"
- 0:0:0:0:0:0:0:1  - [28/Nov/2022:22:37:57.487 +0100] "- - " 200 - "-" "-"
- 18.197.38.132 - - [28/Nov/2022:22:37:57.654 +0100] "GET /riders HTTP/1.1" - - "-" "Synapse-PT-HttpComponents-NIO"
