0:0:0:0:0:0:0:1 - - [28/Nov/2022:16:59:02 +0100] GET /api/am/devportal/v2/apis/e902effb-881d-466a-b864-1963d4d3e6c8 HTTP/1.1 200 1085 https://localhost:9443/devportal/apis/e902effb-881d-466a-b864-1963d4d3e6c8/test Mozilla/5.0 (Windows NT 10.0; Win64; x64) AppleWebKit/537.36 (KHTML, like Gecko) Chrome/107.0.0.0 Safari/537.36 0.013
0:0:0:0:0:0:0:1 - - [28/Nov/2022:16:59:02 +0100] GET /api/am/devportal/v2/apis/e902effb-881d-466a-b864-1963d4d3e6c8/swagger?environmentName=Default HTTP/1.1 200 445 https://localhost:9443/devportal/apis/e902effb-881d-466a-b864-1963d4d3e6c8/test Mozilla/5.0 (Windows NT 10.0; Win64; x64) AppleWebKit/537.36 (KHTML, like Gecko) Chrome/107.0.0.0 Safari/537.36 0.011
0:0:0:0:0:0:0:1 - - [28/Nov/2022:16:59:02 +0100] GET /api/am/devportal/v2/swagger.yaml HTTP/1.1 200 23493 https://localhost:9443/devportal/apis/e902effb-881d-466a-b864-1963d4d3e6c8/test Mozilla/5.0 (Windows NT 10.0; Win64; x64) AppleWebKit/537.36 (KHTML, like Gecko) Chrome/107.0.0.0 Safari/537.36 0.007
127.0.0.1 - - [28/Nov/2022:16:59:02 +0100] GET /keymanager-operations/dcr/register/dUthUVdzNEVTYnc2Vk0wN1VpdWpoaVdyMlpVYQ%3D%3D HTTP/1.1 200 723 - Apache-HttpClient/4.5.13 (Java/11.0.17) 0.004
127.0.0.1 - - [28/Nov/2022:16:59:02 +0100] GET /keymanager-operations/dcr/register/ZmJuRkdLQVdsRFVyRDRMd2pmQ3FhM3diRkVFYQ%3D%3D HTTP/1.1 200 723 - Apache-HttpClient/4.5.13 (Java/11.0.17) 0.005
127.0.0.1 - - [28/Nov/2022:16:59:02 +0100] GET /oauth2/token/.well-known/openid-configuration HTTP/1.1 200 2245 - Apache-HttpClient/4.5.13 (Java/11.0.17) 0.008
0:0:0:0:0:0:0:1 - - [28/Nov/2022:16:59:02 +0100] GET /api/am/devportal/v2/key-managers HTTP/1.1 200 754 https://localhost:9443/devportal/apis/e902effb-881d-466a-b864-1963d4d3e6c8/test Mozilla/5.0 (Windows NT 10.0; Win64; x64) AppleWebKit/537.36 (KHTML, like Gecko) Chrome/107.0.0.0 Safari/537.36 0.029
0:0:0:0:0:0:0:1 - - [28/Nov/2022:16:59:02 +0100] GET /api/am/devportal/v2/subscriptions?apiId=e902effb-881d-466a-b864-1963d4d3e6c8&limit=25 HTTP/1.1 200 729 https://localhost:9443/devportal/apis/e902effb-881d-466a-b864-1963d4d3e6c8/test Mozilla/5.0 (Windows NT 10.0; Win64; x64) AppleWebKit/537.36 (KHTML, like Gecko) Chrome/107.0.0.0 Safari/537.36 0.038
127.0.0.1 - - [28/Nov/2022:16:59:02 +0100] GET /keymanager-operations/dcr/register/ZmJuRkdLQVdsRFVyRDRMd2pmQ3FhM3diRkVFYQ%3D%3D HTTP/1.1 200 723 - Apache-HttpClient/4.5.13 (Java/11.0.17) 0.004
127.0.0.1 - - [28/Nov/2022:16:59:02 +0100] GET /keymanager-operations/dcr/register/dUthUVdzNEVTYnc2Vk0wN1VpdWpoaVdyMlpVYQ%3D%3D HTTP/1.1 200 723 - Apache-HttpClient/4.5.13 (Java/11.0.17) 0.003
0:0:0:0:0:0:0:1 - - [28/Nov/2022:16:59:02 +0100] GET /api/am/devportal/v2/subscriptions?apiId=e902effb-881d-466a-b864-1963d4d3e6c8&limit=25 HTTP/1.1 200 729 https://localhost:9443/devportal/apis/e902effb-881d-466a-b864-1963d4d3e6c8/test Mozilla/5.0 (Windows NT 10.0; Win64; x64) AppleWebKit/537.36 (KHTML, like Gecko) Chrome/107.0.0.0 Safari/537.36 0.027
0:0:0:0:0:0:0:1 - - [28/Nov/2022:16:59:02 +0100] GET /api/am/devportal/v2/applications/ HTTP/1.1 200 512 https://localhost:9443/devportal/apis/e902effb-881d-466a-b864-1963d4d3e6c8/test Mozilla/5.0 (Windows NT 10.0; Win64; x64) AppleWebKit/537.36 (KHTML, like Gecko) Chrome/107.0.0.0 Safari/537.36 0.008
0:0:0:0:0:0:0:1 - - [28/Nov/2022:16:59:02 +0100] GET /api/am/devportal/v2/swagger.yaml HTTP/1.1 200 23493 https://localhost:9443/devportal/apis/e902effb-881d-466a-b864-1963d4d3e6c8/test Mozilla/5.0 (Windows NT 10.0; Win64; x64) AppleWebKit/537.36 (KHTML, like Gecko) Chrome/107.0.0.0 Safari/537.36 0.006
127.0.0.1 - - [28/Nov/2022:16:59:02 +0100] GET /keymanager-operations/dcr/register/ZmJuRkdLQVdsRFVyRDRMd2pmQ3FhM3diRkVFYQ%3D%3D HTTP/1.1 200 723 - Apache-HttpClient/4.5.13 (Java/11.0.17) 0.002
0:0:0:0:0:0:0:1 - - [28/Nov/2022:16:59:02 +0100] GET /api/am/devportal/v2/applications/a5a8269a-9117-4a77-b9f9-40f799f44201 HTTP/1.1 200 285 https://localhost:9443/devportal/apis/e902effb-881d-466a-b864-1963d4d3e6c8/test Mozilla/5.0 (Windows NT 10.0; Win64; x64) AppleWebKit/537.36 (KHTML, like Gecko) Chrome/107.0.0.0 Safari/537.36 0.007
127.0.0.1 - - [28/Nov/2022:16:59:02 +0100] GET /keymanager-operations/dcr/register/ZmJuRkdLQVdsRFVyRDRMd2pmQ3FhM3diRkVFYQ%3D%3D HTTP/1.1 200 723 - Apache-HttpClient/4.5.13 (Java/11.0.17) 0.002
0:0:0:0:0:0:0:1 - - [28/Nov/2022:16:59:02 +0100] GET /api/am/devportal/v2/applications/a5a8269a-9117-4a77-b9f9-40f799f44201/oauth-keys HTTP/1.1 200 871 https://localhost:9443/devportal/apis/e902effb-881d-466a-b864-1963d4d3e6c8/test Mozilla/5.0 (Windows NT 10.0; Win64; x64) AppleWebKit/537.36 (KHTML, like Gecko) Chrome/107.0.0.0 Safari/537.36 0.007
0:0:0:0:0:0:0:1 - - [28/Nov/2022:16:59:02 +0100] GET /api/am/devportal/v2/swagger.yaml HTTP/1.1 200 23493 https://localhost:9443/devportal/apis/e902effb-881d-466a-b864-1963d4d3e6c8/test Mozilla/5.0 (Windows NT 10.0; Win64; x64) AppleWebKit/537.36 (KHTML, like Gecko) Chrome/107.0.0.0 Safari/537.36 0.005
0:0:0:0:0:0:0:1 - - [28/Nov/2022:16:59:02 +0100] GET /api/am/devportal/v2/swagger.yaml HTTP/1.1 200 23493 https://localhost:9443/devportal/apis/e902effb-881d-466a-b864-1963d4d3e6c8/test Mozilla/5.0 (Windows NT 10.0; Win64; x64) AppleWebKit/537.36 (KHTML, like Gecko) Chrome/107.0.0.0 Safari/537.36 0.007
127.0.0.1 - - [28/Nov/2022:16:59:02 +0100] GET /keymanager-operations/dcr/register/ZmJuRkdLQVdsRFVyRDRMd2pmQ3FhM3diRkVFYQ%3D%3D HTTP/1.1 200 723 - Apache-HttpClient/4.5.13 (Java/11.0.17) 0.003
0:0:0:0:0:0:0:1 - - [28/Nov/2022:16:59:02 +0100] GET /api/am/devportal/v2/applications/a5a8269a-9117-4a77-b9f9-40f799f44201 HTTP/1.1 200 285 https://localhost:9443/devportal/apis/e902effb-881d-466a-b864-1963d4d3e6c8/test Mozilla/5.0 (Windows NT 10.0; Win64; x64) AppleWebKit/537.36 (KHTML, like Gecko) Chrome/107.0.0.0 Safari/537.36 0.010
127.0.0.1 - - [28/Nov/2022:16:59:03 +0100] GET /keymanager-operations/dcr/register/ZmJuRkdLQVdsRFVyRDRMd2pmQ3FhM3diRkVFYQ%3D%3D HTTP/1.1 200 723 - Apache-HttpClient/4.5.13 (Java/11.0.17) 0.003
0:0:0:0:0:0:0:1 - - [28/Nov/2022:16:59:03 +0100] GET /api/am/devportal/v2/applications/a5a8269a-9117-4a77-b9f9-40f799f44201 HTTP/1.1 200 285 https://localhost:9443/devportal/apis/e902effb-881d-466a-b864-1963d4d3e6c8/test Mozilla/5.0 (Windows NT 10.0; Win64; x64) AppleWebKit/537.36 (KHTML, like Gecko) Chrome/107.0.0.0 Safari/537.36 0.007
127.0.0.1 - - [28/Nov/2022:16:59:03 +0100] GET /keymanager-operations/dcr/register/ZmJuRkdLQVdsRFVyRDRMd2pmQ3FhM3diRkVFYQ%3D%3D HTTP/1.1 200 723 - Apache-HttpClient/4.5.13 (Java/11.0.17) 0.004
0:0:0:0:0:0:0:1 - - [28/Nov/2022:16:59:03 +0100] GET /api/am/devportal/v2/applications/a5a8269a-9117-4a77-b9f9-40f799f44201/oauth-keys HTTP/1.1 200 871 https://localhost:9443/devportal/apis/e902effb-881d-466a-b864-1963d4d3e6c8/test Mozilla/5.0 (Windows NT 10.0; Win64; x64) AppleWebKit/537.36 (KHTML, like Gecko) Chrome/107.0.0.0 Safari/537.36 0.009
127.0.0.1 - - [28/Nov/2022:16:59:03 +0100] GET /keymanager-operations/dcr/register/ZmJuRkdLQVdsRFVyRDRMd2pmQ3FhM3diRkVFYQ%3D%3D HTTP/1.1 200 723 - Apache-HttpClient/4.5.13 (Java/11.0.17) 0.003
0:0:0:0:0:0:0:1 - - [28/Nov/2022:16:59:03 +0100] GET /api/am/devportal/v2/applications/a5a8269a-9117-4a77-b9f9-40f799f44201/oauth-keys HTTP/1.1 200 871 https://localhost:9443/devportal/apis/e902effb-881d-466a-b864-1963d4d3e6c8/test Mozilla/5.0 (Windows NT 10.0; Win64; x64) AppleWebKit/537.36 (KHTML, like Gecko) Chrome/107.0.0.0 Safari/537.36 0.008
0:0:0:0:0:0:0:1 - - [28/Nov/2022:16:59:34 +0100] PUT /api/am/publisher/v3/apis/e902effb-881d-466a-b864-1963d4d3e6c8/swagger HTTP/1.1 200 739 https://localhost:9443/publisher/apis/e902effb-881d-466a-b864-1963d4d3e6c8/resources Mozilla/5.0 (Windows NT 10.0; Win64; x64) AppleWebKit/537.36 (KHTML, like Gecko) Chrome/107.0.0.0 Safari/537.36 0.096
0:0:0:0:0:0:0:1 - - [28/Nov/2022:16:59:34 +0100] GET /api/am/publisher/v3/apis/e902effb-881d-466a-b864-1963d4d3e6c8 HTTP/1.1 200 1191 https://localhost:9443/publisher/apis/e902effb-881d-466a-b864-1963d4d3e6c8/resources Mozilla/5.0 (Windows NT 10.0; Win64; x64) AppleWebKit/537.36 (KHTML, like Gecko) Chrome/107.0.0.0 Safari/537.36 0.009
0:0:0:0:0:0:0:1 - - [28/Nov/2022:16:59:39 +0100] GET /devportal/apis/e902effb-881d-466a-b864-1963d4d3e6c8/test HTTP/1.1 200 2031 - Mozilla/5.0 (Windows NT 10.0; Win64; x64) AppleWebKit/537.36 (KHTML, like Gecko) Chrome/107.0.0.0 Safari/537.36 0.008
0:0:0:0:0:0:0:1 - - [28/Nov/2022:16:59:39 +0100] GET /devportal/site/public/css/main.css HTTP/1.1 200 1791 https://localhost:9443/devportal/apis/e902effb-881d-466a-b864-1963d4d3e6c8/test Mozilla/5.0 (Windows NT 10.0; Win64; x64) AppleWebKit/537.36 (KHTML, like Gecko) Chrome/107.0.0.0 Safari/537.36 0.003
0:0:0:0:0:0:0:1 - - [28/Nov/2022:16:59:39 +0100] GET /devportal/site/public/theme/userTheme.js HTTP/1.1 200 305 https://localhost:9443/devportal/apis/e902effb-881d-466a-b864-1963d4d3e6c8/test Mozilla/5.0 (Windows NT 10.0; Win64; x64) AppleWebKit/537.36 (KHTML, like Gecko) Chrome/107.0.0.0 Safari/537.36 0.002
0:0:0:0:0:0:0:1 - - [28/Nov/2022:16:59:39 +0100] GET /devportal/site/public/css/overrides.css HTTP/1.1 200 - https://localhost:9443/devportal/apis/e902effb-881d-466a-b864-1963d4d3e6c8/test Mozilla/5.0 (Windows NT 10.0; Win64; x64) AppleWebKit/537.36 (KHTML, like Gecko) Chrome/107.0.0.0 Safari/537.36 0.002
0:0:0:0:0:0:0:1 - - [28/Nov/2022:16:59:39 +0100] GET /devportal/site/public/fonts/iconfont/MaterialIcons.js HTTP/1.1 200 6703 https://localhost:9443/devportal/apis/e902effb-881d-466a-b864-1963d4d3e6c8/test Mozilla/5.0 (Windows NT 10.0; Win64; x64) AppleWebKit/537.36 (KHTML, like Gecko) Chrome/107.0.0.0 Safari/537.36 0.004
0:0:0:0:0:0:0:1 - - [28/Nov/2022:16:59:39 +0100] GET /devportal/site/public/fonts/iconfont/material-icons.css HTTP/1.1 200 970 https://localhost:9443/devportal/apis/e902effb-881d-466a-b864-1963d4d3e6c8/test Mozilla/5.0 (Windows NT 10.0; Win64; x64) AppleWebKit/537.36 (KHTML, like Gecko) Chrome/107.0.0.0 Safari/537.36 0.004
0:0:0:0:0:0:0:1 - - [28/Nov/2022:16:59:39 +0100] GET /devportal/services/settings/settings.js HTTP/1.1 200 1036 https://localhost:9443/devportal/apis/e902effb-881d-466a-b864-1963d4d3e6c8/test Mozilla/5.0 (Windows NT 10.0; Win64; x64) AppleWebKit/537.36 (KHTML, like Gecko) Chrome/107.0.0.0 Safari/537.36 0.005
0:0:0:0:0:0:0:1 - - [28/Nov/2022:16:59:39 +0100] GET /devportal/site/public/dist/index.bb5a154b1face8797bc3.bundle.js HTTP/1.1 200 259789 https://localhost:9443/devportal/apis/e902effb-881d-466a-b864-1963d4d3e6c8/test Mozilla/5.0 (Windows NT 10.0; Win64; x64) AppleWebKit/537.36 (KHTML, like Gecko) Chrome/107.0.0.0 Safari/537.36 0.046
0:0:0:0:0:0:0:1 - - [28/Nov/2022:16:59:39 +0100] GET /devportal/site/public/locales/nl.json HTTP/1.1 404 247 https://localhost:9443/devportal/apis/e902effb-881d-466a-b864-1963d4d3e6c8/test Mozilla/5.0 (Windows NT 10.0; Win64; x64) AppleWebKit/537.36 (KHTML, like Gecko) Chrome/107.0.0.0 Safari/537.36 0.002
0:0:0:0:0:0:0:1 - - [28/Nov/2022:16:59:39 +0100] GET /api/am/devportal/v2/swagger.yaml HTTP/1.1 200 23493 https://localhost:9443/devportal/apis/e902effb-881d-466a-b864-1963d4d3e6c8/test Mozilla/5.0 (Windows NT 10.0; Win64; x64) AppleWebKit/537.36 (KHTML, like Gecko) Chrome/107.0.0.0 Safari/537.36 0.008
0:0:0:0:0:0:0:1 - - [28/Nov/2022:16:59:39 +0100] GET /devportal/site/public/images/_favicon.ico HTTP/1.1 200 1150 https://localhost:9443/devportal/apis/e902effb-881d-466a-b864-1963d4d3e6c8/test Mozilla/5.0 (Windows NT 10.0; Win64; x64) AppleWebKit/537.36 (KHTML, like Gecko) Chrome/107.0.0.0 Safari/537.36 0.002
0:0:0:0:0:0:0:1 - - [28/Nov/2022:16:59:39 +0100] GET /devportal/site/public/images/favicon.ico HTTP/1.1 200 162098 https://localhost:9443/devportal/apis/e902effb-881d-466a-b864-1963d4d3e6c8/test Mozilla/5.0 (Windows NT 10.0; Win64; x64) AppleWebKit/537.36 (KHTML, like Gecko) Chrome/107.0.0.0 Safari/537.36 0.003
0:0:0:0:0:0:0:1 - - [28/Nov/2022:16:59:39 +0100] GET /api/am/devportal/v2/settings HTTP/1.1 200 868 https://localhost:9443/devportal/apis/e902effb-881d-466a-b864-1963d4d3e6c8/test Mozilla/5.0 (Windows NT 10.0; Win64; x64) AppleWebKit/537.36 (KHTML, like Gecko) Chrome/107.0.0.0 Safari/537.36 0.032
0:0:0:0:0:0:0:1 - - [28/Nov/2022:16:59:39 +0100] GET /devportal/site/public/dist/ProtectedApp.85246914c5a864cd3b25.bundle.js HTTP/1.1 200 70400 https://localhost:9443/devportal/apis/e902effb-881d-466a-b864-1963d4d3e6c8/test Mozilla/5.0 (Windows NT 10.0; Win64; x64) AppleWebKit/537.36 (KHTML, like Gecko) Chrome/107.0.0.0 Safari/537.36 0.009
0:0:0:0:0:0:0:1 - - [28/Nov/2022:16:59:39 +0100] GET /devportal/site/public/dist/vendors~ProtectedApp.f5062f21efd7a7d46a01.bundle.js HTTP/1.1 200 179913 https://localhost:9443/devportal/apis/e902effb-881d-466a-b864-1963d4d3e6c8/test Mozilla/5.0 (Windows NT 10.0; Win64; x64) AppleWebKit/537.36 (KHTML, like Gecko) Chrome/107.0.0.0 Safari/537.36 0.027
0:0:0:0:0:0:0:1 - - [28/Nov/2022:16:59:39 +0100] GET /devportal/site/public/theme/temporary_environments_config.json HTTP/1.1 200 - https://localhost:9443/devportal/apis/e902effb-881d-466a-b864-1963d4d3e6c8/test Mozilla/5.0 (Windows NT 10.0; Win64; x64) AppleWebKit/537.36 (KHTML, like Gecko) Chrome/107.0.0.0 Safari/537.36 0.001
0:0:0:0:0:0:0:1 - - [28/Nov/2022:16:59:39 +0100] GET /devportal/site/public/theme/temporary_features_config.json HTTP/1.1 200 - https://localhost:9443/devportal/apis/e902effb-881d-466a-b864-1963d4d3e6c8/test Mozilla/5.0 (Windows NT 10.0; Win64; x64) AppleWebKit/537.36 (KHTML, like Gecko) Chrome/107.0.0.0 Safari/537.36 0.001
0:0:0:0:0:0:0:1 - - [28/Nov/2022:16:59:39 +0100] GET /api/am/devportal/v2/tenants?state=active HTTP/1.1 200 96 https://localhost:9443/devportal/apis/e902effb-881d-466a-b864-1963d4d3e6c8/test Mozilla/5.0 (Windows NT 10.0; Win64; x64) AppleWebKit/537.36 (KHTML, like Gecko) Chrome/107.0.0.0 Safari/537.36 0.003
0:0:0:0:0:0:0:1 - - [28/Nov/2022:16:59:39 +0100] GET /devportal/site/public/dist/vendors~ApiListing~Apis~ApplicationDetails.085bc8cf7979cfcae9cd.bundle.js HTTP/1.1 200 3838 https://localhost:9443/devportal/apis/e902effb-881d-466a-b864-1963d4d3e6c8/test Mozilla/5.0 (Windows NT 10.0; Win64; x64) AppleWebKit/537.36 (KHTML, like Gecko) Chrome/107.0.0.0 Safari/537.36 0.002
0:0:0:0:0:0:0:1 - - [28/Nov/2022:16:59:39 +0100] GET /devportal/site/public/dist/vendors~Apis~Landing.3ed7aaee9d420a079083.bundle.js HTTP/1.1 200 3784 https://localhost:9443/devportal/apis/e902effb-881d-466a-b864-1963d4d3e6c8/test Mozilla/5.0 (Windows NT 10.0; Win64; x64) AppleWebKit/537.36 (KHTML, like Gecko) Chrome/107.0.0.0 Safari/537.36 0.001
0:0:0:0:0:0:0:1 - - [28/Nov/2022:16:59:39 +0100] GET /devportal/site/public/dist/vendors~Apis.c6057c04cc4bfea77c3f.bundle.js HTTP/1.1 200 17153 https://localhost:9443/devportal/apis/e902effb-881d-466a-b864-1963d4d3e6c8/test Mozilla/5.0 (Windows NT 10.0; Win64; x64) AppleWebKit/537.36 (KHTML, like Gecko) Chrome/107.0.0.0 Safari/537.36 0.003
0:0:0:0:0:0:0:1 - - [28/Nov/2022:16:59:39 +0100] GET /devportal/site/public/dist/Apis.fdf1eccb253de572570e.bundle.js HTTP/1.1 200 30555 https://localhost:9443/devportal/apis/e902effb-881d-466a-b864-1963d4d3e6c8/test Mozilla/5.0 (Windows NT 10.0; Win64; x64) AppleWebKit/537.36 (KHTML, like Gecko) Chrome/107.0.0.0 Safari/537.36 0.006
0:0:0:0:0:0:0:1 - - [28/Nov/2022:16:59:39 +0100] GET /oidc/checksession?client_id=TT3VKGwBcWnplj58Qz3Spr_lefka&redirect_uri=https://localhost:9443/devportal/services/auth/callback/login HTTP/1.1 200 3133 https://localhost:9443/devportal/apis/e902effb-881d-466a-b864-1963d4d3e6c8/test Mozilla/5.0 (Windows NT 10.0; Win64; x64) AppleWebKit/537.36 (KHTML, like Gecko) Chrome/107.0.0.0 Safari/537.36 0.003
0:0:0:0:0:0:0:1 - - [28/Nov/2022:16:59:39 +0100] GET /devportal/site/public/dist/vendors~Apis~ApplicationDetails.be38cbbdbc60426eae7a.bundle.js HTTP/1.1 200 71039 https://localhost:9443/devportal/apis/e902effb-881d-466a-b864-1963d4d3e6c8/test Mozilla/5.0 (Windows NT 10.0; Win64; x64) AppleWebKit/537.36 (KHTML, like Gecko) Chrome/107.0.0.0 Safari/537.36 0.012
0:0:0:0:0:0:0:1 - - [28/Nov/2022:16:59:39 +0100] GET /devportal HTTP/1.1 302 - https://localhost:9443/devportal/apis/e902effb-881d-466a-b864-1963d4d3e6c8/test Mozilla/5.0 (Windows NT 10.0; Win64; x64) AppleWebKit/537.36 (KHTML, like Gecko) Chrome/107.0.0.0 Safari/537.36 0.000
0:0:0:0:0:0:0:1 - - [28/Nov/2022:16:59:39 +0100] GET /devportal/site/public/images/logo.svg HTTP/1.1 200 74991 https://localhost:9443/devportal/apis/e902effb-881d-466a-b864-1963d4d3e6c8/test Mozilla/5.0 (Windows NT 10.0; Win64; x64) AppleWebKit/537.36 (KHTML, like Gecko) Chrome/107.0.0.0 Safari/537.36 0.002
0:0:0:0:0:0:0:1 - - [28/Nov/2022:16:59:39 +0100] GET /devportal/site/public/images/appbarBack.png HTTP/1.1 200 1964 https://localhost:9443/devportal/apis/e902effb-881d-466a-b864-1963d4d3e6c8/test Mozilla/5.0 (Windows NT 10.0; Win64; x64) AppleWebKit/537.36 (KHTML, like Gecko) Chrome/107.0.0.0 Safari/537.36 0.002
0:0:0:0:0:0:0:1 - - [28/Nov/2022:16:59:39 +0100] GET /devportal/site/public/fonts/Open_Sans/mem8YaGs126MiZpBA-UFVZ0bf8pkAg.woff2 HTTP/1.1 200 8892 https://localhost:9443/devportal/site/public/css/main.css Mozilla/5.0 (Windows NT 10.0; Win64; x64) AppleWebKit/537.36 (KHTML, like Gecko) Chrome/107.0.0.0 Safari/537.36 0.005
0:0:0:0:0:0:0:1 - - [28/Nov/2022:16:59:39 +0100] GET /devportal/site/public/fonts/iconfont/MaterialIcons-Regular.woff2 HTTP/1.1 200 60840 https://localhost:9443/devportal/site/public/fonts/iconfont/material-icons.css Mozilla/5.0 (Windows NT 10.0; Win64; x64) AppleWebKit/537.36 (KHTML, like Gecko) Chrome/107.0.0.0 Safari/537.36 0.003
0:0:0:0:0:0:0:1 - - [28/Nov/2022:16:59:39 +0100] GET /devportal/site/public/fonts/Open_Sans/mem5YaGs126MiZpBA-UN7rgOUuhpKKSTjw.woff2 HTTP/1.1 200 8800 https://localhost:9443/devportal/site/public/css/main.css Mozilla/5.0 (Windows NT 10.0; Win64; x64) AppleWebKit/537.36 (KHTML, like Gecko) Chrome/107.0.0.0 Safari/537.36 0.002
0:0:0:0:0:0:0:1 - - [28/Nov/2022:16:59:39 +0100] GET /devportal/ HTTP/1.1 200 2031 https://localhost:9443/devportal/apis/e902effb-881d-466a-b864-1963d4d3e6c8/test Mozilla/5.0 (Windows NT 10.0; Win64; x64) AppleWebKit/537.36 (KHTML, like Gecko) Chrome/107.0.0.0 Safari/537.36 0.005
0:0:0:0:0:0:0:1 - - [28/Nov/2022:16:59:40 +0100] GET /api/am/devportal/v2/applications?limit=5000 HTTP/1.1 200 514 https://localhost:9443/devportal/apis/e902effb-881d-466a-b864-1963d4d3e6c8/test Mozilla/5.0 (Windows NT 10.0; Win64; x64) AppleWebKit/537.36 (KHTML, like Gecko) Chrome/107.0.0.0 Safari/537.36 0.006
0:0:0:0:0:0:0:1 - - [28/Nov/2022:16:59:40 +0100] GET /api/am/devportal/v2/apis/e902effb-881d-466a-b864-1963d4d3e6c8 HTTP/1.1 200 1085 https://localhost:9443/devportal/apis/e902effb-881d-466a-b864-1963d4d3e6c8/test Mozilla/5.0 (Windows NT 10.0; Win64; x64) AppleWebKit/537.36 (KHTML, like Gecko) Chrome/107.0.0.0 Safari/537.36 0.011
127.0.0.1 - - [28/Nov/2022:16:59:40 +0100] GET /keymanager-operations/dcr/register/ZmJuRkdLQVdsRFVyRDRMd2pmQ3FhM3diRkVFYQ%3D%3D HTTP/1.1 200 723 - Apache-HttpClient/4.5.13 (Java/11.0.17) 0.008
0:0:0:0:0:0:0:1 - - [28/Nov/2022:16:59:40 +0100] GET /devportal/site/public/dist/3.5fb775e73b1459555d1d.bundle.js HTTP/1.1 200 5285 https://localhost:9443/devportal/apis/e902effb-881d-466a-b864-1963d4d3e6c8/test Mozilla/5.0 (Windows NT 10.0; Win64; x64) AppleWebKit/537.36 (KHTML, like Gecko) Chrome/107.0.0.0 Safari/537.36 0.002
127.0.0.1 - - [28/Nov/2022:16:59:40 +0100] GET /keymanager-operations/dcr/register/ZmJuRkdLQVdsRFVyRDRMd2pmQ3FhM3diRkVFYQ%3D%3D HTTP/1.1 200 723 - Apache-HttpClient/4.5.13 (Java/11.0.17) 0.009
0:0:0:0:0:0:0:1 - - [28/Nov/2022:16:59:40 +0100] GET /devportal/site/public/dist/APIConsole.e692d99b83731b72dbe6.bundle.js HTTP/1.1 200 4237 https://localhost:9443/devportal/apis/e902effb-881d-466a-b864-1963d4d3e6c8/test Mozilla/5.0 (Windows NT 10.0; Win64; x64) AppleWebKit/537.36 (KHTML, like Gecko) Chrome/107.0.0.0 Safari/537.36 0.002
127.0.0.1 - - [28/Nov/2022:16:59:40 +0100] GET /keymanager-operations/dcr/register/dUthUVdzNEVTYnc2Vk0wN1VpdWpoaVdyMlpVYQ%3D%3D HTTP/1.1 200 723 - Apache-HttpClient/4.5.13 (Java/11.0.17) 0.005
127.0.0.1 - - [28/Nov/2022:16:59:40 +0100] GET /keymanager-operations/dcr/register/dUthUVdzNEVTYnc2Vk0wN1VpdWpoaVdyMlpVYQ%3D%3D HTTP/1.1 200 723 - Apache-HttpClient/4.5.13 (Java/11.0.17) 0.005
0:0:0:0:0:0:0:1 - - [28/Nov/2022:16:59:40 +0100] GET /devportal/site/public/images/leftMenuBack.png HTTP/1.1 200 5308 https://localhost:9443/devportal/apis/e902effb-881d-466a-b864-1963d4d3e6c8/test Mozilla/5.0 (Windows NT 10.0; Win64; x64) AppleWebKit/537.36 (KHTML, like Gecko) Chrome/107.0.0.0 Safari/537.36 0.002
0:0:0:0:0:0:0:1 - - [28/Nov/2022:16:59:40 +0100] GET /devportal/site/public/dist/9.19a62cd6a9c3410d8be6.bundle.js HTTP/1.1 200 89623 https://localhost:9443/devportal/apis/e902effb-881d-466a-b864-1963d4d3e6c8/test Mozilla/5.0 (Windows NT 10.0; Win64; x64) AppleWebKit/537.36 (KHTML, like Gecko) Chrome/107.0.0.0 Safari/537.36 0.021
0:0:0:0:0:0:0:1 - - [28/Nov/2022:16:59:40 +0100] GET /api/am/devportal/v2/subscriptions?apiId=e902effb-881d-466a-b864-1963d4d3e6c8&limit=5000 HTTP/1.1 200 730 https://localhost:9443/devportal/apis/e902effb-881d-466a-b864-1963d4d3e6c8/test Mozilla/5.0 (Windows NT 10.0; Win64; x64) AppleWebKit/537.36 (KHTML, like Gecko) Chrome/107.0.0.0 Safari/537.36 0.055
0:0:0:0:0:0:0:1 - - [28/Nov/2022:16:59:40 +0100] GET /api/am/devportal/v2/subscriptions?apiId=e902effb-881d-466a-b864-1963d4d3e6c8&limit=25 HTTP/1.1 200 729 https://localhost:9443/devportal/apis/e902effb-881d-466a-b864-1963d4d3e6c8/test Mozilla/5.0 (Windows NT 10.0; Win64; x64) AppleWebKit/537.36 (KHTML, like Gecko) Chrome/107.0.0.0 Safari/537.36 0.057
0:0:0:0:0:0:0:1 - - [28/Nov/2022:16:59:40 +0100] GET /devportal/site/public/dist/vendors~APIConsole~GraphQLConsole.c00ffdb9a4bac0f7794e.bundle.js HTTP/1.1 200 364418 https://localhost:9443/devportal/apis/e902effb-881d-466a-b864-1963d4d3e6c8/test Mozilla/5.0 (Windows NT 10.0; Win64; x64) AppleWebKit/537.36 (KHTML, like Gecko) Chrome/107.0.0.0 Safari/537.36 0.060
0:0:0:0:0:0:0:1 - - [28/Nov/2022:16:59:40 +0100] GET /devportal/site/public/dist/vendors~APIConsole.b84bc27def35d6c9dee0.bundle.js HTTP/1.1 200 1577542 https://localhost:9443/devportal/apis/e902effb-881d-466a-b864-1963d4d3e6c8/test Mozilla/5.0 (Windows NT 10.0; Win64; x64) AppleWebKit/537.36 (KHTML, like Gecko) Chrome/107.0.0.0 Safari/537.36 0.242
127.0.0.1 - - [28/Nov/2022:16:59:40 +0100] GET /internal/data/v1/apis?context=/cycling_stats/1.0&version=1.0&gatewayLabel=Default HTTP/1.1 200 789 - Apache-HttpClient/4.5.13 (Java/11.0.17) 0.008
0:0:0:0:0:0:0:1 - - [28/Nov/2022:16:59:40 +0100] GET /api/am/devportal/v2/apis/e902effb-881d-466a-b864-1963d4d3e6c8 HTTP/1.1 200 1085 https://localhost:9443/devportal/apis/e902effb-881d-466a-b864-1963d4d3e6c8/test Mozilla/5.0 (Windows NT 10.0; Win64; x64) AppleWebKit/537.36 (KHTML, like Gecko) Chrome/107.0.0.0 Safari/537.36 0.007
0:0:0:0:0:0:0:1 - - [28/Nov/2022:16:59:40 +0100] GET /api/am/devportal/v2/apis/e902effb-881d-466a-b864-1963d4d3e6c8/swagger?environmentName=Default HTTP/1.1 200 441 https://localhost:9443/devportal/apis/e902effb-881d-466a-b864-1963d4d3e6c8/test Mozilla/5.0 (Windows NT 10.0; Win64; x64) AppleWebKit/537.36 (KHTML, like Gecko) Chrome/107.0.0.0 Safari/537.36 0.005
0:0:0:0:0:0:0:1 - - [28/Nov/2022:16:59:40 +0100] GET /api/am/devportal/v2/swagger.yaml HTTP/1.1 200 23493 https://localhost:9443/devportal/apis/e902effb-881d-466a-b864-1963d4d3e6c8/test Mozilla/5.0 (Windows NT 10.0; Win64; x64) AppleWebKit/537.36 (KHTML, like Gecko) Chrome/107.0.0.0 Safari/537.36 0.005
127.0.0.1 - - [28/Nov/2022:16:59:40 +0100] GET /keymanager-operations/dcr/register/ZmJuRkdLQVdsRFVyRDRMd2pmQ3FhM3diRkVFYQ%3D%3D HTTP/1.1 200 723 - Apache-HttpClient/4.5.13 (Java/11.0.17) 0.002
127.0.0.1 - - [28/Nov/2022:16:59:40 +0100] GET /oauth2/token/.well-known/openid-configuration HTTP/1.1 200 2245 - Apache-HttpClient/4.5.13 (Java/11.0.17) 0.003
127.0.0.1 - - [28/Nov/2022:16:59:40 +0100] GET /keymanager-operations/dcr/register/dUthUVdzNEVTYnc2Vk0wN1VpdWpoaVdyMlpVYQ%3D%3D HTTP/1.1 200 723 - Apache-HttpClient/4.5.13 (Java/11.0.17) 0.005
0:0:0:0:0:0:0:1 - - [28/Nov/2022:16:59:40 +0100] GET /api/am/devportal/v2/key-managers HTTP/1.1 200 754 https://localhost:9443/devportal/apis/e902effb-881d-466a-b864-1963d4d3e6c8/test Mozilla/5.0 (Windows NT 10.0; Win64; x64) AppleWebKit/537.36 (KHTML, like Gecko) Chrome/107.0.0.0 Safari/537.36 0.022
0:0:0:0:0:0:0:1 - - [28/Nov/2022:16:59:40 +0100] GET /api/am/devportal/v2/subscriptions?apiId=e902effb-881d-466a-b864-1963d4d3e6c8&limit=25 HTTP/1.1 200 729 https://localhost:9443/devportal/apis/e902effb-881d-466a-b864-1963d4d3e6c8/test Mozilla/5.0 (Windows NT 10.0; Win64; x64) AppleWebKit/537.36 (KHTML, like Gecko) Chrome/107.0.0.0 Safari/537.36 0.033
127.0.0.1 - - [28/Nov/2022:16:59:40 +0100] GET /keymanager-operations/dcr/register/dUthUVdzNEVTYnc2Vk0wN1VpdWpoaVdyMlpVYQ%3D%3D HTTP/1.1 200 723 - Apache-HttpClient/4.5.13 (Java/11.0.17) 0.002
127.0.0.1 - - [28/Nov/2022:16:59:40 +0100] GET /keymanager-operations/dcr/register/ZmJuRkdLQVdsRFVyRDRMd2pmQ3FhM3diRkVFYQ%3D%3D HTTP/1.1 200 723 - Apache-HttpClient/4.5.13 (Java/11.0.17) 0.003
0:0:0:0:0:0:0:1 - - [28/Nov/2022:16:59:40 +0100] GET /api/am/devportal/v2/subscriptions?apiId=e902effb-881d-466a-b864-1963d4d3e6c8&limit=25 HTTP/1.1 200 729 https://localhost:9443/devportal/apis/e902effb-881d-466a-b864-1963d4d3e6c8/test Mozilla/5.0 (Windows NT 10.0; Win64; x64) AppleWebKit/537.36 (KHTML, like Gecko) Chrome/107.0.0.0 Safari/537.36 0.041
0:0:0:0:0:0:0:1 - - [28/Nov/2022:16:59:41 +0100] GET /api/am/devportal/v2/applications/ HTTP/1.1 200 512 https://localhost:9443/devportal/apis/e902effb-881d-466a-b864-1963d4d3e6c8/test Mozilla/5.0 (Windows NT 10.0; Win64; x64) AppleWebKit/537.36 (KHTML, like Gecko) Chrome/107.0.0.0 Safari/537.36 0.006
0:0:0:0:0:0:0:1 - - [28/Nov/2022:16:59:41 +0100] GET /api/am/devportal/v2/swagger.yaml HTTP/1.1 200 23493 https://localhost:9443/devportal/apis/e902effb-881d-466a-b864-1963d4d3e6c8/test Mozilla/5.0 (Windows NT 10.0; Win64; x64) AppleWebKit/537.36 (KHTML, like Gecko) Chrome/107.0.0.0 Safari/537.36 0.004
127.0.0.1 - - [28/Nov/2022:16:59:41 +0100] GET /keymanager-operations/dcr/register/ZmJuRkdLQVdsRFVyRDRMd2pmQ3FhM3diRkVFYQ%3D%3D HTTP/1.1 200 723 - Apache-HttpClient/4.5.13 (Java/11.0.17) 0.002
0:0:0:0:0:0:0:1 - - [28/Nov/2022:16:59:41 +0100] GET /api/am/devportal/v2/applications/a5a8269a-9117-4a77-b9f9-40f799f44201 HTTP/1.1 200 285 https://localhost:9443/devportal/apis/e902effb-881d-466a-b864-1963d4d3e6c8/test Mozilla/5.0 (Windows NT 10.0; Win64; x64) AppleWebKit/537.36 (KHTML, like Gecko) Chrome/107.0.0.0 Safari/537.36 0.007
127.0.0.1 - - [28/Nov/2022:16:59:41 +0100] GET /keymanager-operations/dcr/register/ZmJuRkdLQVdsRFVyRDRMd2pmQ3FhM3diRkVFYQ%3D%3D HTTP/1.1 200 723 - Apache-HttpClient/4.5.13 (Java/11.0.17) 0.002
0:0:0:0:0:0:0:1 - - [28/Nov/2022:16:59:41 +0100] GET /api/am/devportal/v2/applications/a5a8269a-9117-4a77-b9f9-40f799f44201/oauth-keys HTTP/1.1 200 871 https://localhost:9443/devportal/apis/e902effb-881d-466a-b864-1963d4d3e6c8/test Mozilla/5.0 (Windows NT 10.0; Win64; x64) AppleWebKit/537.36 (KHTML, like Gecko) Chrome/107.0.0.0 Safari/537.36 0.007
0:0:0:0:0:0:0:1 - - [28/Nov/2022:16:59:41 +0100] GET /api/am/devportal/v2/swagger.yaml HTTP/1.1 200 23493 https://localhost:9443/devportal/apis/e902effb-881d-466a-b864-1963d4d3e6c8/test Mozilla/5.0 (Windows NT 10.0; Win64; x64) AppleWebKit/537.36 (KHTML, like Gecko) Chrome/107.0.0.0 Safari/537.36 0.005
0:0:0:0:0:0:0:1 - - [28/Nov/2022:16:59:41 +0100] GET /api/am/devportal/v2/swagger.yaml HTTP/1.1 200 23493 https://localhost:9443/devportal/apis/e902effb-881d-466a-b864-1963d4d3e6c8/test Mozilla/5.0 (Windows NT 10.0; Win64; x64) AppleWebKit/537.36 (KHTML, like Gecko) Chrome/107.0.0.0 Safari/537.36 0.007
127.0.0.1 - - [28/Nov/2022:16:59:41 +0100] GET /keymanager-operations/dcr/register/ZmJuRkdLQVdsRFVyRDRMd2pmQ3FhM3diRkVFYQ%3D%3D HTTP/1.1 200 723 - Apache-HttpClient/4.5.13 (Java/11.0.17) 0.002
0:0:0:0:0:0:0:1 - - [28/Nov/2022:16:59:41 +0100] GET /api/am/devportal/v2/applications/a5a8269a-9117-4a77-b9f9-40f799f44201 HTTP/1.1 200 285 https://localhost:9443/devportal/apis/e902effb-881d-466a-b864-1963d4d3e6c8/test Mozilla/5.0 (Windows NT 10.0; Win64; x64) AppleWebKit/537.36 (KHTML, like Gecko) Chrome/107.0.0.0 Safari/537.36 0.006
127.0.0.1 - - [28/Nov/2022:16:59:41 +0100] GET /keymanager-operations/dcr/register/ZmJuRkdLQVdsRFVyRDRMd2pmQ3FhM3diRkVFYQ%3D%3D HTTP/1.1 200 723 - Apache-HttpClient/4.5.13 (Java/11.0.17) 0.002
0:0:0:0:0:0:0:1 - - [28/Nov/2022:16:59:41 +0100] GET /api/am/devportal/v2/applications/a5a8269a-9117-4a77-b9f9-40f799f44201 HTTP/1.1 200 285 https://localhost:9443/devportal/apis/e902effb-881d-466a-b864-1963d4d3e6c8/test Mozilla/5.0 (Windows NT 10.0; Win64; x64) AppleWebKit/537.36 (KHTML, like Gecko) Chrome/107.0.0.0 Safari/537.36 0.008
127.0.0.1 - - [28/Nov/2022:16:59:41 +0100] GET /keymanager-operations/dcr/register/ZmJuRkdLQVdsRFVyRDRMd2pmQ3FhM3diRkVFYQ%3D%3D HTTP/1.1 200 723 - Apache-HttpClient/4.5.13 (Java/11.0.17) 0.003
0:0:0:0:0:0:0:1 - - [28/Nov/2022:16:59:41 +0100] GET /api/am/devportal/v2/applications/a5a8269a-9117-4a77-b9f9-40f799f44201/oauth-keys HTTP/1.1 200 871 https://localhost:9443/devportal/apis/e902effb-881d-466a-b864-1963d4d3e6c8/test Mozilla/5.0 (Windows NT 10.0; Win64; x64) AppleWebKit/537.36 (KHTML, like Gecko) Chrome/107.0.0.0 Safari/537.36 0.007
127.0.0.1 - - [28/Nov/2022:16:59:41 +0100] GET /keymanager-operations/dcr/register/ZmJuRkdLQVdsRFVyRDRMd2pmQ3FhM3diRkVFYQ%3D%3D HTTP/1.1 200 723 - Apache-HttpClient/4.5.13 (Java/11.0.17) 0.004
0:0:0:0:0:0:0:1 - - [28/Nov/2022:16:59:41 +0100] GET /api/am/devportal/v2/applications/a5a8269a-9117-4a77-b9f9-40f799f44201/oauth-keys HTTP/1.1 200 871 https://localhost:9443/devportal/apis/e902effb-881d-466a-b864-1963d4d3e6c8/test Mozilla/5.0 (Windows NT 10.0; Win64; x64) AppleWebKit/537.36 (KHTML, like Gecko) Chrome/107.0.0.0 Safari/537.36 0.008
0:0:0:0:0:0:0:1 - - [28/Nov/2022:16:59:42 +0100] GET /api/am/devportal/v2/swagger.yaml HTTP/1.1 200 23493 https://localhost:9443/devportal/apis/e902effb-881d-466a-b864-1963d4d3e6c8/test Mozilla/5.0 (Windows NT 10.0; Win64; x64) AppleWebKit/537.36 (KHTML, like Gecko) Chrome/107.0.0.0 Safari/537.36 0.006
127.0.0.1 - - [28/Nov/2022:16:59:42 +0100] GET /keymanager-operations/dcr/register/ZmJuRkdLQVdsRFVyRDRMd2pmQ3FhM3diRkVFYQ%3D%3D HTTP/1.1 200 723 - Apache-HttpClient/4.5.13 (Java/11.0.17) 0.005
0:0:0:0:0:0:0:1 - - [28/Nov/2022:16:59:42 +0100] GET /api/am/devportal/v2/applications/a5a8269a-9117-4a77-b9f9-40f799f44201 HTTP/1.1 200 285 https://localhost:9443/devportal/apis/e902effb-881d-466a-b864-1963d4d3e6c8/test Mozilla/5.0 (Windows NT 10.0; Win64; x64) AppleWebKit/537.36 (KHTML, like Gecko) Chrome/107.0.0.0 Safari/537.36 0.013
127.0.0.1 - - [28/Nov/2022:16:59:42 +0100] GET /keymanager-operations/dcr/register/ZmJuRkdLQVdsRFVyRDRMd2pmQ3FhM3diRkVFYQ%3D%3D HTTP/1.1 200 723 - Apache-HttpClient/4.5.13 (Java/11.0.17) 0.003
0:0:0:0:0:0:0:1 - - [28/Nov/2022:16:59:42 +0100] GET /api/am/devportal/v2/applications/a5a8269a-9117-4a77-b9f9-40f799f44201/oauth-keys HTTP/1.1 200 871 https://localhost:9443/devportal/apis/e902effb-881d-466a-b864-1963d4d3e6c8/test Mozilla/5.0 (Windows NT 10.0; Win64; x64) AppleWebKit/537.36 (KHTML, like Gecko) Chrome/107.0.0.0 Safari/537.36 0.007
127.0.0.1 - - [28/Nov/2022:16:59:42 +0100] GET /keymanager-operations/dcr/register/ZmJuRkdLQVdsRFVyRDRMd2pmQ3FhM3diRkVFYQ%3D%3D HTTP/1.1 200 723 - Apache-HttpClient/4.5.13 (Java/11.0.17) 0.002
127.0.0.1 - - [28/Nov/2022:16:59:42 +0100] GET /keymanager-operations/dcr/register/ZmJuRkdLQVdsRFVyRDRMd2pmQ3FhM3diRkVFYQ%3D%3D HTTP/1.1 200 723 - Apache-HttpClient/4.5.13 (Java/11.0.17) 0.002
127.0.0.1 - - [28/Nov/2022:16:59:42 +0100] POST /oauth2/token HTTP/1.1 200 1022 - Apache-HttpClient/4.5.13 (Java/11.0.17) 0.009
0:0:0:0:0:0:0:1 - - [28/Nov/2022:16:59:42 +0100] POST /api/am/devportal/v2/applications/a5a8269a-9117-4a77-b9f9-40f799f44201/oauth-keys/2faa7b32-b376-4e7c-a0b2-4a83e098891b/generate-token HTTP/1.1 200 1009 https://localhost:9443/devportal/apis/e902effb-881d-466a-b864-1963d4d3e6c8/test Mozilla/5.0 (Windows NT 10.0; Win64; x64) AppleWebKit/537.36 (KHTML, like Gecko) Chrome/107.0.0.0 Safari/537.36 0.041
127.0.0.1 - - [28/Nov/2022:16:59:42 +0100] POST /internal/data/v1/notify HTTP/1.1 200 - - Apache-HttpClient/4.5.13 (Java/11.0.17) 0.005
0:0:0:0:0:0:0:1 - - [28/Nov/2022:17:05:47 +0100] - 400 - - - 0.000
0:0:0:0:0:0:0:1 - - [28/Nov/2022:17:05:48 +0100] PUT /api/am/publisher/v3/apis/e902effb-881d-466a-b864-1963d4d3e6c8/swagger HTTP/1.1 200 731 https://localhost:9443/publisher/apis/e902effb-881d-466a-b864-1963d4d3e6c8/resources Mozilla/5.0 (Windows NT 10.0; Win64; x64) AppleWebKit/537.36 (KHTML, like Gecko) Chrome/107.0.0.0 Safari/537.36 0.179
0:0:0:0:0:0:0:1 - - [28/Nov/2022:17:05:48 +0100] GET /api/am/publisher/v3/apis/e902effb-881d-466a-b864-1963d4d3e6c8 HTTP/1.1 200 1177 https://localhost:9443/publisher/apis/e902effb-881d-466a-b864-1963d4d3e6c8/resources Mozilla/5.0 (Windows NT 10.0; Win64; x64) AppleWebKit/537.36 (KHTML, like Gecko) Chrome/107.0.0.0 Safari/537.36 0.012
127.0.0.1 - - [28/Nov/2022:17:05:53 +0100] GET /internal/data/v1/apis?context=/cycling_stats/1.0&version=1.0&gatewayLabel=Default HTTP/1.1 200 789 - Apache-HttpClient/4.5.13 (Java/11.0.17) 0.006
127.0.0.1 - - [28/Nov/2022:21:20:22 +0100] GET /oauth2/token/.well-known/openid-configuration HTTP/1.1 200 2245 - Apache-HttpClient/4.5.13 (Java/11.0.17) 0.377
127.0.0.1 - - [28/Nov/2022:21:20:22 +0100] GET /internal/data/v1/endpoint-certificates HTTP/1.1 200 2 - Apache-HttpClient/4.5.13 (Java/11.0.17) 2.150
127.0.0.1 - - [28/Nov/2022:21:20:22 +0100] GET /internal/data/v1/keyTemplates HTTP/1.1 200 2 - Apache-HttpClient/4.5.13 (Java/11.0.17) 1.525
127.0.0.1 - - [28/Nov/2022:21:20:22 +0100] GET /internal/data/v1/revokedjwt HTTP/1.1 200 171 - Apache-HttpClient/4.5.13 (Java/11.0.17) 1.546
127.0.0.1 - - [28/Nov/2022:21:20:22 +0100] GET /internal/data/v1/ga-config HTTP/1.1 200 396 - Apache-HttpClient/4.5.13 (Java/11.0.17) 0.026
127.0.0.1 - - [28/Nov/2022:21:20:22 +0100] GET /internal/data/v1/webhooks-subscriptions HTTP/1.1 200 29 - Apache-HttpClient/4.5.13 (Java/11.0.17) 2.203
127.0.0.1 - - [28/Nov/2022:21:20:22 +0100] GET /internal/data/v1/block HTTP/1.1 200 75 - Apache-HttpClient/4.5.13 (Java/11.0.17) 1.585
127.0.0.1 - - [28/Nov/2022:21:20:22 +0100] GET /internal/data/v1/api-logging-configs HTTP/1.1 200 11 - Apache-HttpClient/4.5.13 (Java/11.0.17) 2.214
127.0.0.1 - - [28/Nov/2022:21:20:22 +0100] GET /internal/data/v1/subscriptions HTTP/1.1 200 818 - Apache-HttpClient/4.5.13 (Java/11.0.17) 2.148
127.0.0.1 - - [28/Nov/2022:21:20:22 +0100] GET /internal/data/v1/application-key-mappings HTTP/1.1 200 394 - Apache-HttpClient/4.5.13 (Java/11.0.17) 2.142
127.0.0.1 - - [28/Nov/2022:21:20:22 +0100] GET /internal/data/v1/apis?gatewayLabel=Default HTTP/1.1 200 389 - Apache-HttpClient/4.5.13 (Java/11.0.17) 2.151
127.0.0.1 - - [28/Nov/2022:21:20:22 +0100] GET /internal/data/v1/application-policies HTTP/1.1 200 259 - Apache-HttpClient/4.5.13 (Java/11.0.17) 2.167
127.0.0.1 - - [28/Nov/2022:21:20:22 +0100] GET /internal/data/v1/api-policies HTTP/1.1 200 320 - Apache-HttpClient/4.5.13 (Java/11.0.17) 2.173
127.0.0.1 - - [28/Nov/2022:21:20:22 +0100] GET /internal/data/v1/subscription-policies HTTP/1.1 200 483 - Apache-HttpClient/4.5.13 (Java/11.0.17) 2.253
127.0.0.1 - - [28/Nov/2022:21:20:22 +0100] GET /internal/data/v1/subscription-policies HTTP/1.1 200 483 - Apache-HttpClient/4.5.13 (Java/11.0.17) 2.182
127.0.0.1 - - [28/Nov/2022:21:20:22 +0100] GET /internal/data/v1/applications HTTP/1.1 200 421 - Apache-HttpClient/4.5.13 (Java/11.0.17) 2.206
127.0.0.1 - - [28/Nov/2022:21:20:22 +0100] GET /internal/data/v1/keymanagers HTTP/1.1 200 921 - Apache-HttpClient/4.5.13 (Java/11.0.17) 2.280
127.0.0.1 - - [28/Nov/2022:21:20:22 +0100] GET /internal/data/v1/scopes HTTP/1.1 200 39 - Apache-HttpClient/4.5.13 (Java/11.0.17) 0.037
127.0.0.1 - - [28/Nov/2022:21:20:22 +0100] GET /internal/data/v1/runtime-artifacts?gatewayLabel=RGVmYXVsdA&type=Synapse HTTP/1.1 200 3334 - Apache-HttpClient/4.5.13 (Java/11.0.17) 2.671
127.0.0.1 - - [28/Nov/2022:21:20:23 +0100] GET /internal/data/v1/application-policies HTTP/1.1 200 259 - Apache-HttpClient/4.5.13 (Java/11.0.17) 0.057
127.0.0.1 - - [28/Nov/2022:21:20:23 +0100] GET /internal/data/v1/api-policies HTTP/1.1 200 320 - Apache-HttpClient/4.5.13 (Java/11.0.17) 0.022
127.0.0.1 - - [28/Nov/2022:21:20:23 +0100] GET /internal/data/v1/global-policies HTTP/1.1 200 39 - Apache-HttpClient/4.5.13 (Java/11.0.17) 0.038
0:0:0:0:0:0:0:1 - - [28/Nov/2022:21:42:31 +0100] - 400 - - - 0.000
0:0:0:0:0:0:0:1 - - [28/Nov/2022:21:42:31 +0100] - 400 - - - 0.000
0:0:0:0:0:0:0:1 - - [28/Nov/2022:21:42:31 +0100] GET /publisher HTTP/1.1 302 - - Mozilla/5.0 (Windows NT 10.0; Win64; x64) AppleWebKit/537.36 (KHTML, like Gecko) Chrome/107.0.0.0 Safari/537.36 0.000
0:0:0:0:0:0:0:1 - - [28/Nov/2022:21:42:32 +0100] GET /publisher/ HTTP/1.1 200 1057 - Mozilla/5.0 (Windows NT 10.0; Win64; x64) AppleWebKit/537.36 (KHTML, like Gecko) Chrome/107.0.0.0 Safari/537.36 0.300
0:0:0:0:0:0:0:1 - - [28/Nov/2022:21:42:32 +0100] - 400 - - - 0.000
0:0:0:0:0:0:0:1 - - [28/Nov/2022:21:42:32 +0100] - 400 - - - 0.000
0:0:0:0:0:0:0:1 - - [28/Nov/2022:21:42:32 +0100] GET /publisher/site/public/css/main.css HTTP/1.1 200 1817 https://localhost:9443/publisher/ Mozilla/5.0 (Windows NT 10.0; Win64; x64) AppleWebKit/537.36 (KHTML, like Gecko) Chrome/107.0.0.0 Safari/537.36 0.022
0:0:0:0:0:0:0:1 - - [28/Nov/2022:21:42:32 +0100] GET /publisher/site/public/css/draftjs.css HTTP/1.1 200 2643 https://localhost:9443/publisher/ Mozilla/5.0 (Windows NT 10.0; Win64; x64) AppleWebKit/537.36 (KHTML, like Gecko) Chrome/107.0.0.0 Safari/537.36 0.002
0:0:0:0:0:0:0:1 - - [28/Nov/2022:21:42:32 +0100] GET /publisher/site/public/fonts/iconfont/MaterialIcons.js HTTP/1.1 200 6703 https://localhost:9443/publisher/ Mozilla/5.0 (Windows NT 10.0; Win64; x64) AppleWebKit/537.36 (KHTML, like Gecko) Chrome/107.0.0.0 Safari/537.36 0.009
0:0:0:0:0:0:0:1 - - [28/Nov/2022:21:42:32 +0100] GET /publisher/site/public/fonts/iconfont/material-icons.css HTTP/1.1 200 970 https://localhost:9443/publisher/ Mozilla/5.0 (Windows NT 10.0; Win64; x64) AppleWebKit/537.36 (KHTML, like Gecko) Chrome/107.0.0.0 Safari/537.36 0.007
0:0:0:0:0:0:0:1 - - [28/Nov/2022:21:42:32 +0100] GET /publisher/site/public/conf/userThemes.js HTTP/1.1 200 937 https://localhost:9443/publisher/ Mozilla/5.0 (Windows NT 10.0; Win64; x64) AppleWebKit/537.36 (KHTML, like Gecko) Chrome/107.0.0.0 Safari/537.36 0.007
0:0:0:0:0:0:0:1 - - [28/Nov/2022:21:42:32 +0100] GET /publisher/site/public/conf/portalSettings.js HTTP/1.1 200 768 https://localhost:9443/publisher/ Mozilla/5.0 (Windows NT 10.0; Win64; x64) AppleWebKit/537.36 (KHTML, like Gecko) Chrome/107.0.0.0 Safari/537.36 0.004
0:0:0:0:0:0:0:1 - - [28/Nov/2022:21:42:32 +0100] GET /publisher/services/settings/settings.js HTTP/1.1 200 1037 https://localhost:9443/publisher/ Mozilla/5.0 (Windows NT 10.0; Win64; x64) AppleWebKit/537.36 (KHTML, like Gecko) Chrome/107.0.0.0 Safari/537.36 0.023
0:0:0:0:0:0:0:1 - - [28/Nov/2022:21:42:32 +0100] GET /publisher/site/public/dist/index.791eaaf190e69cdbf569.bundle.js HTTP/1.1 200 185428 https://localhost:9443/publisher/ Mozilla/5.0 (Windows NT 10.0; Win64; x64) AppleWebKit/537.36 (KHTML, like Gecko) Chrome/107.0.0.0 Safari/537.36 0.073
0:0:0:0:0:0:0:1 - - [28/Nov/2022:21:42:32 +0100] GET /publisher/site/public/locales/nl.json HTTP/1.1 404 247 https://localhost:9443/publisher/ Mozilla/5.0 (Windows NT 10.0; Win64; x64) AppleWebKit/537.36 (KHTML, like Gecko) Chrome/107.0.0.0 Safari/537.36 0.015
0:0:0:0:0:0:0:1 - - [28/Nov/2022:21:42:32 +0100] GET /publisher/site/public/dist/ProtectedApps.7971e885d70b991d74fd.bundle.js HTTP/1.1 200 123487 https://localhost:9443/publisher/ Mozilla/5.0 (Windows NT 10.0; Win64; x64) AppleWebKit/537.36 (KHTML, like Gecko) Chrome/107.0.0.0 Safari/537.36 0.113
0:0:0:0:0:0:0:1 - - [28/Nov/2022:21:42:32 +0100] GET /publisher/site/public/fonts/Open_Sans/mem8YaGs126MiZpBA-UFVZ0bf8pkAg.woff2 HTTP/1.1 200 8892 https://localhost:9443/publisher/site/public/css/main.css Mozilla/5.0 (Windows NT 10.0; Win64; x64) AppleWebKit/537.36 (KHTML, like Gecko) Chrome/107.0.0.0 Safari/537.36 0.016
0:0:0:0:0:0:0:1 - - [28/Nov/2022:21:42:32 +0100] GET /publisher/site/public/dist/vendors~ProtectedApps.10ca35e6eb5e72a5c159.bundle.js HTTP/1.1 200 359501 https://localhost:9443/publisher/ Mozilla/5.0 (Windows NT 10.0; Win64; x64) AppleWebKit/537.36 (KHTML, like Gecko) Chrome/107.0.0.0 Safari/537.36 0.263
0:0:0:0:0:0:0:1 - - [28/Nov/2022:21:42:32 +0100] GET /oidc/checksession?client_id=null&redirect_uri=https://localhost:9443/publisher/services/auth/callback/login HTTP/1.1 200 51 https://localhost:9443/publisher/ Mozilla/5.0 (Windows NT 10.0; Win64; x64) AppleWebKit/537.36 (KHTML, like Gecko) Chrome/107.0.0.0 Safari/537.36 0.258
0:0:0:0:0:0:0:1 - - [28/Nov/2022:21:42:33 +0100] GET /publisher/site/public/dist/DeferredAPIs.19a013db8d140b85d876.bundle.js HTTP/1.1 200 32348 https://localhost:9443/publisher/apis Mozilla/5.0 (Windows NT 10.0; Win64; x64) AppleWebKit/537.36 (KHTML, like Gecko) Chrome/107.0.0.0 Safari/537.36 0.008
0:0:0:0:0:0:0:1 - - [28/Nov/2022:21:42:33 +0100] GET /publisher/site/public/images/logo.svg HTTP/1.1 200 18050 https://localhost:9443/publisher/apis Mozilla/5.0 (Windows NT 10.0; Win64; x64) AppleWebKit/537.36 (KHTML, like Gecko) Chrome/107.0.0.0 Safari/537.36 0.008
0:0:0:0:0:0:0:1 - - [28/Nov/2022:21:42:33 +0100] GET /publisher/site/public/fonts/iconfont/MaterialIcons-Regular.woff2 HTTP/1.1 200 60840 https://localhost:9443/publisher/site/public/fonts/iconfont/material-icons.css Mozilla/5.0 (Windows NT 10.0; Win64; x64) AppleWebKit/537.36 (KHTML, like Gecko) Chrome/107.0.0.0 Safari/537.36 0.001
0:0:0:0:0:0:0:1 - - [28/Nov/2022:21:42:33 +0100] GET /publisher/site/public/dist/vendors~APICreateRoutes.af1a060c415d21ca7eaa.bundle.js HTTP/1.1 200 5559 https://localhost:9443/publisher/apis Mozilla/5.0 (Windows NT 10.0; Win64; x64) AppleWebKit/537.36 (KHTML, like Gecko) Chrome/107.0.0.0 Safari/537.36 0.005
0:0:0:0:0:0:0:1 - - [28/Nov/2022:21:42:33 +0100] GET /publisher/site/public/dist/APICreateRoutes~DeferredDetails.244151c74d1c2f1757ae.bundle.js HTTP/1.1 200 12101 https://localhost:9443/publisher/apis Mozilla/5.0 (Windows NT 10.0; Win64; x64) AppleWebKit/537.36 (KHTML, like Gecko) Chrome/107.0.0.0 Safari/537.36 0.008
0:0:0:0:0:0:0:1 - - [28/Nov/2022:21:42:33 +0100] GET /publisher/site/public/dist/APICreateRoutes.579f85211cdf00564e90.bundle.js HTTP/1.1 200 15465 https://localhost:9443/publisher/apis Mozilla/5.0 (Windows NT 10.0; Win64; x64) AppleWebKit/537.36 (KHTML, like Gecko) Chrome/107.0.0.0 Safari/537.36 0.011
0:0:0:0:0:0:0:1 - - [28/Nov/2022:21:42:34 +0100] GET /api/am/publisher/v3/swagger.yaml HTTP/1.1 200 43144 https://localhost:9443/publisher/apis Mozilla/5.0 (Windows NT 10.0; Win64; x64) AppleWebKit/537.36 (KHTML, like Gecko) Chrome/107.0.0.0 Safari/537.36 1.322
127.0.0.1 - - [28/Nov/2022:21:42:35 +0100] POST /oauth2/token HTTP/1.1 200 2152 - Jakarta Commons-HttpClient/3.1 0.522
0:0:0:0:0:0:0:1 - - [28/Nov/2022:21:42:35 +0100] POST /publisher/services/refresh/refresh.jag HTTP/1.1 200 2 https://localhost:9443/publisher/apis Mozilla/5.0 (Windows NT 10.0; Win64; x64) AppleWebKit/537.36 (KHTML, like Gecko) Chrome/107.0.0.0 Safari/537.36 0.766
127.0.0.1 - - [28/Nov/2022:21:42:36 +0100] POST /internal/data/v1/notify HTTP/1.1 200 - - Apache-HttpClient/4.5.13 (Java/11.0.17) 0.291
0:0:0:0:0:0:0:1 - - [28/Nov/2022:21:42:38 +0100] GET /api/am/publisher/v3/apis?limit=10&offset=0 HTTP/1.1 200 939 https://localhost:9443/publisher/apis Mozilla/5.0 (Windows NT 10.0; Win64; x64) AppleWebKit/537.36 (KHTML, like Gecko) Chrome/107.0.0.0 Safari/537.36 2.336
0:0:0:0:0:0:0:1 - - [28/Nov/2022:21:42:38 +0100] GET /publisher/site/public/fonts/Open_Sans/mem5YaGs126MiZpBA-UNirkOUuhpKKSTjw.woff2 HTTP/1.1 200 8916 https://localhost:9443/publisher/site/public/css/main.css Mozilla/5.0 (Windows NT 10.0; Win64; x64) AppleWebKit/537.36 (KHTML, like Gecko) Chrome/107.0.0.0 Safari/537.36 0.004
0:0:0:0:0:0:0:1 - - [28/Nov/2022:21:42:40 +0100] - 400 - - - 0.000
0:0:0:0:0:0:0:1 - - [28/Nov/2022:21:42:40 +0100] - 400 - - - 0.000
0:0:0:0:0:0:0:1 - - [28/Nov/2022:21:42:40 +0100] GET /publisher/site/public/dist/APICreateRoutes~DeferredDetails.244151c74d1c2f1757ae.bundle.js HTTP/1.1 200 12101 https://localhost:9443/publisher/apis/e902effb-881d-466a-b864-1963d4d3e6c8/overview Mozilla/5.0 (Windows NT 10.0; Win64; x64) AppleWebKit/537.36 (KHTML, like Gecko) Chrome/107.0.0.0 Safari/537.36 0.009
0:0:0:0:0:0:0:1 - - [28/Nov/2022:21:42:40 +0100] GET /publisher/site/public/dist/vendors~DeferredDetails~ServiceOverviewSwaggerUI.1f47dbe9c68e243fb17e.bundle.js HTTP/1.1 200 59967 https://localhost:9443/publisher/apis/e902effb-881d-466a-b864-1963d4d3e6c8/overview Mozilla/5.0 (Windows NT 10.0; Win64; x64) AppleWebKit/537.36 (KHTML, like Gecko) Chrome/107.0.0.0 Safari/537.36 0.062
0:0:0:0:0:0:0:1 - - [28/Nov/2022:21:42:40 +0100] GET /publisher/site/public/dist/DeferredDetails.6f0d0b270d6a5cd40e52.bundle.js HTTP/1.1 200 270802 https://localhost:9443/publisher/apis/e902effb-881d-466a-b864-1963d4d3e6c8/overview Mozilla/5.0 (Windows NT 10.0; Win64; x64) AppleWebKit/537.36 (KHTML, like Gecko) Chrome/107.0.0.0 Safari/537.36 0.139
0:0:0:0:0:0:0:1 - - [28/Nov/2022:21:42:40 +0100] GET /publisher/site/public/dist/vendors~DeferredDetails.5e950ee2de9ff5d2eee1.bundle.js HTTP/1.1 200 427751 https://localhost:9443/publisher/apis/e902effb-881d-466a-b864-1963d4d3e6c8/overview Mozilla/5.0 (Windows NT 10.0; Win64; x64) AppleWebKit/537.36 (KHTML, like Gecko) Chrome/107.0.0.0 Safari/537.36 0.220
0:0:0:0:0:0:0:1 - - [28/Nov/2022:21:42:40 +0100] GET /publisher/site/public/dist/vendors~APIDefMonacoEditor~DeferredDetails.817d7c0f8fdfedd0ab60.bundle.js HTTP/1.1 200 600260 https://localhost:9443/publisher/apis/e902effb-881d-466a-b864-1963d4d3e6c8/overview Mozilla/5.0 (Windows NT 10.0; Win64; x64) AppleWebKit/537.36 (KHTML, like Gecko) Chrome/107.0.0.0 Safari/537.36 0.277
0:0:0:0:0:0:0:1 - - [28/Nov/2022:21:42:41 +0100] GET /api/am/publisher/v3/tenants?state=active HTTP/1.1 200 96 https://localhost:9443/publisher/apis/e902effb-881d-466a-b864-1963d4d3e6c8/overview Mozilla/5.0 (Windows NT 10.0; Win64; x64) AppleWebKit/537.36 (KHTML, like Gecko) Chrome/107.0.0.0 Safari/537.36 0.078
0:0:0:0:0:0:0:1 - - [28/Nov/2022:21:42:41 +0100] GET /api/am/publisher/v3/apis/e902effb-881d-466a-b864-1963d4d3e6c8 HTTP/1.1 200 1177 https://localhost:9443/publisher/apis/e902effb-881d-466a-b864-1963d4d3e6c8/overview Mozilla/5.0 (Windows NT 10.0; Win64; x64) AppleWebKit/537.36 (KHTML, like Gecko) Chrome/107.0.0.0 Safari/537.36 0.359
0:0:0:0:0:0:0:1 - - [28/Nov/2022:21:42:41 +0100] GET /api/am/publisher/v3/settings HTTP/1.1 200 665 https://localhost:9443/publisher/apis/e902effb-881d-466a-b864-1963d4d3e6c8/overview Mozilla/5.0 (Windows NT 10.0; Win64; x64) AppleWebKit/537.36 (KHTML, like Gecko) Chrome/107.0.0.0 Safari/537.36 0.317
0:0:0:0:0:0:0:1 - - [28/Nov/2022:21:42:42 +0100] GET /api/am/publisher/v3/apis/e902effb-881d-466a-b864-1963d4d3e6c8/revisions HTTP/1.1 200 404 https://localhost:9443/publisher/apis/e902effb-881d-466a-b864-1963d4d3e6c8/overview Mozilla/5.0 (Windows NT 10.0; Win64; x64) AppleWebKit/537.36 (KHTML, like Gecko) Chrome/107.0.0.0 Safari/537.36 0.015
0:0:0:0:0:0:0:1 - - [28/Nov/2022:21:42:42 +0100] GET /api/am/publisher/v3/apis/e902effb-881d-466a-b864-1963d4d3e6c8/revisions?query=deployed%3Atrue HTTP/1.1 200 404 https://localhost:9443/publisher/apis/e902effb-881d-466a-b864-1963d4d3e6c8/overview Mozilla/5.0 (Windows NT 10.0; Win64; x64) AppleWebKit/537.36 (KHTML, like Gecko) Chrome/107.0.0.0 Safari/537.36 0.015
0:0:0:0:0:0:0:1 - - [28/Nov/2022:21:42:42 +0100] GET /api/am/publisher/v3/apis/e902effb-881d-466a-b864-1963d4d3e6c8/revisions?query=deployed%3Atrue HTTP/1.1 200 404 https://localhost:9443/publisher/apis/e902effb-881d-466a-b864-1963d4d3e6c8/overview Mozilla/5.0 (Windows NT 10.0; Win64; x64) AppleWebKit/537.36 (KHTML, like Gecko) Chrome/107.0.0.0 Safari/537.36 0.020
0:0:0:0:0:0:0:1 - - [28/Nov/2022:21:42:42 +0100] GET /api/am/publisher/v3/apis/e902effb-881d-466a-b864-1963d4d3e6c8/swagger HTTP/1.1 200 731 https://localhost:9443/publisher/apis/e902effb-881d-466a-b864-1963d4d3e6c8/overview Mozilla/5.0 (Windows NT 10.0; Win64; x64) AppleWebKit/537.36 (KHTML, like Gecko) Chrome/107.0.0.0 Safari/537.36 0.162
0:0:0:0:0:0:0:1 - - [28/Nov/2022:21:42:42 +0100] GET /publisher/site/public/fonts/Open_Sans/mem5YaGs126MiZpBA-UN_r8OUuhpKKSTjw.woff2 HTTP/1.1 200 8732 https://localhost:9443/publisher/site/public/css/main.css Mozilla/5.0 (Windows NT 10.0; Win64; x64) AppleWebKit/537.36 (KHTML, like Gecko) Chrome/107.0.0.0 Safari/537.36 0.004
0:0:0:0:0:0:0:1 - - [28/Nov/2022:21:42:42 +0100] GET /api/am/publisher/v3/apis/e902effb-881d-466a-b864-1963d4d3e6c8/revisions?query=deployed%3Atrue HTTP/1.1 200 404 https://localhost:9443/publisher/apis/e902effb-881d-466a-b864-1963d4d3e6c8/overview Mozilla/5.0 (Windows NT 10.0; Win64; x64) AppleWebKit/537.36 (KHTML, like Gecko) Chrome/107.0.0.0 Safari/537.36 0.009
0:0:0:0:0:0:0:1 - - [28/Nov/2022:21:42:42 +0100] GET /api/am/publisher/v3/apis/e902effb-881d-466a-b864-1963d4d3e6c8/swagger HTTP/1.1 200 731 https://localhost:9443/publisher/apis/e902effb-881d-466a-b864-1963d4d3e6c8/overview Mozilla/5.0 (Windows NT 10.0; Win64; x64) AppleWebKit/537.36 (KHTML, like Gecko) Chrome/107.0.0.0 Safari/537.36 0.031
0:0:0:0:0:0:0:1 - - [28/Nov/2022:21:42:42 +0100] GET /api/am/publisher/v3/apis/e902effb-881d-466a-b864-1963d4d3e6c8/revisions?query=deployed%3Atrue HTTP/1.1 200 404 https://localhost:9443/publisher/apis/e902effb-881d-466a-b864-1963d4d3e6c8/overview Mozilla/5.0 (Windows NT 10.0; Win64; x64) AppleWebKit/537.36 (KHTML, like Gecko) Chrome/107.0.0.0 Safari/537.36 0.008
