0:0:0:0:0:0:0:1 - - [29/Nov/2022:13:12:57 +0100] GET /api/am/devportal/v2/subscriptions?apiId=7f38821b-0cfb-4a59-b040-829b31baec52&limit=25 HTTP/1.1 200 645 https://localhost:9443/devportal/apis/7f38821b-0cfb-4a59-b040-829b31baec52/credentials Mozilla/5.0 (Windows NT 10.0; Win64; x64) AppleWebKit/537.36 (KHTML, like Gecko) Chrome/107.0.0.0 Safari/537.36 0.147
0:0:0:0:0:0:0:1 - - [29/Nov/2022:13:12:57 +0100] GET /api/am/devportal/v2/subscriptions?apiId=7f38821b-0cfb-4a59-b040-829b31baec52&limit=5000 HTTP/1.1 200 645 https://localhost:9443/devportal/apis/7f38821b-0cfb-4a59-b040-829b31baec52/credentials Mozilla/5.0 (Windows NT 10.0; Win64; x64) AppleWebKit/537.36 (KHTML, like Gecko) Chrome/107.0.0.0 Safari/537.36 0.158
127.0.0.1 - - [29/Nov/2022:13:13:16 +0100] GET /keymanager-operations/dcr/register/dUthUVdzNEVTYnc2Vk0wN1VpdWpoaVdyMlpVYQ%3D%3D HTTP/1.1 200 723 - Apache-HttpClient/4.5.13 (Java/11.0.17) 0.033
127.0.0.1 - - [29/Nov/2022:13:13:16 +0100] GET /keymanager-operations/dcr/register/RFlDVW9aNGlHUlQySUVGSlVtWlBtdVVVSk1FYQ%3D%3D HTTP/1.1 200 518 - Apache-HttpClient/4.5.13 (Java/11.0.17) 0.014
127.0.0.1 - - [29/Nov/2022:13:13:16 +0100] GET /keymanager-operations/dcr/register/RFlDVW9aNGlHUlQySUVGSlVtWlBtdVVVSk1FYQ%3D%3D HTTP/1.1 200 518 - Apache-HttpClient/4.5.13 (Java/11.0.17) 0.014
127.0.0.1 - - [29/Nov/2022:13:13:16 +0100] PUT /keymanager-operations/dcr/register/RFlDVW9aNGlHUlQySUVGSlVtWlBtdVVVSk1FYQ%3D%3D HTTP/1.1 200 540 - Apache-HttpClient/4.5.13 (Java/11.0.17) 0.113
0:0:0:0:0:0:0:1 - - [29/Nov/2022:13:13:16 +0100] PUT /api/am/devportal/v2/applications/0550c906-ee9e-4c2a-b482-0eee061314ca/oauth-keys/6f72b8d5-3f01-45f2-986c-76ae43d7320c HTTP/1.1 200 605 https://localhost:9443/devportal/apis/7f38821b-0cfb-4a59-b040-829b31baec52/credentials Mozilla/5.0 (Windows NT 10.0; Win64; x64) AppleWebKit/537.36 (KHTML, like Gecko) Chrome/107.0.0.0 Safari/537.36 0.257
0:0:0:0:0:0:0:1 - - [29/Nov/2022:13:13:25 +0100] GET /devportal/site/public/images/_favicon.ico HTTP/1.1 200 1150 https://localhost:9443/devportal/apis/7f38821b-0cfb-4a59-b040-829b31baec52/credentials/wizard Mozilla/5.0 (Windows NT 10.0; Win64; x64) AppleWebKit/537.36 (KHTML, like Gecko) Chrome/107.0.0.0 Safari/537.36 0.008
0:0:0:0:0:0:0:1 - - [29/Nov/2022:13:13:25 +0100] GET /api/am/devportal/v2/throttling-policies/application HTTP/1.1 200 473 https://localhost:9443/devportal/apis/7f38821b-0cfb-4a59-b040-829b31baec52/credentials/wizard Mozilla/5.0 (Windows NT 10.0; Win64; x64) AppleWebKit/537.36 (KHTML, like Gecko) Chrome/107.0.0.0 Safari/537.36 0.016
0:0:0:0:0:0:0:1 - - [29/Nov/2022:13:13:25 +0100] GET /api/am/devportal/v2/settings/application-attributes HTTP/1.1 200 21 https://localhost:9443/devportal/apis/7f38821b-0cfb-4a59-b040-829b31baec52/credentials/wizard Mozilla/5.0 (Windows NT 10.0; Win64; x64) AppleWebKit/537.36 (KHTML, like Gecko) Chrome/107.0.0.0 Safari/537.36 0.024
127.0.0.1 - - [29/Nov/2022:13:13:25 +0100] GET /oauth2/token/.well-known/openid-configuration HTTP/1.1 200 2245 - Apache-HttpClient/4.5.13 (Java/11.0.17) 0.004
0:0:0:0:0:0:0:1 - - [29/Nov/2022:13:13:25 +0100] GET /api/am/devportal/v2/key-managers HTTP/1.1 200 754 https://localhost:9443/devportal/apis/7f38821b-0cfb-4a59-b040-829b31baec52/credentials/wizard Mozilla/5.0 (Windows NT 10.0; Win64; x64) AppleWebKit/537.36 (KHTML, like Gecko) Chrome/107.0.0.0 Safari/537.36 0.064
0:0:0:0:0:0:0:1 - - [29/Nov/2022:13:13:28 +0100] GET /api/am/devportal/v2/applications?limit=5000 HTTP/1.1 200 514 https://localhost:9443/devportal/apis/7f38821b-0cfb-4a59-b040-829b31baec52/credentials/credentials Mozilla/5.0 (Windows NT 10.0; Win64; x64) AppleWebKit/537.36 (KHTML, like Gecko) Chrome/107.0.0.0 Safari/537.36 0.054
0:0:0:0:0:0:0:1 - - [29/Nov/2022:13:13:28 +0100] GET /api/am/devportal/v2/apis/7f38821b-0cfb-4a59-b040-829b31baec52 HTTP/1.1 200 1256 https://localhost:9443/devportal/apis/7f38821b-0cfb-4a59-b040-829b31baec52/credentials/credentials Mozilla/5.0 (Windows NT 10.0; Win64; x64) AppleWebKit/537.36 (KHTML, like Gecko) Chrome/107.0.0.0 Safari/537.36 0.090
0:0:0:0:0:0:0:1 - - [29/Nov/2022:13:13:28 +0100] GET /devportal/site/public/images/_favicon.ico HTTP/1.1 200 1150 https://localhost:9443/devportal/apis/7f38821b-0cfb-4a59-b040-829b31baec52/credentials/credentials Mozilla/5.0 (Windows NT 10.0; Win64; x64) AppleWebKit/537.36 (KHTML, like Gecko) Chrome/107.0.0.0 Safari/537.36 0.002
127.0.0.1 - - [29/Nov/2022:13:13:28 +0100] GET /keymanager-operations/dcr/register/dUthUVdzNEVTYnc2Vk0wN1VpdWpoaVdyMlpVYQ%3D%3D HTTP/1.1 200 723 - Apache-HttpClient/4.5.13 (Java/11.0.17) 0.015
127.0.0.1 - - [29/Nov/2022:13:13:28 +0100] GET /keymanager-operations/dcr/register/RFlDVW9aNGlHUlQySUVGSlVtWlBtdVVVSk1FYQ%3D%3D HTTP/1.1 200 540 - Apache-HttpClient/4.5.13 (Java/11.0.17) 0.037
127.0.0.1 - - [29/Nov/2022:13:13:28 +0100] GET /keymanager-operations/dcr/register/dUthUVdzNEVTYnc2Vk0wN1VpdWpoaVdyMlpVYQ%3D%3D HTTP/1.1 200 723 - Apache-HttpClient/4.5.13 (Java/11.0.17) 0.014
127.0.0.1 - - [29/Nov/2022:13:13:28 +0100] GET /keymanager-operations/dcr/register/RFlDVW9aNGlHUlQySUVGSlVtWlBtdVVVSk1FYQ%3D%3D HTTP/1.1 200 540 - Apache-HttpClient/4.5.13 (Java/11.0.17) 0.014
0:0:0:0:0:0:0:1 - - [29/Nov/2022:13:13:28 +0100] GET /api/am/devportal/v2/subscriptions?apiId=7f38821b-0cfb-4a59-b040-829b31baec52&limit=5000 HTTP/1.1 200 645 https://localhost:9443/devportal/apis/7f38821b-0cfb-4a59-b040-829b31baec52/credentials/credentials Mozilla/5.0 (Windows NT 10.0; Win64; x64) AppleWebKit/537.36 (KHTML, like Gecko) Chrome/107.0.0.0 Safari/537.36 0.163
0:0:0:0:0:0:0:1 - - [29/Nov/2022:13:13:28 +0100] GET /api/am/devportal/v2/subscriptions?apiId=7f38821b-0cfb-4a59-b040-829b31baec52&limit=25 HTTP/1.1 200 645 https://localhost:9443/devportal/apis/7f38821b-0cfb-4a59-b040-829b31baec52/credentials/credentials Mozilla/5.0 (Windows NT 10.0; Win64; x64) AppleWebKit/537.36 (KHTML, like Gecko) Chrome/107.0.0.0 Safari/537.36 0.163
0:0:0:0:0:0:0:1 - - [29/Nov/2022:13:13:30 +0100] GET /devportal/site/public/images/_favicon.ico HTTP/1.1 200 1150 https://localhost:9443/devportal/apis/7f38821b-0cfb-4a59-b040-829b31baec52/overview Mozilla/5.0 (Windows NT 10.0; Win64; x64) AppleWebKit/537.36 (KHTML, like Gecko) Chrome/107.0.0.0 Safari/537.36 0.000
0:0:0:0:0:0:0:1 - - [29/Nov/2022:13:13:30 +0100] GET /api/am/devportal/v2/throttling-policies/subscription HTTP/1.1 200 634 https://localhost:9443/devportal/apis/7f38821b-0cfb-4a59-b040-829b31baec52/overview Mozilla/5.0 (Windows NT 10.0; Win64; x64) AppleWebKit/537.36 (KHTML, like Gecko) Chrome/107.0.0.0 Safari/537.36 0.014
0:0:0:0:0:0:0:1 - - [29/Nov/2022:13:13:30 +0100] GET /api/am/devportal/v2/throttling-policies/subscription HTTP/1.1 200 634 https://localhost:9443/devportal/apis/7f38821b-0cfb-4a59-b040-829b31baec52/overview Mozilla/5.0 (Windows NT 10.0; Win64; x64) AppleWebKit/537.36 (KHTML, like Gecko) Chrome/107.0.0.0 Safari/537.36 0.011
0:0:0:0:0:0:0:1 - - [29/Nov/2022:13:13:30 +0100] GET /api/am/devportal/v2/apis/7f38821b-0cfb-4a59-b040-829b31baec52/documents HTTP/1.1 200 92 https://localhost:9443/devportal/apis/7f38821b-0cfb-4a59-b040-829b31baec52/overview Mozilla/5.0 (Windows NT 10.0; Win64; x64) AppleWebKit/537.36 (KHTML, like Gecko) Chrome/107.0.0.0 Safari/537.36 0.032
0:0:0:0:0:0:0:1 - - [29/Nov/2022:13:13:30 +0100] GET /api/am/devportal/v2/apis/7f38821b-0cfb-4a59-b040-829b31baec52/documents HTTP/1.1 200 92 https://localhost:9443/devportal/apis/7f38821b-0cfb-4a59-b040-829b31baec52/overview Mozilla/5.0 (Windows NT 10.0; Win64; x64) AppleWebKit/537.36 (KHTML, like Gecko) Chrome/107.0.0.0 Safari/537.36 0.026
0:0:0:0:0:0:0:1 - - [29/Nov/2022:13:13:30 +0100] GET /api/am/devportal/v2/apis/7f38821b-0cfb-4a59-b040-829b31baec52/ratings HTTP/1.1 200 125 https://localhost:9443/devportal/apis/7f38821b-0cfb-4a59-b040-829b31baec52/overview Mozilla/5.0 (Windows NT 10.0; Win64; x64) AppleWebKit/537.36 (KHTML, like Gecko) Chrome/107.0.0.0 Safari/537.36 0.021
0:0:0:0:0:0:0:1 - - [29/Nov/2022:13:13:30 +0100] GET /api/am/devportal/v2/apis/7f38821b-0cfb-4a59-b040-829b31baec52/thumbnail HTTP/1.1 204 - https://localhost:9443/devportal/apis/7f38821b-0cfb-4a59-b040-829b31baec52/overview Mozilla/5.0 (Windows NT 10.0; Win64; x64) AppleWebKit/537.36 (KHTML, like Gecko) Chrome/107.0.0.0 Safari/537.36 0.028
0:0:0:0:0:0:0:1 - - [29/Nov/2022:13:13:30 +0100] GET /api/am/devportal/v2/apis/7f38821b-0cfb-4a59-b040-829b31baec52/comments?limit=5&offset=0 HTTP/1.1 200 101 https://localhost:9443/devportal/apis/7f38821b-0cfb-4a59-b040-829b31baec52/overview Mozilla/5.0 (Windows NT 10.0; Win64; x64) AppleWebKit/537.36 (KHTML, like Gecko) Chrome/107.0.0.0 Safari/537.36 0.030
0:0:0:0:0:0:0:1 - - [29/Nov/2022:13:13:39 +0100] GET /devportal/site/public/dist/APIDocuments.ad308aae76b1bb1c0537.bundle.js HTTP/1.1 200 5530 https://localhost:9443/devportal/apis/7f38821b-0cfb-4a59-b040-829b31baec52/documents Mozilla/5.0 (Windows NT 10.0; Win64; x64) AppleWebKit/537.36 (KHTML, like Gecko) Chrome/107.0.0.0 Safari/537.36 0.012
0:0:0:0:0:0:0:1 - - [29/Nov/2022:13:13:39 +0100] GET /devportal/site/public/images/_favicon.ico HTTP/1.1 200 1150 https://localhost:9443/devportal/apis/7f38821b-0cfb-4a59-b040-829b31baec52/documents Mozilla/5.0 (Windows NT 10.0; Win64; x64) AppleWebKit/537.36 (KHTML, like Gecko) Chrome/107.0.0.0 Safari/537.36 0.003
0:0:0:0:0:0:0:1 - - [29/Nov/2022:13:13:40 +0100] GET /api/am/devportal/v2/apis/7f38821b-0cfb-4a59-b040-829b31baec52/documents HTTP/1.1 200 92 https://localhost:9443/devportal/apis/7f38821b-0cfb-4a59-b040-829b31baec52/documents Mozilla/5.0 (Windows NT 10.0; Win64; x64) AppleWebKit/537.36 (KHTML, like Gecko) Chrome/107.0.0.0 Safari/537.36 0.058
0:0:0:0:0:0:0:1 - - [29/Nov/2022:13:13:41 +0100] GET /devportal/site/public/dist/APISdk.ea9decc9f2d8a69c7fe5.bundle.js HTTP/1.1 200 2441 https://localhost:9443/devportal/apis/7f38821b-0cfb-4a59-b040-829b31baec52/sdk Mozilla/5.0 (Windows NT 10.0; Win64; x64) AppleWebKit/537.36 (KHTML, like Gecko) Chrome/107.0.0.0 Safari/537.36 0.008
0:0:0:0:0:0:0:1 - - [29/Nov/2022:13:13:41 +0100] GET /devportal/site/public/images/_favicon.ico HTTP/1.1 200 1150 https://localhost:9443/devportal/apis/7f38821b-0cfb-4a59-b040-829b31baec52/sdk Mozilla/5.0 (Windows NT 10.0; Win64; x64) AppleWebKit/537.36 (KHTML, like Gecko) Chrome/107.0.0.0 Safari/537.36 0.001
0:0:0:0:0:0:0:1 - - [29/Nov/2022:13:13:41 +0100] GET /api/am/devportal/v2/sdk-gen/languages HTTP/1.1 200 40 https://localhost:9443/devportal/apis/7f38821b-0cfb-4a59-b040-829b31baec52/sdk Mozilla/5.0 (Windows NT 10.0; Win64; x64) AppleWebKit/537.36 (KHTML, like Gecko) Chrome/107.0.0.0 Safari/537.36 0.018
0:0:0:0:0:0:0:1 - - [29/Nov/2022:13:13:41 +0100] GET /devportal/site/public/images/sdks/android.svg HTTP/1.1 200 1521 https://localhost:9443/devportal/apis/7f38821b-0cfb-4a59-b040-829b31baec52/sdk Mozilla/5.0 (Windows NT 10.0; Win64; x64) AppleWebKit/537.36 (KHTML, like Gecko) Chrome/107.0.0.0 Safari/537.36 0.007
0:0:0:0:0:0:0:1 - - [29/Nov/2022:13:13:41 +0100] GET /devportal/site/public/images/sdks/java.svg HTTP/1.1 200 2633 https://localhost:9443/devportal/apis/7f38821b-0cfb-4a59-b040-829b31baec52/sdk Mozilla/5.0 (Windows NT 10.0; Win64; x64) AppleWebKit/537.36 (KHTML, like Gecko) Chrome/107.0.0.0 Safari/537.36 0.007
0:0:0:0:0:0:0:1 - - [29/Nov/2022:13:13:41 +0100] GET /devportal/site/public/images/sdks/javascript.svg HTTP/1.1 200 79025 https://localhost:9443/devportal/apis/7f38821b-0cfb-4a59-b040-829b31baec52/sdk Mozilla/5.0 (Windows NT 10.0; Win64; x64) AppleWebKit/537.36 (KHTML, like Gecko) Chrome/107.0.0.0 Safari/537.36 0.011
0:0:0:0:0:0:0:1 - - [29/Nov/2022:13:13:41 +0100] GET /devportal/site/public/images/sdks/jmeter.svg HTTP/1.1 200 152455 https://localhost:9443/devportal/apis/7f38821b-0cfb-4a59-b040-829b31baec52/sdk Mozilla/5.0 (Windows NT 10.0; Win64; x64) AppleWebKit/537.36 (KHTML, like Gecko) Chrome/107.0.0.0 Safari/537.36 0.019
0:0:0:0:0:0:0:1 - - [29/Nov/2022:13:13:47 +0100] GET /devportal/site/public/images/_favicon.ico HTTP/1.1 200 1150 https://localhost:9443/devportal/apis/7f38821b-0cfb-4a59-b040-829b31baec52/comments Mozilla/5.0 (Windows NT 10.0; Win64; x64) AppleWebKit/537.36 (KHTML, like Gecko) Chrome/107.0.0.0 Safari/537.36 0.002
0:0:0:0:0:0:0:1 - - [29/Nov/2022:13:13:47 +0100] GET /api/am/devportal/v2/apis/7f38821b-0cfb-4a59-b040-829b31baec52/comments?limit=5&offset=0 HTTP/1.1 200 101 https://localhost:9443/devportal/apis/7f38821b-0cfb-4a59-b040-829b31baec52/comments Mozilla/5.0 (Windows NT 10.0; Win64; x64) AppleWebKit/537.36 (KHTML, like Gecko) Chrome/107.0.0.0 Safari/537.36 0.041
0:0:0:0:0:0:0:1 - - [29/Nov/2022:13:13:49 +0100] GET /devportal/site/public/dist/APIConsole.e692d99b83731b72dbe6.bundle.js HTTP/1.1 200 4237 https://localhost:9443/devportal/apis/7f38821b-0cfb-4a59-b040-829b31baec52/test Mozilla/5.0 (Windows NT 10.0; Win64; x64) AppleWebKit/537.36 (KHTML, like Gecko) Chrome/107.0.0.0 Safari/537.36 0.011
0:0:0:0:0:0:0:1 - - [29/Nov/2022:13:13:49 +0100] GET /devportal/site/public/dist/3.5fb775e73b1459555d1d.bundle.js HTTP/1.1 200 5285 https://localhost:9443/devportal/apis/7f38821b-0cfb-4a59-b040-829b31baec52/test Mozilla/5.0 (Windows NT 10.0; Win64; x64) AppleWebKit/537.36 (KHTML, like Gecko) Chrome/107.0.0.0 Safari/537.36 0.014
0:0:0:0:0:0:0:1 - - [29/Nov/2022:13:13:49 +0100] GET /devportal/site/public/images/_favicon.ico HTTP/1.1 200 1150 https://localhost:9443/devportal/apis/7f38821b-0cfb-4a59-b040-829b31baec52/test Mozilla/5.0 (Windows NT 10.0; Win64; x64) AppleWebKit/537.36 (KHTML, like Gecko) Chrome/107.0.0.0 Safari/537.36 0.000
0:0:0:0:0:0:0:1 - - [29/Nov/2022:13:13:49 +0100] GET /devportal/site/public/dist/9.19a62cd6a9c3410d8be6.bundle.js HTTP/1.1 200 89623 https://localhost:9443/devportal/apis/7f38821b-0cfb-4a59-b040-829b31baec52/test Mozilla/5.0 (Windows NT 10.0; Win64; x64) AppleWebKit/537.36 (KHTML, like Gecko) Chrome/107.0.0.0 Safari/537.36 0.075
0:0:0:0:0:0:0:1 - - [29/Nov/2022:13:13:49 +0100] GET /devportal/site/public/dist/vendors~APIConsole~GraphQLConsole.c00ffdb9a4bac0f7794e.bundle.js HTTP/1.1 200 364418 https://localhost:9443/devportal/apis/7f38821b-0cfb-4a59-b040-829b31baec52/test Mozilla/5.0 (Windows NT 10.0; Win64; x64) AppleWebKit/537.36 (KHTML, like Gecko) Chrome/107.0.0.0 Safari/537.36 0.222
0:0:0:0:0:0:0:1 - - [29/Nov/2022:13:13:49 +0100] GET /devportal/site/public/dist/vendors~APIConsole.b84bc27def35d6c9dee0.bundle.js HTTP/1.1 200 1577542 https://localhost:9443/devportal/apis/7f38821b-0cfb-4a59-b040-829b31baec52/test Mozilla/5.0 (Windows NT 10.0; Win64; x64) AppleWebKit/537.36 (KHTML, like Gecko) Chrome/107.0.0.0 Safari/537.36 0.933
0:0:0:0:0:0:0:1 - - [29/Nov/2022:13:13:51 +0100] GET /api/am/devportal/v2/apis/7f38821b-0cfb-4a59-b040-829b31baec52 HTTP/1.1 200 1256 https://localhost:9443/devportal/apis/7f38821b-0cfb-4a59-b040-829b31baec52/test Mozilla/5.0 (Windows NT 10.0; Win64; x64) AppleWebKit/537.36 (KHTML, like Gecko) Chrome/107.0.0.0 Safari/537.36 0.026
0:0:0:0:0:0:0:1 - - [29/Nov/2022:13:13:51 +0100] GET /api/am/devportal/v2/apis/7f38821b-0cfb-4a59-b040-829b31baec52/swagger?environmentName=Default HTTP/1.1 200 587 https://localhost:9443/devportal/apis/7f38821b-0cfb-4a59-b040-829b31baec52/test Mozilla/5.0 (Windows NT 10.0; Win64; x64) AppleWebKit/537.36 (KHTML, like Gecko) Chrome/107.0.0.0 Safari/537.36 0.090
0:0:0:0:0:0:0:1 - - [29/Nov/2022:13:13:52 +0100] GET /api/am/devportal/v2/swagger.yaml HTTP/1.1 200 23493 https://localhost:9443/devportal/apis/7f38821b-0cfb-4a59-b040-829b31baec52/test Mozilla/5.0 (Windows NT 10.0; Win64; x64) AppleWebKit/537.36 (KHTML, like Gecko) Chrome/107.0.0.0 Safari/537.36 0.014
127.0.0.1 - - [29/Nov/2022:13:13:52 +0100] GET /oauth2/token/.well-known/openid-configuration HTTP/1.1 200 2245 - Apache-HttpClient/4.5.13 (Java/11.0.17) 0.008
0:0:0:0:0:0:0:1 - - [29/Nov/2022:13:13:52 +0100] GET /api/am/devportal/v2/key-managers HTTP/1.1 200 754 https://localhost:9443/devportal/apis/7f38821b-0cfb-4a59-b040-829b31baec52/test Mozilla/5.0 (Windows NT 10.0; Win64; x64) AppleWebKit/537.36 (KHTML, like Gecko) Chrome/107.0.0.0 Safari/537.36 0.057
127.0.0.1 - - [29/Nov/2022:13:13:52 +0100] GET /keymanager-operations/dcr/register/RFlDVW9aNGlHUlQySUVGSlVtWlBtdVVVSk1FYQ%3D%3D HTTP/1.1 200 540 - Apache-HttpClient/4.5.13 (Java/11.0.17) 0.025
127.0.0.1 - - [29/Nov/2022:13:13:52 +0100] GET /keymanager-operations/dcr/register/dUthUVdzNEVTYnc2Vk0wN1VpdWpoaVdyMlpVYQ%3D%3D HTTP/1.1 200 723 - Apache-HttpClient/4.5.13 (Java/11.0.17) 0.008
0:0:0:0:0:0:0:1 - - [29/Nov/2022:13:13:52 +0100] GET /api/am/devportal/v2/subscriptions?apiId=7f38821b-0cfb-4a59-b040-829b31baec52&limit=25 HTTP/1.1 200 645 https://localhost:9443/devportal/apis/7f38821b-0cfb-4a59-b040-829b31baec52/test Mozilla/5.0 (Windows NT 10.0; Win64; x64) AppleWebKit/537.36 (KHTML, like Gecko) Chrome/107.0.0.0 Safari/537.36 0.122
127.0.0.1 - - [29/Nov/2022:13:13:52 +0100] GET /keymanager-operations/dcr/register/dUthUVdzNEVTYnc2Vk0wN1VpdWpoaVdyMlpVYQ%3D%3D HTTP/1.1 200 723 - Apache-HttpClient/4.5.13 (Java/11.0.17) 0.010
127.0.0.1 - - [29/Nov/2022:13:13:52 +0100] GET /keymanager-operations/dcr/register/RFlDVW9aNGlHUlQySUVGSlVtWlBtdVVVSk1FYQ%3D%3D HTTP/1.1 200 540 - Apache-HttpClient/4.5.13 (Java/11.0.17) 0.000
0:0:0:0:0:0:0:1 - - [29/Nov/2022:13:13:52 +0100] GET /api/am/devportal/v2/subscriptions?apiId=7f38821b-0cfb-4a59-b040-829b31baec52&limit=25 HTTP/1.1 200 645 https://localhost:9443/devportal/apis/7f38821b-0cfb-4a59-b040-829b31baec52/test Mozilla/5.0 (Windows NT 10.0; Win64; x64) AppleWebKit/537.36 (KHTML, like Gecko) Chrome/107.0.0.0 Safari/537.36 0.087
0:0:0:0:0:0:0:1 - - [29/Nov/2022:13:13:52 +0100] GET /api/am/devportal/v2/applications/ HTTP/1.1 200 512 https://localhost:9443/devportal/apis/7f38821b-0cfb-4a59-b040-829b31baec52/test Mozilla/5.0 (Windows NT 10.0; Win64; x64) AppleWebKit/537.36 (KHTML, like Gecko) Chrome/107.0.0.0 Safari/537.36 0.008
0:0:0:0:0:0:0:1 - - [29/Nov/2022:13:13:52 +0100] GET /api/am/devportal/v2/swagger.yaml HTTP/1.1 200 23493 https://localhost:9443/devportal/apis/7f38821b-0cfb-4a59-b040-829b31baec52/test Mozilla/5.0 (Windows NT 10.0; Win64; x64) AppleWebKit/537.36 (KHTML, like Gecko) Chrome/107.0.0.0 Safari/537.36 0.014
127.0.0.1 - - [29/Nov/2022:13:13:52 +0100] GET /keymanager-operations/dcr/register/dUthUVdzNEVTYnc2Vk0wN1VpdWpoaVdyMlpVYQ%3D%3D HTTP/1.1 200 723 - Apache-HttpClient/4.5.13 (Java/11.0.17) 0.000
127.0.0.1 - - [29/Nov/2022:13:13:52 +0100] GET /keymanager-operations/dcr/register/RFlDVW9aNGlHUlQySUVGSlVtWlBtdVVVSk1FYQ%3D%3D HTTP/1.1 200 540 - Apache-HttpClient/4.5.13 (Java/11.0.17) 0.000
0:0:0:0:0:0:0:1 - - [29/Nov/2022:13:13:52 +0100] GET /api/am/devportal/v2/applications/0550c906-ee9e-4c2a-b482-0eee061314ca HTTP/1.1 200 278 https://localhost:9443/devportal/apis/7f38821b-0cfb-4a59-b040-829b31baec52/test Mozilla/5.0 (Windows NT 10.0; Win64; x64) AppleWebKit/537.36 (KHTML, like Gecko) Chrome/107.0.0.0 Safari/537.36 0.016
127.0.0.1 - - [29/Nov/2022:13:13:52 +0100] GET /keymanager-operations/dcr/register/RFlDVW9aNGlHUlQySUVGSlVtWlBtdVVVSk1FYQ%3D%3D HTTP/1.1 200 540 - Apache-HttpClient/4.5.13 (Java/11.0.17) 0.000
127.0.0.1 - - [29/Nov/2022:13:13:52 +0100] GET /keymanager-operations/dcr/register/dUthUVdzNEVTYnc2Vk0wN1VpdWpoaVdyMlpVYQ%3D%3D HTTP/1.1 200 723 - Apache-HttpClient/4.5.13 (Java/11.0.17) 0.019
0:0:0:0:0:0:0:1 - - [29/Nov/2022:13:13:52 +0100] GET /api/am/devportal/v2/applications/0550c906-ee9e-4c2a-b482-0eee061314ca/oauth-keys HTTP/1.1 200 645 https://localhost:9443/devportal/apis/7f38821b-0cfb-4a59-b040-829b31baec52/test Mozilla/5.0 (Windows NT 10.0; Win64; x64) AppleWebKit/537.36 (KHTML, like Gecko) Chrome/107.0.0.0 Safari/537.36 0.039
0:0:0:0:0:0:0:1 - - [29/Nov/2022:13:13:53 +0100] GET /api/am/devportal/v2/swagger.yaml HTTP/1.1 200 23493 https://localhost:9443/devportal/apis/7f38821b-0cfb-4a59-b040-829b31baec52/test Mozilla/5.0 (Windows NT 10.0; Win64; x64) AppleWebKit/537.36 (KHTML, like Gecko) Chrome/107.0.0.0 Safari/537.36 0.024
0:0:0:0:0:0:0:1 - - [29/Nov/2022:13:13:53 +0100] GET /api/am/devportal/v2/swagger.yaml HTTP/1.1 200 23493 https://localhost:9443/devportal/apis/7f38821b-0cfb-4a59-b040-829b31baec52/test Mozilla/5.0 (Windows NT 10.0; Win64; x64) AppleWebKit/537.36 (KHTML, like Gecko) Chrome/107.0.0.0 Safari/537.36 0.025
127.0.0.1 - - [29/Nov/2022:13:13:53 +0100] GET /keymanager-operations/dcr/register/dUthUVdzNEVTYnc2Vk0wN1VpdWpoaVdyMlpVYQ%3D%3D HTTP/1.1 200 723 - Apache-HttpClient/4.5.13 (Java/11.0.17) 0.008
127.0.0.1 - - [29/Nov/2022:13:13:53 +0100] GET /keymanager-operations/dcr/register/RFlDVW9aNGlHUlQySUVGSlVtWlBtdVVVSk1FYQ%3D%3D HTTP/1.1 200 540 - Apache-HttpClient/4.5.13 (Java/11.0.17) 0.008
0:0:0:0:0:0:0:1 - - [29/Nov/2022:13:13:53 +0100] GET /api/am/devportal/v2/applications/0550c906-ee9e-4c2a-b482-0eee061314ca HTTP/1.1 200 278 https://localhost:9443/devportal/apis/7f38821b-0cfb-4a59-b040-829b31baec52/test Mozilla/5.0 (Windows NT 10.0; Win64; x64) AppleWebKit/537.36 (KHTML, like Gecko) Chrome/107.0.0.0 Safari/537.36 0.036
127.0.0.1 - - [29/Nov/2022:13:13:53 +0100] GET /keymanager-operations/dcr/register/RFlDVW9aNGlHUlQySUVGSlVtWlBtdVVVSk1FYQ%3D%3D HTTP/1.1 200 540 - Apache-HttpClient/4.5.13 (Java/11.0.17) 0.006
127.0.0.1 - - [29/Nov/2022:13:13:53 +0100] GET /keymanager-operations/dcr/register/RFlDVW9aNGlHUlQySUVGSlVtWlBtdVVVSk1FYQ%3D%3D HTTP/1.1 200 540 - Apache-HttpClient/4.5.13 (Java/11.0.17) 0.012
127.0.0.1 - - [29/Nov/2022:13:13:53 +0100] GET /keymanager-operations/dcr/register/dUthUVdzNEVTYnc2Vk0wN1VpdWpoaVdyMlpVYQ%3D%3D HTTP/1.1 200 723 - Apache-HttpClient/4.5.13 (Java/11.0.17) 0.008
127.0.0.1 - - [29/Nov/2022:13:13:53 +0100] GET /keymanager-operations/dcr/register/dUthUVdzNEVTYnc2Vk0wN1VpdWpoaVdyMlpVYQ%3D%3D HTTP/1.1 200 723 - Apache-HttpClient/4.5.13 (Java/11.0.17) 0.008
0:0:0:0:0:0:0:1 - - [29/Nov/2022:13:13:53 +0100] GET /api/am/devportal/v2/applications/0550c906-ee9e-4c2a-b482-0eee061314ca HTTP/1.1 200 278 https://localhost:9443/devportal/apis/7f38821b-0cfb-4a59-b040-829b31baec52/test Mozilla/5.0 (Windows NT 10.0; Win64; x64) AppleWebKit/537.36 (KHTML, like Gecko) Chrome/107.0.0.0 Safari/537.36 0.049
0:0:0:0:0:0:0:1 - - [29/Nov/2022:13:13:53 +0100] GET /api/am/devportal/v2/applications/0550c906-ee9e-4c2a-b482-0eee061314ca/oauth-keys HTTP/1.1 200 645 https://localhost:9443/devportal/apis/7f38821b-0cfb-4a59-b040-829b31baec52/test Mozilla/5.0 (Windows NT 10.0; Win64; x64) AppleWebKit/537.36 (KHTML, like Gecko) Chrome/107.0.0.0 Safari/537.36 0.039
127.0.0.1 - - [29/Nov/2022:13:13:53 +0100] GET /keymanager-operations/dcr/register/RFlDVW9aNGlHUlQySUVGSlVtWlBtdVVVSk1FYQ%3D%3D HTTP/1.1 200 540 - Apache-HttpClient/4.5.13 (Java/11.0.17) 0.008
127.0.0.1 - - [29/Nov/2022:13:13:53 +0100] GET /keymanager-operations/dcr/register/dUthUVdzNEVTYnc2Vk0wN1VpdWpoaVdyMlpVYQ%3D%3D HTTP/1.1 200 723 - Apache-HttpClient/4.5.13 (Java/11.0.17) 0.008
0:0:0:0:0:0:0:1 - - [29/Nov/2022:13:13:53 +0100] GET /api/am/devportal/v2/applications/0550c906-ee9e-4c2a-b482-0eee061314ca/oauth-keys HTTP/1.1 200 645 https://localhost:9443/devportal/apis/7f38821b-0cfb-4a59-b040-829b31baec52/test Mozilla/5.0 (Windows NT 10.0; Win64; x64) AppleWebKit/537.36 (KHTML, like Gecko) Chrome/107.0.0.0 Safari/537.36 0.031
0:0:0:0:0:0:0:1 - - [29/Nov/2022:13:13:56 +0100] GET /api/am/devportal/v2/swagger.yaml HTTP/1.1 200 23493 https://localhost:9443/devportal/apis/7f38821b-0cfb-4a59-b040-829b31baec52/test Mozilla/5.0 (Windows NT 10.0; Win64; x64) AppleWebKit/537.36 (KHTML, like Gecko) Chrome/107.0.0.0 Safari/537.36 0.019
127.0.0.1 - - [29/Nov/2022:13:13:56 +0100] GET /keymanager-operations/dcr/register/RFlDVW9aNGlHUlQySUVGSlVtWlBtdVVVSk1FYQ%3D%3D HTTP/1.1 200 540 - Apache-HttpClient/4.5.13 (Java/11.0.17) 0.011
127.0.0.1 - - [29/Nov/2022:13:13:56 +0100] GET /keymanager-operations/dcr/register/dUthUVdzNEVTYnc2Vk0wN1VpdWpoaVdyMlpVYQ%3D%3D HTTP/1.1 200 723 - Apache-HttpClient/4.5.13 (Java/11.0.17) 0.008
0:0:0:0:0:0:0:1 - - [29/Nov/2022:13:13:56 +0100] GET /api/am/devportal/v2/applications/0550c906-ee9e-4c2a-b482-0eee061314ca HTTP/1.1 200 278 https://localhost:9443/devportal/apis/7f38821b-0cfb-4a59-b040-829b31baec52/test Mozilla/5.0 (Windows NT 10.0; Win64; x64) AppleWebKit/537.36 (KHTML, like Gecko) Chrome/107.0.0.0 Safari/537.36 0.053
127.0.0.1 - - [29/Nov/2022:13:13:56 +0100] GET /keymanager-operations/dcr/register/dUthUVdzNEVTYnc2Vk0wN1VpdWpoaVdyMlpVYQ%3D%3D HTTP/1.1 200 723 - Apache-HttpClient/4.5.13 (Java/11.0.17) 0.013
127.0.0.1 - - [29/Nov/2022:13:13:56 +0100] GET /keymanager-operations/dcr/register/RFlDVW9aNGlHUlQySUVGSlVtWlBtdVVVSk1FYQ%3D%3D HTTP/1.1 200 540 - Apache-HttpClient/4.5.13 (Java/11.0.17) 0.008
0:0:0:0:0:0:0:1 - - [29/Nov/2022:13:13:56 +0100] GET /api/am/devportal/v2/applications/0550c906-ee9e-4c2a-b482-0eee061314ca/oauth-keys HTTP/1.1 200 652 https://localhost:9443/devportal/apis/7f38821b-0cfb-4a59-b040-829b31baec52/test Mozilla/5.0 (Windows NT 10.0; Win64; x64) AppleWebKit/537.36 (KHTML, like Gecko) Chrome/107.0.0.0 Safari/537.36 0.034
127.0.0.1 - - [29/Nov/2022:13:13:56 +0100] GET /keymanager-operations/dcr/register/RFlDVW9aNGlHUlQySUVGSlVtWlBtdVVVSk1FYQ%3D%3D HTTP/1.1 200 540 - Apache-HttpClient/4.5.13 (Java/11.0.17) 0.011
127.0.0.1 - - [29/Nov/2022:13:13:56 +0100] GET /keymanager-operations/dcr/register/dUthUVdzNEVTYnc2Vk0wN1VpdWpoaVdyMlpVYQ%3D%3D HTTP/1.1 200 723 - Apache-HttpClient/4.5.13 (Java/11.0.17) 0.005
127.0.0.1 - - [29/Nov/2022:13:13:56 +0100] GET /keymanager-operations/dcr/register/dUthUVdzNEVTYnc2Vk0wN1VpdWpoaVdyMlpVYQ%3D%3D HTTP/1.1 200 723 - Apache-HttpClient/4.5.13 (Java/11.0.17) 0.003
127.0.0.1 - - [29/Nov/2022:13:13:56 +0100] POST /oauth2/token HTTP/1.1 200 1022 - Apache-HttpClient/4.5.13 (Java/11.0.17) 0.040
127.0.0.1 - - [29/Nov/2022:13:13:56 +0100] POST /internal/data/v1/notify HTTP/1.1 200 - - Apache-HttpClient/4.5.13 (Java/11.0.17) 0.017
0:0:0:0:0:0:0:1 - - [29/Nov/2022:13:13:56 +0100] POST /api/am/devportal/v2/applications/0550c906-ee9e-4c2a-b482-0eee061314ca/oauth-keys/c4aeef4a-1095-4bef-8255-fae023d830bb/generate-token HTTP/1.1 200 1009 https://localhost:9443/devportal/apis/7f38821b-0cfb-4a59-b040-829b31baec52/test Mozilla/5.0 (Windows NT 10.0; Win64; x64) AppleWebKit/537.36 (KHTML, like Gecko) Chrome/107.0.0.0 Safari/537.36 0.143
127.0.0.1 - - [29/Nov/2022:13:14:05 +0100] GET /oauth2/jwks HTTP/1.1 200 511 - Apache-HttpClient/4.5.13 (Java/11.0.17) 0.137
0:0:0:0:0:0:0:1 - - [29/Nov/2022:13:15:11 +0100] - 400 - - - 0.000
0:0:0:0:0:0:0:1 - - [29/Nov/2022:13:15:11 +0100] - 400 - - - 0.000
0:0:0:0:0:0:0:1 - - [29/Nov/2022:13:15:11 +0100] - 400 - - - 0.000
0:0:0:0:0:0:0:1 - - [29/Nov/2022:13:15:11 +0100] GET /devportal/site/public/images/_favicon.ico HTTP/1.1 200 1150 https://localhost:9443/devportal/apis/7f38821b-0cfb-4a59-b040-829b31baec52/overview Mozilla/5.0 (Windows NT 10.0; Win64; x64) AppleWebKit/537.36 (KHTML, like Gecko) Chrome/107.0.0.0 Safari/537.36 0.010
0:0:0:0:0:0:0:1 - - [29/Nov/2022:13:15:11 +0100] GET /api/am/devportal/v2/apis/7f38821b-0cfb-4a59-b040-829b31baec52/documents HTTP/1.1 200 92 https://localhost:9443/devportal/apis/7f38821b-0cfb-4a59-b040-829b31baec52/overview Mozilla/5.0 (Windows NT 10.0; Win64; x64) AppleWebKit/537.36 (KHTML, like Gecko) Chrome/107.0.0.0 Safari/537.36 0.058
0:0:0:0:0:0:0:1 - - [29/Nov/2022:13:15:11 +0100] GET /api/am/devportal/v2/apis/7f38821b-0cfb-4a59-b040-829b31baec52/documents HTTP/1.1 200 92 https://localhost:9443/devportal/apis/7f38821b-0cfb-4a59-b040-829b31baec52/overview Mozilla/5.0 (Windows NT 10.0; Win64; x64) AppleWebKit/537.36 (KHTML, like Gecko) Chrome/107.0.0.0 Safari/537.36 0.039
0:0:0:0:0:0:0:1 - - [29/Nov/2022:13:15:11 +0100] GET /api/am/devportal/v2/throttling-policies/subscription HTTP/1.1 200 634 https://localhost:9443/devportal/apis/7f38821b-0cfb-4a59-b040-829b31baec52/overview Mozilla/5.0 (Windows NT 10.0; Win64; x64) AppleWebKit/537.36 (KHTML, like Gecko) Chrome/107.0.0.0 Safari/537.36 0.239
0:0:0:0:0:0:0:1 - - [29/Nov/2022:13:15:11 +0100] GET /api/am/devportal/v2/throttling-policies/subscription HTTP/1.1 200 634 https://localhost:9443/devportal/apis/7f38821b-0cfb-4a59-b040-829b31baec52/overview Mozilla/5.0 (Windows NT 10.0; Win64; x64) AppleWebKit/537.36 (KHTML, like Gecko) Chrome/107.0.0.0 Safari/537.36 0.017
0:0:0:0:0:0:0:1 - - [29/Nov/2022:13:15:11 +0100] GET /api/am/devportal/v2/apis/7f38821b-0cfb-4a59-b040-829b31baec52/ratings HTTP/1.1 200 125 https://localhost:9443/devportal/apis/7f38821b-0cfb-4a59-b040-829b31baec52/overview Mozilla/5.0 (Windows NT 10.0; Win64; x64) AppleWebKit/537.36 (KHTML, like Gecko) Chrome/107.0.0.0 Safari/537.36 0.024
0:0:0:0:0:0:0:1 - - [29/Nov/2022:13:15:11 +0100] GET /api/am/devportal/v2/apis/7f38821b-0cfb-4a59-b040-829b31baec52/comments?limit=5&offset=0 HTTP/1.1 200 101 https://localhost:9443/devportal/apis/7f38821b-0cfb-4a59-b040-829b31baec52/overview Mozilla/5.0 (Windows NT 10.0; Win64; x64) AppleWebKit/537.36 (KHTML, like Gecko) Chrome/107.0.0.0 Safari/537.36 0.097
0:0:0:0:0:0:0:1 - - [29/Nov/2022:13:15:11 +0100] GET /api/am/devportal/v2/apis/7f38821b-0cfb-4a59-b040-829b31baec52/thumbnail HTTP/1.1 204 - https://localhost:9443/devportal/apis/7f38821b-0cfb-4a59-b040-829b31baec52/overview Mozilla/5.0 (Windows NT 10.0; Win64; x64) AppleWebKit/537.36 (KHTML, like Gecko) Chrome/107.0.0.0 Safari/537.36 0.097
0:0:0:0:0:0:0:1 - - [29/Nov/2022:13:15:31 +0100] - 400 - - - 0.000
0:0:0:0:0:0:0:1 - - [29/Nov/2022:13:15:31 +0100] - 400 - - - 0.000
0:0:0:0:0:0:0:1 - - [29/Nov/2022:13:15:31 +0100] GET /publisher/site/public/dist/APICreateRoutes~DeferredDetails.244151c74d1c2f1757ae.bundle.js HTTP/1.1 200 12101 https://localhost:9443/publisher/apis/e902effb-881d-466a-b864-1963d4d3e6c8/overview Mozilla/5.0 (Windows NT 10.0; Win64; x64) AppleWebKit/537.36 (KHTML, like Gecko) Chrome/107.0.0.0 Safari/537.36 0.017
0:0:0:0:0:0:0:1 - - [29/Nov/2022:13:15:32 +0100] GET /publisher/site/public/dist/vendors~DeferredDetails~ServiceOverviewSwaggerUI.1f47dbe9c68e243fb17e.bundle.js HTTP/1.1 200 59967 https://localhost:9443/publisher/apis/e902effb-881d-466a-b864-1963d4d3e6c8/overview Mozilla/5.0 (Windows NT 10.0; Win64; x64) AppleWebKit/537.36 (KHTML, like Gecko) Chrome/107.0.0.0 Safari/537.36 0.113
0:0:0:0:0:0:0:1 - - [29/Nov/2022:13:15:32 +0100] GET /publisher/site/public/dist/DeferredDetails.6f0d0b270d6a5cd40e52.bundle.js HTTP/1.1 200 270802 https://localhost:9443/publisher/apis/e902effb-881d-466a-b864-1963d4d3e6c8/overview Mozilla/5.0 (Windows NT 10.0; Win64; x64) AppleWebKit/537.36 (KHTML, like Gecko) Chrome/107.0.0.0 Safari/537.36 0.193
0:0:0:0:0:0:0:1 - - [29/Nov/2022:13:15:32 +0100] GET /publisher/site/public/dist/vendors~DeferredDetails.5e950ee2de9ff5d2eee1.bundle.js HTTP/1.1 200 427751 https://localhost:9443/publisher/apis/e902effb-881d-466a-b864-1963d4d3e6c8/overview Mozilla/5.0 (Windows NT 10.0; Win64; x64) AppleWebKit/537.36 (KHTML, like Gecko) Chrome/107.0.0.0 Safari/537.36 0.319
0:0:0:0:0:0:0:1 - - [29/Nov/2022:13:15:32 +0100] GET /publisher/site/public/dist/vendors~APIDefMonacoEditor~DeferredDetails.817d7c0f8fdfedd0ab60.bundle.js HTTP/1.1 200 600260 https://localhost:9443/publisher/apis/e902effb-881d-466a-b864-1963d4d3e6c8/overview Mozilla/5.0 (Windows NT 10.0; Win64; x64) AppleWebKit/537.36 (KHTML, like Gecko) Chrome/107.0.0.0 Safari/537.36 0.449
0:0:0:0:0:0:0:1 - - [29/Nov/2022:13:15:32 +0100] GET /api/am/publisher/v3/tenants?state=active HTTP/1.1 200 96 https://localhost:9443/publisher/apis/e902effb-881d-466a-b864-1963d4d3e6c8/overview Mozilla/5.0 (Windows NT 10.0; Win64; x64) AppleWebKit/537.36 (KHTML, like Gecko) Chrome/107.0.0.0 Safari/537.36 0.041
0:0:0:0:0:0:0:1 - - [29/Nov/2022:13:15:33 +0100] GET /api/am/publisher/v3/apis/e902effb-881d-466a-b864-1963d4d3e6c8 HTTP/1.1 200 1202 https://localhost:9443/publisher/apis/e902effb-881d-466a-b864-1963d4d3e6c8/overview Mozilla/5.0 (Windows NT 10.0; Win64; x64) AppleWebKit/537.36 (KHTML, like Gecko) Chrome/107.0.0.0 Safari/537.36 0.106
0:0:0:0:0:0:0:1 - - [29/Nov/2022:13:15:33 +0100] GET /api/am/publisher/v3/settings HTTP/1.1 200 665 https://localhost:9443/publisher/apis/e902effb-881d-466a-b864-1963d4d3e6c8/overview Mozilla/5.0 (Windows NT 10.0; Win64; x64) AppleWebKit/537.36 (KHTML, like Gecko) Chrome/107.0.0.0 Safari/537.36 0.285
0:0:0:0:0:0:0:1 - - [29/Nov/2022:13:15:33 +0100] GET /api/am/publisher/v3/apis/e902effb-881d-466a-b864-1963d4d3e6c8/revisions?query=deployed%3Atrue HTTP/1.1 200 404 https://localhost:9443/publisher/apis/e902effb-881d-466a-b864-1963d4d3e6c8/overview Mozilla/5.0 (Windows NT 10.0; Win64; x64) AppleWebKit/537.36 (KHTML, like Gecko) Chrome/107.0.0.0 Safari/537.36 0.048
0:0:0:0:0:0:0:1 - - [29/Nov/2022:13:15:33 +0100] GET /api/am/publisher/v3/apis/e902effb-881d-466a-b864-1963d4d3e6c8/revisions HTTP/1.1 200 404 https://localhost:9443/publisher/apis/e902effb-881d-466a-b864-1963d4d3e6c8/overview Mozilla/5.0 (Windows NT 10.0; Win64; x64) AppleWebKit/537.36 (KHTML, like Gecko) Chrome/107.0.0.0 Safari/537.36 0.048
0:0:0:0:0:0:0:1 - - [29/Nov/2022:13:15:34 +0100] GET /api/am/publisher/v3/apis/e902effb-881d-466a-b864-1963d4d3e6c8/revisions?query=deployed%3Atrue HTTP/1.1 200 404 https://localhost:9443/publisher/apis/e902effb-881d-466a-b864-1963d4d3e6c8/overview Mozilla/5.0 (Windows NT 10.0; Win64; x64) AppleWebKit/537.36 (KHTML, like Gecko) Chrome/107.0.0.0 Safari/537.36 0.009
0:0:0:0:0:0:0:1 - - [29/Nov/2022:13:15:34 +0100] GET /api/am/publisher/v3/apis/e902effb-881d-466a-b864-1963d4d3e6c8/swagger HTTP/1.1 200 758 https://localhost:9443/publisher/apis/e902effb-881d-466a-b864-1963d4d3e6c8/overview Mozilla/5.0 (Windows NT 10.0; Win64; x64) AppleWebKit/537.36 (KHTML, like Gecko) Chrome/107.0.0.0 Safari/537.36 0.044
0:0:0:0:0:0:0:1 - - [29/Nov/2022:13:15:34 +0100] GET /publisher/site/public/fonts/Open_Sans/mem5YaGs126MiZpBA-UN_r8OUuhpKKSTjw.woff2 HTTP/1.1 200 8732 https://localhost:9443/publisher/site/public/css/main.css Mozilla/5.0 (Windows NT 10.0; Win64; x64) AppleWebKit/537.36 (KHTML, like Gecko) Chrome/107.0.0.0 Safari/537.36 0.008
0:0:0:0:0:0:0:1 - - [29/Nov/2022:13:15:34 +0100] GET /api/am/publisher/v3/apis/e902effb-881d-466a-b864-1963d4d3e6c8/revisions?query=deployed%3Atrue HTTP/1.1 200 404 https://localhost:9443/publisher/apis/e902effb-881d-466a-b864-1963d4d3e6c8/overview Mozilla/5.0 (Windows NT 10.0; Win64; x64) AppleWebKit/537.36 (KHTML, like Gecko) Chrome/107.0.0.0 Safari/537.36 0.011
0:0:0:0:0:0:0:1 - - [29/Nov/2022:13:15:34 +0100] GET /api/am/publisher/v3/apis/e902effb-881d-466a-b864-1963d4d3e6c8/swagger HTTP/1.1 200 758 https://localhost:9443/publisher/apis/e902effb-881d-466a-b864-1963d4d3e6c8/overview Mozilla/5.0 (Windows NT 10.0; Win64; x64) AppleWebKit/537.36 (KHTML, like Gecko) Chrome/107.0.0.0 Safari/537.36 0.027
0:0:0:0:0:0:0:1 - - [29/Nov/2022:13:15:34 +0100] GET /api/am/publisher/v3/apis/e902effb-881d-466a-b864-1963d4d3e6c8/revisions?query=deployed%3Atrue HTTP/1.1 200 404 https://localhost:9443/publisher/apis/e902effb-881d-466a-b864-1963d4d3e6c8/overview Mozilla/5.0 (Windows NT 10.0; Win64; x64) AppleWebKit/537.36 (KHTML, like Gecko) Chrome/107.0.0.0 Safari/537.36 0.009
0:0:0:0:0:0:0:1 - - [29/Nov/2022:13:15:34 +0100] GET /api/am/publisher/v3/apis/e902effb-881d-466a-b864-1963d4d3e6c8/swagger HTTP/1.1 200 758 https://localhost:9443/publisher/apis/e902effb-881d-466a-b864-1963d4d3e6c8/overview Mozilla/5.0 (Windows NT 10.0; Win64; x64) AppleWebKit/537.36 (KHTML, like Gecko) Chrome/107.0.0.0 Safari/537.36 0.025
0:0:0:0:0:0:0:1 - - [29/Nov/2022:13:16:02 +0100] GET /api/am/publisher/v3/tenants?state=ACTIVE HTTP/1.1 200 96 https://localhost:9443/publisher/apis/e902effb-881d-466a-b864-1963d4d3e6c8/configuration Mozilla/5.0 (Windows NT 10.0; Win64; x64) AppleWebKit/537.36 (KHTML, like Gecko) Chrome/107.0.0.0 Safari/537.36 0.007
0:0:0:0:0:0:0:1 - - [29/Nov/2022:13:16:02 +0100] GET /api/am/publisher/v3/api-categories HTTP/1.1 200 21 https://localhost:9443/publisher/apis/e902effb-881d-466a-b864-1963d4d3e6c8/configuration Mozilla/5.0 (Windows NT 10.0; Win64; x64) AppleWebKit/537.36 (KHTML, like Gecko) Chrome/107.0.0.0 Safari/537.36 0.015
0:0:0:0:0:0:0:1 - - [29/Nov/2022:13:16:02 +0100] GET /api/am/publisher/v3/apis/e902effb-881d-466a-b864-1963d4d3e6c8/documents?limit=1000 HTTP/1.1 200 94 https://localhost:9443/publisher/apis/e902effb-881d-466a-b864-1963d4d3e6c8/configuration Mozilla/5.0 (Windows NT 10.0; Win64; x64) AppleWebKit/537.36 (KHTML, like Gecko) Chrome/107.0.0.0 Safari/537.36 0.028
0:0:0:0:0:0:0:1 - - [29/Nov/2022:13:16:08 +0100] GET /api/am/publisher/v3/tenants?state=ACTIVE HTTP/1.1 200 96 https://localhost:9443/publisher/apis/e902effb-881d-466a-b864-1963d4d3e6c8/subscriptions Mozilla/5.0 (Windows NT 10.0; Win64; x64) AppleWebKit/537.36 (KHTML, like Gecko) Chrome/107.0.0.0 Safari/537.36 0.007
0:0:0:0:0:0:0:1 - - [29/Nov/2022:13:16:08 +0100] GET /api/am/publisher/v3/subscriptions?apiId=e902effb-881d-466a-b864-1963d4d3e6c8 HTTP/1.1 200 644 https://localhost:9443/publisher/apis/e902effb-881d-466a-b864-1963d4d3e6c8/subscriptions Mozilla/5.0 (Windows NT 10.0; Win64; x64) AppleWebKit/537.36 (KHTML, like Gecko) Chrome/107.0.0.0 Safari/537.36 0.047
0:0:0:0:0:0:0:1 - - [29/Nov/2022:13:16:09 +0100] GET /api/am/publisher/v3/subscriptions?apiId=e902effb-881d-466a-b864-1963d4d3e6c8&limit=5&offset=0 HTTP/1.1 200 643 https://localhost:9443/publisher/apis/e902effb-881d-466a-b864-1963d4d3e6c8/subscriptions Mozilla/5.0 (Windows NT 10.0; Win64; x64) AppleWebKit/537.36 (KHTML, like Gecko) Chrome/107.0.0.0 Safari/537.36 0.012
0:0:0:0:0:0:0:1 - - [29/Nov/2022:13:16:09 +0100] GET /api/am/publisher/v3/throttling-policies/subscription HTTP/1.1 200 407 https://localhost:9443/publisher/apis/e902effb-881d-466a-b864-1963d4d3e6c8/subscriptions Mozilla/5.0 (Windows NT 10.0; Win64; x64) AppleWebKit/537.36 (KHTML, like Gecko) Chrome/107.0.0.0 Safari/537.36 0.044
0:0:0:0:0:0:0:1 - - [29/Nov/2022:13:16:09 +0100] GET /api/am/publisher/v3/apis/e902effb-881d-466a-b864-1963d4d3e6c8/subscription-policies HTTP/1.1 200 404 https://localhost:9443/publisher/apis/e902effb-881d-466a-b864-1963d4d3e6c8/subscriptions Mozilla/5.0 (Windows NT 10.0; Win64; x64) AppleWebKit/537.36 (KHTML, like Gecko) Chrome/107.0.0.0 Safari/537.36 0.084
0:0:0:0:0:0:0:1 - - [29/Nov/2022:13:16:09 +0100] GET /api/am/publisher/v3/apis/e902effb-881d-466a-b864-1963d4d3e6c8/monetization HTTP/1.1 200 33 https://localhost:9443/publisher/apis/e902effb-881d-466a-b864-1963d4d3e6c8/subscriptions Mozilla/5.0 (Windows NT 10.0; Win64; x64) AppleWebKit/537.36 (KHTML, like Gecko) Chrome/107.0.0.0 Safari/537.36 0.084
0:0:0:0:0:0:0:1 - - [29/Nov/2022:13:16:09 +0100] GET /api/am/publisher/v3/subscriptions/56e48637-ffe0-4852-a59a-9ac39077d031/subscriber-info HTTP/1.1 200 332 https://localhost:9443/publisher/apis/e902effb-881d-466a-b864-1963d4d3e6c8/subscriptions Mozilla/5.0 (Windows NT 10.0; Win64; x64) AppleWebKit/537.36 (KHTML, like Gecko) Chrome/107.0.0.0 Safari/537.36 0.019
0:0:0:0:0:0:0:1 - - [29/Nov/2022:13:16:09 +0100] GET /api/am/publisher/v3/subscriptions/e915f00b-8050-40de-993a-a8d4d59d7dc5/subscriber-info HTTP/1.1 200 332 https://localhost:9443/publisher/apis/e902effb-881d-466a-b864-1963d4d3e6c8/subscriptions Mozilla/5.0 (Windows NT 10.0; Win64; x64) AppleWebKit/537.36 (KHTML, like Gecko) Chrome/107.0.0.0 Safari/537.36 0.019
0:0:0:0:0:0:0:1 - - [29/Nov/2022:13:16:17 +0100] GET /api/am/publisher/v3/apis/e902effb-881d-466a-b864-1963d4d3e6c8/client-certificates HTTP/1.1 200 104 https://localhost:9443/publisher/apis/e902effb-881d-466a-b864-1963d4d3e6c8/runtime-configuration Mozilla/5.0 (Windows NT 10.0; Win64; x64) AppleWebKit/537.36 (KHTML, like Gecko) Chrome/107.0.0.0 Safari/537.36 0.024
127.0.0.1 - - [29/Nov/2022:13:16:17 +0100] GET /oauth2/token/.well-known/openid-configuration HTTP/1.1 200 2245 - Apache-HttpClient/4.5.13 (Java/11.0.17) 0.006
0:0:0:0:0:0:0:1 - - [29/Nov/2022:13:16:17 +0100] GET /api/am/publisher/v3/key-managers HTTP/1.1 200 218 https://localhost:9443/publisher/apis/e902effb-881d-466a-b864-1963d4d3e6c8/runtime-configuration Mozilla/5.0 (Windows NT 10.0; Win64; x64) AppleWebKit/537.36 (KHTML, like Gecko) Chrome/107.0.0.0 Safari/537.36 0.094
127.0.0.1 - - [29/Nov/2022:13:16:17 +0100] GET /oauth2/token/.well-known/openid-configuration HTTP/1.1 200 2245 - Apache-HttpClient/4.5.13 (Java/11.0.17) 0.004
0:0:0:0:0:0:0:1 - - [29/Nov/2022:13:16:17 +0100] GET /api/am/publisher/v3/key-managers HTTP/1.1 200 218 https://localhost:9443/publisher/apis/e902effb-881d-466a-b864-1963d4d3e6c8/runtime-configuration Mozilla/5.0 (Windows NT 10.0; Win64; x64) AppleWebKit/537.36 (KHTML, like Gecko) Chrome/107.0.0.0 Safari/537.36 0.057
0:0:0:0:0:0:0:1 - - [29/Nov/2022:13:16:27 +0100] GET /api/am/publisher/v3/throttling-policies/api?limit=80 HTTP/1.1 200 395 https://localhost:9443/publisher/apis/e902effb-881d-466a-b864-1963d4d3e6c8/resources Mozilla/5.0 (Windows NT 10.0; Win64; x64) AppleWebKit/537.36 (KHTML, like Gecko) Chrome/107.0.0.0 Safari/537.36 0.013
0:0:0:0:0:0:0:1 - - [29/Nov/2022:13:16:27 +0100] GET /api/am/publisher/v3/apis/e902effb-881d-466a-b864-1963d4d3e6c8/swagger HTTP/1.1 200 758 https://localhost:9443/publisher/apis/e902effb-881d-466a-b864-1963d4d3e6c8/resources Mozilla/5.0 (Windows NT 10.0; Win64; x64) AppleWebKit/537.36 (KHTML, like Gecko) Chrome/107.0.0.0 Safari/537.36 0.049
0:0:0:0:0:0:0:1 - - [29/Nov/2022:13:16:27 +0100] GET /api/am/publisher/v3/scopes HTTP/1.1 200 92 https://localhost:9443/publisher/apis/e902effb-881d-466a-b864-1963d4d3e6c8/resources Mozilla/5.0 (Windows NT 10.0; Win64; x64) AppleWebKit/537.36 (KHTML, like Gecko) Chrome/107.0.0.0 Safari/537.36 0.024
0:0:0:0:0:0:0:1 - - [29/Nov/2022:13:16:27 +0100] GET /api/am/publisher/v3/apis/e902effb-881d-466a-b864-1963d4d3e6c8/amznResourceNames HTTP/1.1 204 - https://localhost:9443/publisher/apis/e902effb-881d-466a-b864-1963d4d3e6c8/resources Mozilla/5.0 (Windows NT 10.0; Win64; x64) AppleWebKit/537.36 (KHTML, like Gecko) Chrome/107.0.0.0 Safari/537.36 0.024
0:0:0:0:0:0:0:1 - - [29/Nov/2022:13:16:32 +0100] GET /api/am/publisher/v3/apis/e902effb-881d-466a-b864-1963d4d3e6c8/swagger HTTP/1.1 200 758 https://localhost:9443/publisher/apis/e902effb-881d-466a-b864-1963d4d3e6c8/api%20definition Mozilla/5.0 (Windows NT 10.0; Win64; x64) AppleWebKit/537.36 (KHTML, like Gecko) Chrome/107.0.0.0 Safari/537.36 0.033
0:0:0:0:0:0:0:1 - - [29/Nov/2022:13:16:33 +0100] GET /publisher/site/public/dist/editor.worker.js HTTP/1.1 200 1068 https://localhost:9443/publisher/apis/e902effb-881d-466a-b864-1963d4d3e6c8/api%20definition Mozilla/5.0 (Windows NT 10.0; Win64; x64) AppleWebKit/537.36 (KHTML, like Gecko) Chrome/107.0.0.0 Safari/537.36 0.009
0:0:0:0:0:0:0:1 - - [29/Nov/2022:13:16:33 +0100] GET /publisher/site/public/dist/25.fb80c2a0fc850f63a801.bundle.js HTTP/1.1 200 1340 https://localhost:9443/publisher/apis/e902effb-881d-466a-b864-1963d4d3e6c8/api%20definition Mozilla/5.0 (Windows NT 10.0; Win64; x64) AppleWebKit/537.36 (KHTML, like Gecko) Chrome/107.0.0.0 Safari/537.36 0.008
0:0:0:0:0:0:0:1 - - [29/Nov/2022:13:16:33 +0100] GET /publisher/site/public/dist/b3726f0165bf67ac68494ee7a1b9f6ce.ttf HTTP/1.1 200 61024 https://localhost:9443/publisher/apis/e902effb-881d-466a-b864-1963d4d3e6c8/overview Mozilla/5.0 (Windows NT 10.0; Win64; x64) AppleWebKit/537.36 (KHTML, like Gecko) Chrome/107.0.0.0 Safari/537.36 0.014
0:0:0:0:0:0:0:1 - - [29/Nov/2022:13:16:35 +0100] GET /api/am/publisher/v3/apis/e902effb-881d-466a-b864-1963d4d3e6c8/swagger HTTP/1.1 200 758 https://localhost:9443/publisher/apis/e902effb-881d-466a-b864-1963d4d3e6c8/endpoints Mozilla/5.0 (Windows NT 10.0; Win64; x64) AppleWebKit/537.36 (KHTML, like Gecko) Chrome/107.0.0.0 Safari/537.36 0.040
0:0:0:0:0:0:0:1 - - [29/Nov/2022:13:16:35 +0100] GET /api/am/publisher/v3/endpoint-certificates?endpoint=https%3A%2F%2Fpro-cycling-stats.p.rapidapi.com HTTP/1.1 200 100 https://localhost:9443/publisher/apis/e902effb-881d-466a-b864-1963d4d3e6c8/endpoints Mozilla/5.0 (Windows NT 10.0; Win64; x64) AppleWebKit/537.36 (KHTML, like Gecko) Chrome/107.0.0.0 Safari/537.36 0.070
0:0:0:0:0:0:0:1 - - [29/Nov/2022:13:16:39 +0100] GET /api/am/publisher/v3/apis/e902effb-881d-466a-b864-1963d4d3e6c8/swagger HTTP/1.1 200 758 https://localhost:9443/publisher/apis/e902effb-881d-466a-b864-1963d4d3e6c8/policies Mozilla/5.0 (Windows NT 10.0; Win64; x64) AppleWebKit/537.36 (KHTML, like Gecko) Chrome/107.0.0.0 Safari/537.36 0.033
0:0:0:0:0:0:0:1 - - [29/Nov/2022:13:16:39 +0100] GET /api/am/publisher/v3/apis/e902effb-881d-466a-b864-1963d4d3e6c8/operation-policies?limit=500 HTTP/1.1 200 97 https://localhost:9443/publisher/apis/e902effb-881d-466a-b864-1963d4d3e6c8/policies Mozilla/5.0 (Windows NT 10.0; Win64; x64) AppleWebKit/537.36 (KHTML, like Gecko) Chrome/107.0.0.0 Safari/537.36 0.029
0:0:0:0:0:0:0:1 - - [29/Nov/2022:13:16:39 +0100] GET /api/am/publisher/v3/operation-policies?limit=500 HTTP/1.1 200 4346 https://localhost:9443/publisher/apis/e902effb-881d-466a-b864-1963d4d3e6c8/policies Mozilla/5.0 (Windows NT 10.0; Win64; x64) AppleWebKit/537.36 (KHTML, like Gecko) Chrome/107.0.0.0 Safari/537.36 0.130
0:0:0:0:0:0:0:1 - - [29/Nov/2022:13:16:44 +0100] GET /api/am/publisher/v3/apis/e902effb-881d-466a-b864-1963d4d3e6c8/operation-policies?limit=500 HTTP/1.1 200 97 https://localhost:9443/publisher/apis/e902effb-881d-466a-b864-1963d4d3e6c8/policies Mozilla/5.0 (Windows NT 10.0; Win64; x64) AppleWebKit/537.36 (KHTML, like Gecko) Chrome/107.0.0.0 Safari/537.36 0.011
0:0:0:0:0:0:0:1 - - [29/Nov/2022:13:16:44 +0100] GET /api/am/publisher/v3/apis/e902effb-881d-466a-b864-1963d4d3e6c8/swagger HTTP/1.1 200 758 https://localhost:9443/publisher/apis/e902effb-881d-466a-b864-1963d4d3e6c8/policies Mozilla/5.0 (Windows NT 10.0; Win64; x64) AppleWebKit/537.36 (KHTML, like Gecko) Chrome/107.0.0.0 Safari/537.36 0.040
0:0:0:0:0:0:0:1 - - [29/Nov/2022:13:16:44 +0100] GET /api/am/publisher/v3/operation-policies?limit=500 HTTP/1.1 200 4346 https://localhost:9443/publisher/apis/e902effb-881d-466a-b864-1963d4d3e6c8/policies Mozilla/5.0 (Windows NT 10.0; Win64; x64) AppleWebKit/537.36 (KHTML, like Gecko) Chrome/107.0.0.0 Safari/537.36 0.035
0:0:0:0:0:0:0:1 - - [29/Nov/2022:13:16:48 +0100] GET /api/am/publisher/v3/apis/e902effb-881d-466a-b864-1963d4d3e6c8/monetization HTTP/1.1 200 33 https://localhost:9443/publisher/apis/e902effb-881d-466a-b864-1963d4d3e6c8/monetization Mozilla/5.0 (Windows NT 10.0; Win64; x64) AppleWebKit/537.36 (KHTML, like Gecko) Chrome/107.0.0.0 Safari/537.36 0.050
0:0:0:0:0:0:0:1 - - [29/Nov/2022:13:16:48 +0100] GET /api/am/publisher/v3/apis/e902effb-881d-466a-b864-1963d4d3e6c8/subscription-policies HTTP/1.1 200 404 https://localhost:9443/publisher/apis/e902effb-881d-466a-b864-1963d4d3e6c8/monetization Mozilla/5.0 (Windows NT 10.0; Win64; x64) AppleWebKit/537.36 (KHTML, like Gecko) Chrome/107.0.0.0 Safari/537.36 0.041
0:0:0:0:0:0:0:1 - - [29/Nov/2022:13:16:48 +0100] GET /api/am/publisher/v3/apis/e902effb-881d-466a-b864-1963d4d3e6c8/monetization HTTP/1.1 200 33 https://localhost:9443/publisher/apis/e902effb-881d-466a-b864-1963d4d3e6c8/monetization Mozilla/5.0 (Windows NT 10.0; Win64; x64) AppleWebKit/537.36 (KHTML, like Gecko) Chrome/107.0.0.0 Safari/537.36 0.041
0:0:0:0:0:0:0:1 - - [29/Nov/2022:13:16:48 +0100] GET /api/am/publisher/v3/settings HTTP/1.1 200 665 https://localhost:9443/publisher/apis/e902effb-881d-466a-b864-1963d4d3e6c8/monetization Mozilla/5.0 (Windows NT 10.0; Win64; x64) AppleWebKit/537.36 (KHTML, like Gecko) Chrome/107.0.0.0 Safari/537.36 0.287
0:0:0:0:0:0:0:1 - - [29/Nov/2022:13:16:56 +0100] GET /api/am/publisher/v3/apis/e902effb-881d-466a-b864-1963d4d3e6c8/asyncapi HTTP/1.1 200 - https://localhost:9443/publisher/apis/e902effb-881d-466a-b864-1963d4d3e6c8/deployments Mozilla/5.0 (Windows NT 10.0; Win64; x64) AppleWebKit/537.36 (KHTML, like Gecko) Chrome/107.0.0.0 Safari/537.36 0.016
0:0:0:0:0:0:0:1 - - [29/Nov/2022:13:16:58 +0100] GET /api/am/publisher/v3/apis/e902effb-881d-466a-b864-1963d4d3e6c8/deployments HTTP/1.1 200 176 https://localhost:9443/publisher/apis/e902effb-881d-466a-b864-1963d4d3e6c8/test-console Mozilla/5.0 (Windows NT 10.0; Win64; x64) AppleWebKit/537.36 (KHTML, like Gecko) Chrome/107.0.0.0 Safari/537.36 0.016
0:0:0:0:0:0:0:1 - - [29/Nov/2022:13:16:58 +0100] GET /api/am/publisher/v3/apis/e902effb-881d-466a-b864-1963d4d3e6c8/swagger HTTP/1.1 200 758 https://localhost:9443/publisher/apis/e902effb-881d-466a-b864-1963d4d3e6c8/test-console Mozilla/5.0 (Windows NT 10.0; Win64; x64) AppleWebKit/537.36 (KHTML, like Gecko) Chrome/107.0.0.0 Safari/537.36 0.024
0:0:0:0:0:0:0:1 - - [29/Nov/2022:13:16:58 +0100] - 400 - - - 0.000
0:0:0:0:0:0:0:1 - - [29/Nov/2022:13:16:58 +0100] GET /publisher/site/public/dist/1.d49920c1adbe8fa5ff7c.bundle.js HTTP/1.1 200 15219 https://localhost:9443/publisher/apis/e902effb-881d-466a-b864-1963d4d3e6c8/test-console Mozilla/5.0 (Windows NT 10.0; Win64; x64) AppleWebKit/537.36 (KHTML, like Gecko) Chrome/107.0.0.0 Safari/537.36 0.021
0:0:0:0:0:0:0:1 - - [29/Nov/2022:13:16:58 +0100] GET /publisher/site/public/dist/vendors~EditorDialog~ListingTextEditor~ServiceOverviewSwaggerUI~TryoutConsoleSwaggerUI.0c3ba2a4c0d852797dba.bundle.js HTTP/1.1 200 18305 https://localhost:9443/publisher/apis/e902effb-881d-466a-b864-1963d4d3e6c8/test-console Mozilla/5.0 (Windows NT 10.0; Win64; x64) AppleWebKit/537.36 (KHTML, like Gecko) Chrome/107.0.0.0 Safari/537.36 0.026
0:0:0:0:0:0:0:1 - - [29/Nov/2022:13:16:58 +0100] GET /publisher/site/public/dist/TryoutConsoleSwaggerUI.16b556577c8ca0fd3fd1.bundle.js HTTP/1.1 200 1109 https://localhost:9443/publisher/apis/e902effb-881d-466a-b864-1963d4d3e6c8/test-console Mozilla/5.0 (Windows NT 10.0; Win64; x64) AppleWebKit/537.36 (KHTML, like Gecko) Chrome/107.0.0.0 Safari/537.36 0.010
0:0:0:0:0:0:0:1 - - [29/Nov/2022:13:16:59 +0100] POST /api/am/publisher/v3/apis/e902effb-881d-466a-b864-1963d4d3e6c8/generate-key HTTP/1.1 200 940 https://localhost:9443/publisher/apis/e902effb-881d-466a-b864-1963d4d3e6c8/test-console Mozilla/5.0 (Windows NT 10.0; Win64; x64) AppleWebKit/537.36 (KHTML, like Gecko) Chrome/107.0.0.0 Safari/537.36 0.194
