0:0:0:0:0:0:0:1 - - [28/Nov/2022:22:05:59 +0100] GET /api/am/publisher/v3/apis/e902effb-881d-466a-b864-1963d4d3e6c8/swagger HTTP/1.1 200 758 https://localhost:9443/publisher/apis/e902effb-881d-466a-b864-1963d4d3e6c8/test-console Mozilla/5.0 (Windows NT 10.0; Win64; x64) AppleWebKit/537.36 (KHTML, like Gecko) Chrome/107.0.0.0 Safari/537.36 0.040
0:0:0:0:0:0:0:1 - - [28/Nov/2022:22:06:05 +0100] GET /api/am/publisher/v3/apis/e902effb-881d-466a-b864-1963d4d3e6c8/revisions?query=deployed%3Atrue HTTP/1.1 200 404 https://localhost:9443/publisher/apis/e902effb-881d-466a-b864-1963d4d3e6c8/overview Mozilla/5.0 (Windows NT 10.0; Win64; x64) AppleWebKit/537.36 (KHTML, like Gecko) Chrome/107.0.0.0 Safari/537.36 0.009
0:0:0:0:0:0:0:1 - - [28/Nov/2022:22:06:05 +0100] GET /api/am/publisher/v3/apis/e902effb-881d-466a-b864-1963d4d3e6c8/swagger HTTP/1.1 200 758 https://localhost:9443/publisher/apis/e902effb-881d-466a-b864-1963d4d3e6c8/overview Mozilla/5.0 (Windows NT 10.0; Win64; x64) AppleWebKit/537.36 (KHTML, like Gecko) Chrome/107.0.0.0 Safari/537.36 0.072
0:0:0:0:0:0:0:1 - - [28/Nov/2022:22:06:07 +0100] GET /devportal/apis/e902effb-881d-466a-b864-1963d4d3e6c8/overview HTTP/1.1 200 2031 - Mozilla/5.0 (Windows NT 10.0; Win64; x64) AppleWebKit/537.36 (KHTML, like Gecko) Chrome/107.0.0.0 Safari/537.36 0.172
0:0:0:0:0:0:0:1 - - [28/Nov/2022:22:06:08 +0100] GET /devportal/site/public/theme/userTheme.js HTTP/1.1 200 305 https://localhost:9443/devportal/apis/e902effb-881d-466a-b864-1963d4d3e6c8/overview Mozilla/5.0 (Windows NT 10.0; Win64; x64) AppleWebKit/537.36 (KHTML, like Gecko) Chrome/107.0.0.0 Safari/537.36 0.009
0:0:0:0:0:0:0:1 - - [28/Nov/2022:22:06:08 +0100] GET /devportal/site/public/css/main.css HTTP/1.1 200 1791 https://localhost:9443/devportal/apis/e902effb-881d-466a-b864-1963d4d3e6c8/overview Mozilla/5.0 (Windows NT 10.0; Win64; x64) AppleWebKit/537.36 (KHTML, like Gecko) Chrome/107.0.0.0 Safari/537.36 0.011
0:0:0:0:0:0:0:1 - - [28/Nov/2022:22:06:08 +0100] - 400 - - - 0.000
0:0:0:0:0:0:0:1 - - [28/Nov/2022:22:06:08 +0100] - 400 - - - 0.000
0:0:0:0:0:0:0:1 - - [28/Nov/2022:22:06:08 +0100] GET /devportal/site/public/fonts/iconfont/material-icons.css HTTP/1.1 200 970 https://localhost:9443/devportal/apis/e902effb-881d-466a-b864-1963d4d3e6c8/overview Mozilla/5.0 (Windows NT 10.0; Win64; x64) AppleWebKit/537.36 (KHTML, like Gecko) Chrome/107.0.0.0 Safari/537.36 0.009
0:0:0:0:0:0:0:1 - - [28/Nov/2022:22:06:08 +0100] GET /devportal/site/public/fonts/iconfont/MaterialIcons.js HTTP/1.1 200 6703 https://localhost:9443/devportal/apis/e902effb-881d-466a-b864-1963d4d3e6c8/overview Mozilla/5.0 (Windows NT 10.0; Win64; x64) AppleWebKit/537.36 (KHTML, like Gecko) Chrome/107.0.0.0 Safari/537.36 0.014
0:0:0:0:0:0:0:1 - - [28/Nov/2022:22:06:08 +0100] GET /devportal/site/public/css/overrides.css HTTP/1.1 200 - https://localhost:9443/devportal/apis/e902effb-881d-466a-b864-1963d4d3e6c8/overview Mozilla/5.0 (Windows NT 10.0; Win64; x64) AppleWebKit/537.36 (KHTML, like Gecko) Chrome/107.0.0.0 Safari/537.36 0.005
0:0:0:0:0:0:0:1 - - [28/Nov/2022:22:06:08 +0100] GET /devportal/services/settings/settings.js HTTP/1.1 200 1036 https://localhost:9443/devportal/apis/e902effb-881d-466a-b864-1963d4d3e6c8/overview Mozilla/5.0 (Windows NT 10.0; Win64; x64) AppleWebKit/537.36 (KHTML, like Gecko) Chrome/107.0.0.0 Safari/537.36 0.033
0:0:0:0:0:0:0:1 - - [28/Nov/2022:22:06:08 +0100] GET /devportal/site/public/dist/index.bb5a154b1face8797bc3.bundle.js HTTP/1.1 200 259789 https://localhost:9443/devportal/apis/e902effb-881d-466a-b864-1963d4d3e6c8/overview Mozilla/5.0 (Windows NT 10.0; Win64; x64) AppleWebKit/537.36 (KHTML, like Gecko) Chrome/107.0.0.0 Safari/537.36 0.080
0:0:0:0:0:0:0:1 - - [28/Nov/2022:22:06:08 +0100] GET /devportal/site/public/locales/nl.json HTTP/1.1 404 247 https://localhost:9443/devportal/apis/e902effb-881d-466a-b864-1963d4d3e6c8/overview Mozilla/5.0 (Windows NT 10.0; Win64; x64) AppleWebKit/537.36 (KHTML, like Gecko) Chrome/107.0.0.0 Safari/537.36 0.009
0:0:0:0:0:0:0:1 - - [28/Nov/2022:22:06:08 +0100] GET /devportal/site/public/images/_favicon.ico HTTP/1.1 200 1150 https://localhost:9443/devportal/apis/e902effb-881d-466a-b864-1963d4d3e6c8/overview Mozilla/5.0 (Windows NT 10.0; Win64; x64) AppleWebKit/537.36 (KHTML, like Gecko) Chrome/107.0.0.0 Safari/537.36 0.009
0:0:0:0:0:0:0:1 - - [28/Nov/2022:22:06:09 +0100] GET /api/am/devportal/v2/swagger.yaml HTTP/1.1 200 23493 https://localhost:9443/devportal/apis/e902effb-881d-466a-b864-1963d4d3e6c8/overview Mozilla/5.0 (Windows NT 10.0; Win64; x64) AppleWebKit/537.36 (KHTML, like Gecko) Chrome/107.0.0.0 Safari/537.36 0.787
127.0.0.1 - - [28/Nov/2022:22:06:09 +0100] POST /oauth2/token HTTP/1.1 200 1230 - Jakarta Commons-HttpClient/3.1 0.054
0:0:0:0:0:0:0:1 - - [28/Nov/2022:22:06:09 +0100] POST /devportal/services/refresh/refresh.jag HTTP/1.1 200 2 https://localhost:9443/devportal/apis/e902effb-881d-466a-b864-1963d4d3e6c8/overview Mozilla/5.0 (Windows NT 10.0; Win64; x64) AppleWebKit/537.36 (KHTML, like Gecko) Chrome/107.0.0.0 Safari/537.36 0.114
127.0.0.1 - - [28/Nov/2022:22:06:09 +0100] POST /internal/data/v1/notify HTTP/1.1 200 - - Apache-HttpClient/4.5.13 (Java/11.0.17) 0.011
0:0:0:0:0:0:0:1 - - [28/Nov/2022:22:06:10 +0100] GET /api/am/devportal/v2/settings HTTP/1.1 200 868 https://localhost:9443/devportal/apis/e902effb-881d-466a-b864-1963d4d3e6c8/overview Mozilla/5.0 (Windows NT 10.0; Win64; x64) AppleWebKit/537.36 (KHTML, like Gecko) Chrome/107.0.0.0 Safari/537.36 1.207
0:0:0:0:0:0:0:1 - - [28/Nov/2022:22:06:10 +0100] GET /devportal/site/public/dist/ProtectedApp.85246914c5a864cd3b25.bundle.js HTTP/1.1 200 70400 https://localhost:9443/devportal/apis/e902effb-881d-466a-b864-1963d4d3e6c8/overview Mozilla/5.0 (Windows NT 10.0; Win64; x64) AppleWebKit/537.36 (KHTML, like Gecko) Chrome/107.0.0.0 Safari/537.36 0.015
0:0:0:0:0:0:0:1 - - [28/Nov/2022:22:06:10 +0100] GET /devportal/site/public/dist/vendors~ProtectedApp.f5062f21efd7a7d46a01.bundle.js HTTP/1.1 200 179913 https://localhost:9443/devportal/apis/e902effb-881d-466a-b864-1963d4d3e6c8/overview Mozilla/5.0 (Windows NT 10.0; Win64; x64) AppleWebKit/537.36 (KHTML, like Gecko) Chrome/107.0.0.0 Safari/537.36 0.048
0:0:0:0:0:0:0:1 - - [28/Nov/2022:22:06:11 +0100] GET /devportal/site/public/theme/temporary_environments_config.json HTTP/1.1 200 - https://localhost:9443/devportal/apis/e902effb-881d-466a-b864-1963d4d3e6c8/overview Mozilla/5.0 (Windows NT 10.0; Win64; x64) AppleWebKit/537.36 (KHTML, like Gecko) Chrome/107.0.0.0 Safari/537.36 0.002
0:0:0:0:0:0:0:1 - - [28/Nov/2022:22:06:11 +0100] GET /devportal/site/public/theme/temporary_features_config.json HTTP/1.1 200 - https://localhost:9443/devportal/apis/e902effb-881d-466a-b864-1963d4d3e6c8/overview Mozilla/5.0 (Windows NT 10.0; Win64; x64) AppleWebKit/537.36 (KHTML, like Gecko) Chrome/107.0.0.0 Safari/537.36 0.002
0:0:0:0:0:0:0:1 - - [28/Nov/2022:22:06:11 +0100] GET /api/am/devportal/v2/tenants?state=active HTTP/1.1 200 96 https://localhost:9443/devportal/apis/e902effb-881d-466a-b864-1963d4d3e6c8/overview Mozilla/5.0 (Windows NT 10.0; Win64; x64) AppleWebKit/537.36 (KHTML, like Gecko) Chrome/107.0.0.0 Safari/537.36 0.055
0:0:0:0:0:0:0:1 - - [28/Nov/2022:22:06:11 +0100] GET /devportal/site/public/dist/vendors~Apis~Landing.3ed7aaee9d420a079083.bundle.js HTTP/1.1 200 3784 https://localhost:9443/devportal/apis/e902effb-881d-466a-b864-1963d4d3e6c8/overview Mozilla/5.0 (Windows NT 10.0; Win64; x64) AppleWebKit/537.36 (KHTML, like Gecko) Chrome/107.0.0.0 Safari/537.36 0.005
0:0:0:0:0:0:0:1 - - [28/Nov/2022:22:06:11 +0100] GET /devportal/site/public/dist/vendors~ApiListing~Apis~ApplicationDetails.085bc8cf7979cfcae9cd.bundle.js HTTP/1.1 200 3838 https://localhost:9443/devportal/apis/e902effb-881d-466a-b864-1963d4d3e6c8/overview Mozilla/5.0 (Windows NT 10.0; Win64; x64) AppleWebKit/537.36 (KHTML, like Gecko) Chrome/107.0.0.0 Safari/537.36 0.007
0:0:0:0:0:0:0:1 - - [28/Nov/2022:22:06:11 +0100] GET /devportal/site/public/dist/vendors~Apis.c6057c04cc4bfea77c3f.bundle.js HTTP/1.1 200 17153 https://localhost:9443/devportal/apis/e902effb-881d-466a-b864-1963d4d3e6c8/overview Mozilla/5.0 (Windows NT 10.0; Win64; x64) AppleWebKit/537.36 (KHTML, like Gecko) Chrome/107.0.0.0 Safari/537.36 0.007
0:0:0:0:0:0:0:1 - - [28/Nov/2022:22:06:11 +0100] GET /devportal/site/public/dist/Apis.fdf1eccb253de572570e.bundle.js HTTP/1.1 200 30555 https://localhost:9443/devportal/apis/e902effb-881d-466a-b864-1963d4d3e6c8/overview Mozilla/5.0 (Windows NT 10.0; Win64; x64) AppleWebKit/537.36 (KHTML, like Gecko) Chrome/107.0.0.0 Safari/537.36 0.012
0:0:0:0:0:0:0:1 - - [28/Nov/2022:22:06:11 +0100] GET /devportal/site/public/dist/vendors~Apis~ApplicationDetails.be38cbbdbc60426eae7a.bundle.js HTTP/1.1 200 71039 https://localhost:9443/devportal/apis/e902effb-881d-466a-b864-1963d4d3e6c8/overview Mozilla/5.0 (Windows NT 10.0; Win64; x64) AppleWebKit/537.36 (KHTML, like Gecko) Chrome/107.0.0.0 Safari/537.36 0.018
0:0:0:0:0:0:0:1 - - [28/Nov/2022:22:06:11 +0100] GET /devportal/site/public/images/logo.svg HTTP/1.1 200 74991 https://localhost:9443/devportal/apis/e902effb-881d-466a-b864-1963d4d3e6c8/overview Mozilla/5.0 (Windows NT 10.0; Win64; x64) AppleWebKit/537.36 (KHTML, like Gecko) Chrome/107.0.0.0 Safari/537.36 0.004
0:0:0:0:0:0:0:1 - - [28/Nov/2022:22:06:11 +0100] GET /devportal HTTP/1.1 302 - https://localhost:9443/devportal/apis/e902effb-881d-466a-b864-1963d4d3e6c8/overview Mozilla/5.0 (Windows NT 10.0; Win64; x64) AppleWebKit/537.36 (KHTML, like Gecko) Chrome/107.0.0.0 Safari/537.36 0.000
0:0:0:0:0:0:0:1 - - [28/Nov/2022:22:06:11 +0100] GET /devportal/site/public/images/appbarBack.png HTTP/1.1 200 1964 https://localhost:9443/devportal/apis/e902effb-881d-466a-b864-1963d4d3e6c8/overview Mozilla/5.0 (Windows NT 10.0; Win64; x64) AppleWebKit/537.36 (KHTML, like Gecko) Chrome/107.0.0.0 Safari/537.36 0.003
0:0:0:0:0:0:0:1 - - [28/Nov/2022:22:06:11 +0100] GET /devportal/site/public/fonts/iconfont/MaterialIcons-Regular.woff2 HTTP/1.1 200 60840 https://localhost:9443/devportal/site/public/fonts/iconfont/material-icons.css Mozilla/5.0 (Windows NT 10.0; Win64; x64) AppleWebKit/537.36 (KHTML, like Gecko) Chrome/107.0.0.0 Safari/537.36 0.004
0:0:0:0:0:0:0:1 - - [28/Nov/2022:22:06:11 +0100] GET /devportal/ HTTP/1.1 200 2031 https://localhost:9443/devportal/apis/e902effb-881d-466a-b864-1963d4d3e6c8/overview Mozilla/5.0 (Windows NT 10.0; Win64; x64) AppleWebKit/537.36 (KHTML, like Gecko) Chrome/107.0.0.0 Safari/537.36 0.006
0:0:0:0:0:0:0:1 - - [28/Nov/2022:22:06:11 +0100] GET /devportal/site/public/fonts/Open_Sans/mem8YaGs126MiZpBA-UFVZ0bf8pkAg.woff2 HTTP/1.1 200 8892 https://localhost:9443/devportal/site/public/css/main.css Mozilla/5.0 (Windows NT 10.0; Win64; x64) AppleWebKit/537.36 (KHTML, like Gecko) Chrome/107.0.0.0 Safari/537.36 0.006
0:0:0:0:0:0:0:1 - - [28/Nov/2022:22:06:11 +0100] GET /devportal/site/public/fonts/Open_Sans/mem5YaGs126MiZpBA-UN7rgOUuhpKKSTjw.woff2 HTTP/1.1 200 8800 https://localhost:9443/devportal/site/public/css/main.css Mozilla/5.0 (Windows NT 10.0; Win64; x64) AppleWebKit/537.36 (KHTML, like Gecko) Chrome/107.0.0.0 Safari/537.36 0.004
0:0:0:0:0:0:0:1 - - [28/Nov/2022:22:06:11 +0100] GET /api/am/devportal/v2/apis/e902effb-881d-466a-b864-1963d4d3e6c8 HTTP/1.1 200 1108 https://localhost:9443/devportal/apis/e902effb-881d-466a-b864-1963d4d3e6c8/overview Mozilla/5.0 (Windows NT 10.0; Win64; x64) AppleWebKit/537.36 (KHTML, like Gecko) Chrome/107.0.0.0 Safari/537.36 0.147
0:0:0:0:0:0:0:1 - - [28/Nov/2022:22:06:11 +0100] GET /api/am/devportal/v2/applications?limit=5000 HTTP/1.1 200 514 https://localhost:9443/devportal/apis/e902effb-881d-466a-b864-1963d4d3e6c8/overview Mozilla/5.0 (Windows NT 10.0; Win64; x64) AppleWebKit/537.36 (KHTML, like Gecko) Chrome/107.0.0.0 Safari/537.36 0.164
0:0:0:0:0:0:0:1 - - [28/Nov/2022:22:06:11 +0100] GET /devportal/site/public/dist/vendors~APIComments~APIOverview~ApplicationDetails.87a2f2161f16e1ebc95c.bundle.js HTTP/1.1 200 5400 https://localhost:9443/devportal/apis/e902effb-881d-466a-b864-1963d4d3e6c8/overview Mozilla/5.0 (Windows NT 10.0; Win64; x64) AppleWebKit/537.36 (KHTML, like Gecko) Chrome/107.0.0.0 Safari/537.36 0.003
0:0:0:0:0:0:0:1 - - [28/Nov/2022:22:06:11 +0100] GET /devportal/site/public/dist/APIComments.556f8b209379e7d93f7a.bundle.js HTTP/1.1 200 8382 https://localhost:9443/devportal/apis/e902effb-881d-466a-b864-1963d4d3e6c8/overview Mozilla/5.0 (Windows NT 10.0; Win64; x64) AppleWebKit/537.36 (KHTML, like Gecko) Chrome/107.0.0.0 Safari/537.36 0.006
0:0:0:0:0:0:0:1 - - [28/Nov/2022:22:06:11 +0100] GET /devportal/site/public/dist/APIOverview.f8126125ca0837b4fd59.bundle.js HTTP/1.1 200 11676 https://localhost:9443/devportal/apis/e902effb-881d-466a-b864-1963d4d3e6c8/overview Mozilla/5.0 (Windows NT 10.0; Win64; x64) AppleWebKit/537.36 (KHTML, like Gecko) Chrome/107.0.0.0 Safari/537.36 0.006
0:0:0:0:0:0:0:1 - - [28/Nov/2022:22:06:11 +0100] GET /devportal/site/public/images/leftMenuBack.png HTTP/1.1 200 5308 https://localhost:9443/devportal/apis/e902effb-881d-466a-b864-1963d4d3e6c8/overview Mozilla/5.0 (Windows NT 10.0; Win64; x64) AppleWebKit/537.36 (KHTML, like Gecko) Chrome/107.0.0.0 Safari/537.36 0.008
0:0:0:0:0:0:0:1 - - [28/Nov/2022:22:06:11 +0100] GET /devportal/site/public/dist/vendors~APIDocuments~APIOverview.6e9016b2541da23523a5.bundle.js HTTP/1.1 200 86891 https://localhost:9443/devportal/apis/e902effb-881d-466a-b864-1963d4d3e6c8/overview Mozilla/5.0 (Windows NT 10.0; Win64; x64) AppleWebKit/537.36 (KHTML, like Gecko) Chrome/107.0.0.0 Safari/537.36 0.027
0:0:0:0:0:0:0:1 - - [28/Nov/2022:22:06:11 +0100] GET /api/am/devportal/v2/apis/e902effb-881d-466a-b864-1963d4d3e6c8/documents HTTP/1.1 200 92 https://localhost:9443/devportal/apis/e902effb-881d-466a-b864-1963d4d3e6c8/overview Mozilla/5.0 (Windows NT 10.0; Win64; x64) AppleWebKit/537.36 (KHTML, like Gecko) Chrome/107.0.0.0 Safari/537.36 0.025
0:0:0:0:0:0:0:1 - - [28/Nov/2022:22:06:11 +0100] GET /api/am/devportal/v2/apis/e902effb-881d-466a-b864-1963d4d3e6c8/documents HTTP/1.1 200 92 https://localhost:9443/devportal/apis/e902effb-881d-466a-b864-1963d4d3e6c8/overview Mozilla/5.0 (Windows NT 10.0; Win64; x64) AppleWebKit/537.36 (KHTML, like Gecko) Chrome/107.0.0.0 Safari/537.36 0.016
0:0:0:0:0:0:0:1 - - [28/Nov/2022:22:06:11 +0100] GET /api/am/devportal/v2/throttling-policies/subscription HTTP/1.1 200 634 https://localhost:9443/devportal/apis/e902effb-881d-466a-b864-1963d4d3e6c8/overview Mozilla/5.0 (Windows NT 10.0; Win64; x64) AppleWebKit/537.36 (KHTML, like Gecko) Chrome/107.0.0.0 Safari/537.36 0.044
0:0:0:0:0:0:0:1 - - [28/Nov/2022:22:06:11 +0100] GET /api/am/devportal/v2/throttling-policies/subscription HTTP/1.1 200 634 https://localhost:9443/devportal/apis/e902effb-881d-466a-b864-1963d4d3e6c8/overview Mozilla/5.0 (Windows NT 10.0; Win64; x64) AppleWebKit/537.36 (KHTML, like Gecko) Chrome/107.0.0.0 Safari/537.36 0.013
0:0:0:0:0:0:0:1 - - [28/Nov/2022:22:06:11 +0100] GET /api/am/devportal/v2/apis/e902effb-881d-466a-b864-1963d4d3e6c8/thumbnail HTTP/1.1 204 - https://localhost:9443/devportal/apis/e902effb-881d-466a-b864-1963d4d3e6c8/overview Mozilla/5.0 (Windows NT 10.0; Win64; x64) AppleWebKit/537.36 (KHTML, like Gecko) Chrome/107.0.0.0 Safari/537.36 0.010
0:0:0:0:0:0:0:1 - - [28/Nov/2022:22:06:11 +0100] GET /api/am/devportal/v2/apis/e902effb-881d-466a-b864-1963d4d3e6c8/ratings HTTP/1.1 200 125 https://localhost:9443/devportal/apis/e902effb-881d-466a-b864-1963d4d3e6c8/overview Mozilla/5.0 (Windows NT 10.0; Win64; x64) AppleWebKit/537.36 (KHTML, like Gecko) Chrome/107.0.0.0 Safari/537.36 0.017
0:0:0:0:0:0:0:1 - - [28/Nov/2022:22:06:11 +0100] GET /api/am/devportal/v2/apis/e902effb-881d-466a-b864-1963d4d3e6c8/comments?limit=5&offset=0 HTTP/1.1 200 101 https://localhost:9443/devportal/apis/e902effb-881d-466a-b864-1963d4d3e6c8/overview Mozilla/5.0 (Windows NT 10.0; Win64; x64) AppleWebKit/537.36 (KHTML, like Gecko) Chrome/107.0.0.0 Safari/537.36 0.025
127.0.0.1 - - [28/Nov/2022:22:06:12 +0100] GET /keymanager-operations/dcr/register/ZmJuRkdLQVdsRFVyRDRMd2pmQ3FhM3diRkVFYQ%3D%3D HTTP/1.1 200 723 - Apache-HttpClient/4.5.13 (Java/11.0.17) 1.271
127.0.0.1 - - [28/Nov/2022:22:06:12 +0100] GET /keymanager-operations/dcr/register/ZmJuRkdLQVdsRFVyRDRMd2pmQ3FhM3diRkVFYQ%3D%3D HTTP/1.1 200 723 - Apache-HttpClient/4.5.13 (Java/11.0.17) 1.267
127.0.0.1 - - [28/Nov/2022:22:06:12 +0100] GET /keymanager-operations/dcr/register/dUthUVdzNEVTYnc2Vk0wN1VpdWpoaVdyMlpVYQ%3D%3D HTTP/1.1 200 723 - Apache-HttpClient/4.5.13 (Java/11.0.17) 0.016
127.0.0.1 - - [28/Nov/2022:22:06:12 +0100] GET /keymanager-operations/dcr/register/dUthUVdzNEVTYnc2Vk0wN1VpdWpoaVdyMlpVYQ%3D%3D HTTP/1.1 200 723 - Apache-HttpClient/4.5.13 (Java/11.0.17) 0.016
0:0:0:0:0:0:0:1 - - [28/Nov/2022:22:06:12 +0100] GET /api/am/devportal/v2/subscriptions?apiId=e902effb-881d-466a-b864-1963d4d3e6c8&limit=25 HTTP/1.1 200 729 https://localhost:9443/devportal/apis/e902effb-881d-466a-b864-1963d4d3e6c8/overview Mozilla/5.0 (Windows NT 10.0; Win64; x64) AppleWebKit/537.36 (KHTML, like Gecko) Chrome/107.0.0.0 Safari/537.36 1.416
0:0:0:0:0:0:0:1 - - [28/Nov/2022:22:06:12 +0100] GET /api/am/devportal/v2/subscriptions?apiId=e902effb-881d-466a-b864-1963d4d3e6c8&limit=5000 HTTP/1.1 200 730 https://localhost:9443/devportal/apis/e902effb-881d-466a-b864-1963d4d3e6c8/overview Mozilla/5.0 (Windows NT 10.0; Win64; x64) AppleWebKit/537.36 (KHTML, like Gecko) Chrome/107.0.0.0 Safari/537.36 1.416
0:0:0:0:0:0:0:1 - - [28/Nov/2022:22:06:13 +0100] GET /devportal/site/public/dist/vendors~APICredentials.5eeb41c14e29dad3c93e.bundle.js HTTP/1.1 200 7294 https://localhost:9443/devportal/apis/e902effb-881d-466a-b864-1963d4d3e6c8/credentials Mozilla/5.0 (Windows NT 10.0; Win64; x64) AppleWebKit/537.36 (KHTML, like Gecko) Chrome/107.0.0.0 Safari/537.36 0.009
0:0:0:0:0:0:0:1 - - [28/Nov/2022:22:06:13 +0100] GET /devportal/site/public/dist/APICredentials.d241a84f1f640f4da6bd.bundle.js HTTP/1.1 200 19442 https://localhost:9443/devportal/apis/e902effb-881d-466a-b864-1963d4d3e6c8/credentials Mozilla/5.0 (Windows NT 10.0; Win64; x64) AppleWebKit/537.36 (KHTML, like Gecko) Chrome/107.0.0.0 Safari/537.36 0.016
0:0:0:0:0:0:0:1 - - [28/Nov/2022:22:06:13 +0100] GET /devportal/site/public/dist/2.9a7b1816aabad5b82d40.bundle.js HTTP/1.1 200 42987 https://localhost:9443/devportal/apis/e902effb-881d-466a-b864-1963d4d3e6c8/credentials Mozilla/5.0 (Windows NT 10.0; Win64; x64) AppleWebKit/537.36 (KHTML, like Gecko) Chrome/107.0.0.0 Safari/537.36 0.034
0:0:0:0:0:0:0:1 - - [28/Nov/2022:22:06:14 +0100] GET /devportal/site/public/images/_favicon.ico HTTP/1.1 200 1150 https://localhost:9443/devportal/apis/e902effb-881d-466a-b864-1963d4d3e6c8/credentials Mozilla/5.0 (Windows NT 10.0; Win64; x64) AppleWebKit/537.36 (KHTML, like Gecko) Chrome/107.0.0.0 Safari/537.36 0.004
0:0:0:0:0:0:0:1 - - [28/Nov/2022:22:06:18 +0100] GET /api/am/devportal/v2/swagger.yaml HTTP/1.1 200 23493 https://localhost:9443/devportal/apis/e902effb-881d-466a-b864-1963d4d3e6c8/credentials Mozilla/5.0 (Windows NT 10.0; Win64; x64) AppleWebKit/537.36 (KHTML, like Gecko) Chrome/107.0.0.0 Safari/537.36 0.021
0:0:0:0:0:0:0:1 - - [28/Nov/2022:22:06:18 +0100] GET /api/am/devportal/v2/swagger.yaml HTTP/1.1 200 23493 https://localhost:9443/devportal/apis/e902effb-881d-466a-b864-1963d4d3e6c8/credentials Mozilla/5.0 (Windows NT 10.0; Win64; x64) AppleWebKit/537.36 (KHTML, like Gecko) Chrome/107.0.0.0 Safari/537.36 0.025
127.0.0.1 - - [28/Nov/2022:22:06:18 +0100] GET /oauth2/token/.well-known/openid-configuration HTTP/1.1 200 2245 - Apache-HttpClient/4.5.13 (Java/11.0.17) 0.009
0:0:0:0:0:0:0:1 - - [28/Nov/2022:22:06:18 +0100] GET /api/am/devportal/v2/key-managers HTTP/1.1 200 754 https://localhost:9443/devportal/apis/e902effb-881d-466a-b864-1963d4d3e6c8/credentials Mozilla/5.0 (Windows NT 10.0; Win64; x64) AppleWebKit/537.36 (KHTML, like Gecko) Chrome/107.0.0.0 Safari/537.36 0.161
127.0.0.1 - - [28/Nov/2022:22:06:18 +0100] GET /keymanager-operations/dcr/register/ZmJuRkdLQVdsRFVyRDRMd2pmQ3FhM3diRkVFYQ%3D%3D HTTP/1.1 200 723 - Apache-HttpClient/4.5.13 (Java/11.0.17) 0.023
0:0:0:0:0:0:0:1 - - [28/Nov/2022:22:06:18 +0100] GET /api/am/devportal/v2/applications/a5a8269a-9117-4a77-b9f9-40f799f44201 HTTP/1.1 200 285 https://localhost:9443/devportal/apis/e902effb-881d-466a-b864-1963d4d3e6c8/credentials Mozilla/5.0 (Windows NT 10.0; Win64; x64) AppleWebKit/537.36 (KHTML, like Gecko) Chrome/107.0.0.0 Safari/537.36 0.114
127.0.0.1 - - [28/Nov/2022:22:06:18 +0100] GET /keymanager-operations/dcr/register/ZmJuRkdLQVdsRFVyRDRMd2pmQ3FhM3diRkVFYQ%3D%3D HTTP/1.1 200 723 - Apache-HttpClient/4.5.13 (Java/11.0.17) 0.005
0:0:0:0:0:0:0:1 - - [28/Nov/2022:22:06:18 +0100] GET /api/am/devportal/v2/applications/a5a8269a-9117-4a77-b9f9-40f799f44201 HTTP/1.1 200 285 https://localhost:9443/devportal/apis/e902effb-881d-466a-b864-1963d4d3e6c8/credentials Mozilla/5.0 (Windows NT 10.0; Win64; x64) AppleWebKit/537.36 (KHTML, like Gecko) Chrome/107.0.0.0 Safari/537.36 0.005
127.0.0.1 - - [28/Nov/2022:22:06:19 +0100] GET /keymanager-operations/dcr/register/ZmJuRkdLQVdsRFVyRDRMd2pmQ3FhM3diRkVFYQ%3D%3D HTTP/1.1 200 723 - Apache-HttpClient/4.5.13 (Java/11.0.17) 0.000
0:0:0:0:0:0:0:1 - - [28/Nov/2022:22:06:19 +0100] GET /api/am/devportal/v2/applications/a5a8269a-9117-4a77-b9f9-40f799f44201/oauth-keys HTTP/1.1 200 871 https://localhost:9443/devportal/apis/e902effb-881d-466a-b864-1963d4d3e6c8/credentials Mozilla/5.0 (Windows NT 10.0; Win64; x64) AppleWebKit/537.36 (KHTML, like Gecko) Chrome/107.0.0.0 Safari/537.36 0.022
0:0:0:0:0:0:0:1 - - [28/Nov/2022:22:06:19 +0100] GET /api/am/devportal/v2/swagger.yaml HTTP/1.1 200 23493 https://localhost:9443/devportal/apis/e902effb-881d-466a-b864-1963d4d3e6c8/credentials Mozilla/5.0 (Windows NT 10.0; Win64; x64) AppleWebKit/537.36 (KHTML, like Gecko) Chrome/107.0.0.0 Safari/537.36 0.015
127.0.0.1 - - [28/Nov/2022:22:06:19 +0100] GET /keymanager-operations/dcr/register/ZmJuRkdLQVdsRFVyRDRMd2pmQ3FhM3diRkVFYQ%3D%3D HTTP/1.1 200 723 - Apache-HttpClient/4.5.13 (Java/11.0.17) 0.000
0:0:0:0:0:0:0:1 - - [28/Nov/2022:22:06:19 +0100] GET /api/am/devportal/v2/applications/a5a8269a-9117-4a77-b9f9-40f799f44201 HTTP/1.1 200 285 https://localhost:9443/devportal/apis/e902effb-881d-466a-b864-1963d4d3e6c8/credentials Mozilla/5.0 (Windows NT 10.0; Win64; x64) AppleWebKit/537.36 (KHTML, like Gecko) Chrome/107.0.0.0 Safari/537.36 0.016
127.0.0.1 - - [28/Nov/2022:22:06:19 +0100] GET /keymanager-operations/dcr/register/ZmJuRkdLQVdsRFVyRDRMd2pmQ3FhM3diRkVFYQ%3D%3D HTTP/1.1 200 723 - Apache-HttpClient/4.5.13 (Java/11.0.17) 0.000
0:0:0:0:0:0:0:1 - - [28/Nov/2022:22:06:19 +0100] GET /api/am/devportal/v2/applications/a5a8269a-9117-4a77-b9f9-40f799f44201/oauth-keys HTTP/1.1 200 871 https://localhost:9443/devportal/apis/e902effb-881d-466a-b864-1963d4d3e6c8/credentials Mozilla/5.0 (Windows NT 10.0; Win64; x64) AppleWebKit/537.36 (KHTML, like Gecko) Chrome/107.0.0.0 Safari/537.36 0.012
127.0.0.1 - - [28/Nov/2022:22:06:50 +0100] GET /keymanager-operations/dcr/register/ZmJuRkdLQVdsRFVyRDRMd2pmQ3FhM3diRkVFYQ%3D%3D HTTP/1.1 200 723 - Apache-HttpClient/4.5.13 (Java/11.0.17) 0.022
127.0.0.1 - - [28/Nov/2022:22:06:50 +0100] GET /keymanager-operations/dcr/register/ZmJuRkdLQVdsRFVyRDRMd2pmQ3FhM3diRkVFYQ%3D%3D HTTP/1.1 200 723 - Apache-HttpClient/4.5.13 (Java/11.0.17) 0.000
0:0:0:0:0:0:0:1 - - [28/Nov/2022:22:06:50 +0100] PUT /api/am/devportal/v2/applications/a5a8269a-9117-4a77-b9f9-40f799f44201/oauth-keys/2faa7b32-b376-4e7c-a0b2-4a83e098891b HTTP/1.1 400 201 https://localhost:9443/devportal/apis/e902effb-881d-466a-b864-1963d4d3e6c8/credentials Mozilla/5.0 (Windows NT 10.0; Win64; x64) AppleWebKit/537.36 (KHTML, like Gecko) Chrome/107.0.0.0 Safari/537.36 0.521
127.0.0.1 - - [28/Nov/2022:22:06:56 +0100] GET /keymanager-operations/dcr/register/ZmJuRkdLQVdsRFVyRDRMd2pmQ3FhM3diRkVFYQ%3D%3D HTTP/1.1 200 723 - Apache-HttpClient/4.5.13 (Java/11.0.17) 0.018
127.0.0.1 - - [28/Nov/2022:22:06:56 +0100] GET /keymanager-operations/dcr/register/ZmJuRkdLQVdsRFVyRDRMd2pmQ3FhM3diRkVFYQ%3D%3D HTTP/1.1 200 723 - Apache-HttpClient/4.5.13 (Java/11.0.17) 0.008
0:0:0:0:0:0:0:1 - - [28/Nov/2022:22:06:56 +0100] PUT /api/am/devportal/v2/applications/a5a8269a-9117-4a77-b9f9-40f799f44201/oauth-keys/2faa7b32-b376-4e7c-a0b2-4a83e098891b HTTP/1.1 400 201 https://localhost:9443/devportal/apis/e902effb-881d-466a-b864-1963d4d3e6c8/credentials Mozilla/5.0 (Windows NT 10.0; Win64; x64) AppleWebKit/537.36 (KHTML, like Gecko) Chrome/107.0.0.0 Safari/537.36 0.072
127.0.0.1 - - [28/Nov/2022:22:07:16 +0100] GET /keymanager-operations/dcr/register/ZmJuRkdLQVdsRFVyRDRMd2pmQ3FhM3diRkVFYQ%3D%3D HTTP/1.1 200 723 - Apache-HttpClient/4.5.13 (Java/11.0.17) 0.024
127.0.0.1 - - [28/Nov/2022:22:07:16 +0100] GET /keymanager-operations/dcr/register/ZmJuRkdLQVdsRFVyRDRMd2pmQ3FhM3diRkVFYQ%3D%3D HTTP/1.1 200 723 - Apache-HttpClient/4.5.13 (Java/11.0.17) 0.008
0:0:0:0:0:0:0:1 - - [28/Nov/2022:22:07:16 +0100] PUT /api/am/devportal/v2/applications/a5a8269a-9117-4a77-b9f9-40f799f44201/oauth-keys/2faa7b32-b376-4e7c-a0b2-4a83e098891b HTTP/1.1 400 201 https://localhost:9443/devportal/apis/e902effb-881d-466a-b864-1963d4d3e6c8/credentials Mozilla/5.0 (Windows NT 10.0; Win64; x64) AppleWebKit/537.36 (KHTML, like Gecko) Chrome/107.0.0.0 Safari/537.36 0.114
0:0:0:0:0:0:0:1 - - [28/Nov/2022:22:07:19 +0100] - 400 - - - 0.000
0:0:0:0:0:0:0:1 - - [28/Nov/2022:22:07:19 +0100] - 400 - - - 0.000
0:0:0:0:0:0:0:1 - - [28/Nov/2022:22:07:19 +0100] GET /devportal/apis/e902effb-881d-466a-b864-1963d4d3e6c8/credentials HTTP/1.1 200 2031 - Mozilla/5.0 (Windows NT 10.0; Win64; x64) AppleWebKit/537.36 (KHTML, like Gecko) Chrome/107.0.0.0 Safari/537.36 0.038
0:0:0:0:0:0:0:1 - - [28/Nov/2022:22:07:19 +0100] GET /devportal/site/public/css/main.css HTTP/1.1 200 1791 https://localhost:9443/devportal/apis/e902effb-881d-466a-b864-1963d4d3e6c8/credentials Mozilla/5.0 (Windows NT 10.0; Win64; x64) AppleWebKit/537.36 (KHTML, like Gecko) Chrome/107.0.0.0 Safari/537.36 0.011
0:0:0:0:0:0:0:1 - - [28/Nov/2022:22:07:19 +0100] - 400 - - - 0.000
0:0:0:0:0:0:0:1 - - [28/Nov/2022:22:07:19 +0100] - 400 - - - 0.000
0:0:0:0:0:0:0:1 - - [28/Nov/2022:22:07:19 +0100] - 400 - - - 0.000
0:0:0:0:0:0:0:1 - - [28/Nov/2022:22:07:19 +0100] - 400 - - - 0.000
0:0:0:0:0:0:0:1 - - [28/Nov/2022:22:07:19 +0100] - 400 - - - 0.000
0:0:0:0:0:0:0:1 - - [28/Nov/2022:22:07:19 +0100] GET /devportal/site/public/css/overrides.css HTTP/1.1 200 - https://localhost:9443/devportal/apis/e902effb-881d-466a-b864-1963d4d3e6c8/credentials Mozilla/5.0 (Windows NT 10.0; Win64; x64) AppleWebKit/537.36 (KHTML, like Gecko) Chrome/107.0.0.0 Safari/537.36 0.017
0:0:0:0:0:0:0:1 - - [28/Nov/2022:22:07:19 +0100] GET /devportal/site/public/fonts/iconfont/material-icons.css HTTP/1.1 200 970 https://localhost:9443/devportal/apis/e902effb-881d-466a-b864-1963d4d3e6c8/credentials Mozilla/5.0 (Windows NT 10.0; Win64; x64) AppleWebKit/537.36 (KHTML, like Gecko) Chrome/107.0.0.0 Safari/537.36 0.025
0:0:0:0:0:0:0:1 - - [28/Nov/2022:22:07:19 +0100] GET /devportal/site/public/theme/userTheme.js HTTP/1.1 200 305 https://localhost:9443/devportal/apis/e902effb-881d-466a-b864-1963d4d3e6c8/credentials Mozilla/5.0 (Windows NT 10.0; Win64; x64) AppleWebKit/537.36 (KHTML, like Gecko) Chrome/107.0.0.0 Safari/537.36 0.013
0:0:0:0:0:0:0:1 - - [28/Nov/2022:22:07:19 +0100] GET /devportal/site/public/fonts/iconfont/MaterialIcons.js HTTP/1.1 200 6703 https://localhost:9443/devportal/apis/e902effb-881d-466a-b864-1963d4d3e6c8/credentials Mozilla/5.0 (Windows NT 10.0; Win64; x64) AppleWebKit/537.36 (KHTML, like Gecko) Chrome/107.0.0.0 Safari/537.36 0.003
0:0:0:0:0:0:0:1 - - [28/Nov/2022:22:07:19 +0100] GET /devportal/services/settings/settings.js HTTP/1.1 200 1036 https://localhost:9443/devportal/apis/e902effb-881d-466a-b864-1963d4d3e6c8/credentials Mozilla/5.0 (Windows NT 10.0; Win64; x64) AppleWebKit/537.36 (KHTML, like Gecko) Chrome/107.0.0.0 Safari/537.36 0.006
0:0:0:0:0:0:0:1 - - [28/Nov/2022:22:07:19 +0100] GET /devportal/site/public/dist/index.bb5a154b1face8797bc3.bundle.js HTTP/1.1 200 259789 https://localhost:9443/devportal/apis/e902effb-881d-466a-b864-1963d4d3e6c8/credentials Mozilla/5.0 (Windows NT 10.0; Win64; x64) AppleWebKit/537.36 (KHTML, like Gecko) Chrome/107.0.0.0 Safari/537.36 0.084
0:0:0:0:0:0:0:1 - - [28/Nov/2022:22:07:19 +0100] GET /devportal/site/public/locales/nl.json HTTP/1.1 404 247 https://localhost:9443/devportal/apis/e902effb-881d-466a-b864-1963d4d3e6c8/credentials Mozilla/5.0 (Windows NT 10.0; Win64; x64) AppleWebKit/537.36 (KHTML, like Gecko) Chrome/107.0.0.0 Safari/537.36 0.000
0:0:0:0:0:0:0:1 - - [28/Nov/2022:22:07:19 +0100] GET /api/am/devportal/v2/swagger.yaml HTTP/1.1 200 23493 https://localhost:9443/devportal/apis/e902effb-881d-466a-b864-1963d4d3e6c8/credentials Mozilla/5.0 (Windows NT 10.0; Win64; x64) AppleWebKit/537.36 (KHTML, like Gecko) Chrome/107.0.0.0 Safari/537.36 0.010
0:0:0:0:0:0:0:1 - - [28/Nov/2022:22:07:20 +0100] GET /devportal/site/public/images/_favicon.ico HTTP/1.1 200 1150 https://localhost:9443/devportal/apis/e902effb-881d-466a-b864-1963d4d3e6c8/credentials Mozilla/5.0 (Windows NT 10.0; Win64; x64) AppleWebKit/537.36 (KHTML, like Gecko) Chrome/107.0.0.0 Safari/537.36 0.008
0:0:0:0:0:0:0:1 - - [28/Nov/2022:22:07:20 +0100] GET /devportal/site/public/images/favicon.ico HTTP/1.1 200 162098 https://localhost:9443/devportal/apis/e902effb-881d-466a-b864-1963d4d3e6c8/credentials Mozilla/5.0 (Windows NT 10.0; Win64; x64) AppleWebKit/537.36 (KHTML, like Gecko) Chrome/107.0.0.0 Safari/537.36 0.009
0:0:0:0:0:0:0:1 - - [28/Nov/2022:22:07:20 +0100] GET /api/am/devportal/v2/settings HTTP/1.1 200 868 https://localhost:9443/devportal/apis/e902effb-881d-466a-b864-1963d4d3e6c8/credentials Mozilla/5.0 (Windows NT 10.0; Win64; x64) AppleWebKit/537.36 (KHTML, like Gecko) Chrome/107.0.0.0 Safari/537.36 0.040
0:0:0:0:0:0:0:1 - - [28/Nov/2022:22:07:20 +0100] GET /devportal/site/public/dist/ProtectedApp.85246914c5a864cd3b25.bundle.js HTTP/1.1 200 70400 https://localhost:9443/devportal/apis/e902effb-881d-466a-b864-1963d4d3e6c8/credentials Mozilla/5.0 (Windows NT 10.0; Win64; x64) AppleWebKit/537.36 (KHTML, like Gecko) Chrome/107.0.0.0 Safari/537.36 0.016
0:0:0:0:0:0:0:1 - - [28/Nov/2022:22:07:20 +0100] GET /devportal/site/public/dist/vendors~ProtectedApp.f5062f21efd7a7d46a01.bundle.js HTTP/1.1 200 179913 https://localhost:9443/devportal/apis/e902effb-881d-466a-b864-1963d4d3e6c8/credentials Mozilla/5.0 (Windows NT 10.0; Win64; x64) AppleWebKit/537.36 (KHTML, like Gecko) Chrome/107.0.0.0 Safari/537.36 0.051
0:0:0:0:0:0:0:1 - - [28/Nov/2022:22:07:20 +0100] GET /devportal/site/public/theme/temporary_environments_config.json HTTP/1.1 200 - https://localhost:9443/devportal/apis/e902effb-881d-466a-b864-1963d4d3e6c8/credentials Mozilla/5.0 (Windows NT 10.0; Win64; x64) AppleWebKit/537.36 (KHTML, like Gecko) Chrome/107.0.0.0 Safari/537.36 0.000
0:0:0:0:0:0:0:1 - - [28/Nov/2022:22:07:20 +0100] GET /devportal/site/public/theme/temporary_features_config.json HTTP/1.1 200 - https://localhost:9443/devportal/apis/e902effb-881d-466a-b864-1963d4d3e6c8/credentials Mozilla/5.0 (Windows NT 10.0; Win64; x64) AppleWebKit/537.36 (KHTML, like Gecko) Chrome/107.0.0.0 Safari/537.36 0.006
0:0:0:0:0:0:0:1 - - [28/Nov/2022:22:07:20 +0100] GET /api/am/devportal/v2/tenants?state=active HTTP/1.1 200 96 https://localhost:9443/devportal/apis/e902effb-881d-466a-b864-1963d4d3e6c8/credentials Mozilla/5.0 (Windows NT 10.0; Win64; x64) AppleWebKit/537.36 (KHTML, like Gecko) Chrome/107.0.0.0 Safari/537.36 0.006
0:0:0:0:0:0:0:1 - - [28/Nov/2022:22:07:20 +0100] GET /devportal/site/public/dist/vendors~ApiListing~Apis~ApplicationDetails.085bc8cf7979cfcae9cd.bundle.js HTTP/1.1 200 3838 https://localhost:9443/devportal/apis/e902effb-881d-466a-b864-1963d4d3e6c8/credentials Mozilla/5.0 (Windows NT 10.0; Win64; x64) AppleWebKit/537.36 (KHTML, like Gecko) Chrome/107.0.0.0 Safari/537.36 0.011
0:0:0:0:0:0:0:1 - - [28/Nov/2022:22:07:20 +0100] GET /devportal/site/public/dist/vendors~Apis~Landing.3ed7aaee9d420a079083.bundle.js HTTP/1.1 200 3784 https://localhost:9443/devportal/apis/e902effb-881d-466a-b864-1963d4d3e6c8/credentials Mozilla/5.0 (Windows NT 10.0; Win64; x64) AppleWebKit/537.36 (KHTML, like Gecko) Chrome/107.0.0.0 Safari/537.36 0.011
0:0:0:0:0:0:0:1 - - [28/Nov/2022:22:07:20 +0100] GET /devportal/site/public/dist/vendors~Apis.c6057c04cc4bfea77c3f.bundle.js HTTP/1.1 200 17153 https://localhost:9443/devportal/apis/e902effb-881d-466a-b864-1963d4d3e6c8/credentials Mozilla/5.0 (Windows NT 10.0; Win64; x64) AppleWebKit/537.36 (KHTML, like Gecko) Chrome/107.0.0.0 Safari/537.36 0.003
0:0:0:0:0:0:0:1 - - [28/Nov/2022:22:07:20 +0100] GET /devportal/site/public/dist/Apis.fdf1eccb253de572570e.bundle.js HTTP/1.1 200 30555 https://localhost:9443/devportal/apis/e902effb-881d-466a-b864-1963d4d3e6c8/credentials Mozilla/5.0 (Windows NT 10.0; Win64; x64) AppleWebKit/537.36 (KHTML, like Gecko) Chrome/107.0.0.0 Safari/537.36 0.018
0:0:0:0:0:0:0:1 - - [28/Nov/2022:22:07:20 +0100] GET /devportal/site/public/dist/vendors~Apis~ApplicationDetails.be38cbbdbc60426eae7a.bundle.js HTTP/1.1 200 71039 https://localhost:9443/devportal/apis/e902effb-881d-466a-b864-1963d4d3e6c8/credentials Mozilla/5.0 (Windows NT 10.0; Win64; x64) AppleWebKit/537.36 (KHTML, like Gecko) Chrome/107.0.0.0 Safari/537.36 0.036
0:0:0:0:0:0:0:1 - - [28/Nov/2022:22:07:20 +0100] GET /devportal/site/public/images/logo.svg HTTP/1.1 200 74991 https://localhost:9443/devportal/apis/e902effb-881d-466a-b864-1963d4d3e6c8/credentials Mozilla/5.0 (Windows NT 10.0; Win64; x64) AppleWebKit/537.36 (KHTML, like Gecko) Chrome/107.0.0.0 Safari/537.36 0.008
0:0:0:0:0:0:0:1 - - [28/Nov/2022:22:07:20 +0100] GET /devportal HTTP/1.1 302 - https://localhost:9443/devportal/apis/e902effb-881d-466a-b864-1963d4d3e6c8/credentials Mozilla/5.0 (Windows NT 10.0; Win64; x64) AppleWebKit/537.36 (KHTML, like Gecko) Chrome/107.0.0.0 Safari/537.36 0.000
0:0:0:0:0:0:0:1 - - [28/Nov/2022:22:07:20 +0100] GET /devportal/site/public/images/appbarBack.png HTTP/1.1 200 1964 https://localhost:9443/devportal/apis/e902effb-881d-466a-b864-1963d4d3e6c8/credentials Mozilla/5.0 (Windows NT 10.0; Win64; x64) AppleWebKit/537.36 (KHTML, like Gecko) Chrome/107.0.0.0 Safari/537.36 0.009
0:0:0:0:0:0:0:1 - - [28/Nov/2022:22:07:20 +0100] GET /devportal/site/public/fonts/Open_Sans/mem8YaGs126MiZpBA-UFVZ0bf8pkAg.woff2 HTTP/1.1 200 8892 https://localhost:9443/devportal/site/public/css/main.css Mozilla/5.0 (Windows NT 10.0; Win64; x64) AppleWebKit/537.36 (KHTML, like Gecko) Chrome/107.0.0.0 Safari/537.36 0.008
0:0:0:0:0:0:0:1 - - [28/Nov/2022:22:07:20 +0100] GET /devportal/site/public/fonts/iconfont/MaterialIcons-Regular.woff2 HTTP/1.1 200 60840 https://localhost:9443/devportal/site/public/fonts/iconfont/material-icons.css Mozilla/5.0 (Windows NT 10.0; Win64; x64) AppleWebKit/537.36 (KHTML, like Gecko) Chrome/107.0.0.0 Safari/537.36 0.010
0:0:0:0:0:0:0:1 - - [28/Nov/2022:22:07:20 +0100] GET /devportal/site/public/fonts/Open_Sans/mem5YaGs126MiZpBA-UN7rgOUuhpKKSTjw.woff2 HTTP/1.1 200 8800 https://localhost:9443/devportal/site/public/css/main.css Mozilla/5.0 (Windows NT 10.0; Win64; x64) AppleWebKit/537.36 (KHTML, like Gecko) Chrome/107.0.0.0 Safari/537.36 0.008
0:0:0:0:0:0:0:1 - - [28/Nov/2022:22:07:20 +0100] GET /devportal/ HTTP/1.1 200 2031 https://localhost:9443/devportal/apis/e902effb-881d-466a-b864-1963d4d3e6c8/credentials Mozilla/5.0 (Windows NT 10.0; Win64; x64) AppleWebKit/537.36 (KHTML, like Gecko) Chrome/107.0.0.0 Safari/537.36 0.009
0:0:0:0:0:0:0:1 - - [28/Nov/2022:22:07:20 +0100] GET /api/am/devportal/v2/applications?limit=5000 HTTP/1.1 200 514 https://localhost:9443/devportal/apis/e902effb-881d-466a-b864-1963d4d3e6c8/credentials Mozilla/5.0 (Windows NT 10.0; Win64; x64) AppleWebKit/537.36 (KHTML, like Gecko) Chrome/107.0.0.0 Safari/537.36 0.017
0:0:0:0:0:0:0:1 - - [28/Nov/2022:22:07:20 +0100] GET /api/am/devportal/v2/apis/e902effb-881d-466a-b864-1963d4d3e6c8 HTTP/1.1 200 1108 https://localhost:9443/devportal/apis/e902effb-881d-466a-b864-1963d4d3e6c8/credentials Mozilla/5.0 (Windows NT 10.0; Win64; x64) AppleWebKit/537.36 (KHTML, like Gecko) Chrome/107.0.0.0 Safari/537.36 0.030
127.0.0.1 - - [28/Nov/2022:22:07:20 +0100] GET /keymanager-operations/dcr/register/ZmJuRkdLQVdsRFVyRDRMd2pmQ3FhM3diRkVFYQ%3D%3D HTTP/1.1 200 723 - Apache-HttpClient/4.5.13 (Java/11.0.17) 0.008
127.0.0.1 - - [28/Nov/2022:22:07:20 +0100] GET /keymanager-operations/dcr/register/dUthUVdzNEVTYnc2Vk0wN1VpdWpoaVdyMlpVYQ%3D%3D HTTP/1.1 200 723 - Apache-HttpClient/4.5.13 (Java/11.0.17) 0.005
127.0.0.1 - - [28/Nov/2022:22:07:20 +0100] GET /keymanager-operations/dcr/register/dUthUVdzNEVTYnc2Vk0wN1VpdWpoaVdyMlpVYQ%3D%3D HTTP/1.1 200 723 - Apache-HttpClient/4.5.13 (Java/11.0.17) 0.003
127.0.0.1 - - [28/Nov/2022:22:07:20 +0100] GET /keymanager-operations/dcr/register/ZmJuRkdLQVdsRFVyRDRMd2pmQ3FhM3diRkVFYQ%3D%3D HTTP/1.1 200 723 - Apache-HttpClient/4.5.13 (Java/11.0.17) 0.002
0:0:0:0:0:0:0:1 - - [28/Nov/2022:22:07:20 +0100] GET /devportal/site/public/dist/vendors~APICredentials.5eeb41c14e29dad3c93e.bundle.js HTTP/1.1 200 7294 https://localhost:9443/devportal/apis/e902effb-881d-466a-b864-1963d4d3e6c8/credentials Mozilla/5.0 (Windows NT 10.0; Win64; x64) AppleWebKit/537.36 (KHTML, like Gecko) Chrome/107.0.0.0 Safari/537.36 0.000
0:0:0:0:0:0:0:1 - - [28/Nov/2022:22:07:20 +0100] GET /devportal/site/public/dist/APICredentials.d241a84f1f640f4da6bd.bundle.js HTTP/1.1 200 19442 https://localhost:9443/devportal/apis/e902effb-881d-466a-b864-1963d4d3e6c8/credentials Mozilla/5.0 (Windows NT 10.0; Win64; x64) AppleWebKit/537.36 (KHTML, like Gecko) Chrome/107.0.0.0 Safari/537.36 0.007
0:0:0:0:0:0:0:1 - - [28/Nov/2022:22:07:20 +0100] GET /devportal/site/public/dist/2.9a7b1816aabad5b82d40.bundle.js HTTP/1.1 200 42987 https://localhost:9443/devportal/apis/e902effb-881d-466a-b864-1963d4d3e6c8/credentials Mozilla/5.0 (Windows NT 10.0; Win64; x64) AppleWebKit/537.36 (KHTML, like Gecko) Chrome/107.0.0.0 Safari/537.36 0.016
0:0:0:0:0:0:0:1 - - [28/Nov/2022:22:07:20 +0100] GET /api/am/devportal/v2/subscriptions?apiId=e902effb-881d-466a-b864-1963d4d3e6c8&limit=5000 HTTP/1.1 200 730 https://localhost:9443/devportal/apis/e902effb-881d-466a-b864-1963d4d3e6c8/credentials Mozilla/5.0 (Windows NT 10.0; Win64; x64) AppleWebKit/537.36 (KHTML, like Gecko) Chrome/107.0.0.0 Safari/537.36 0.067
0:0:0:0:0:0:0:1 - - [28/Nov/2022:22:07:20 +0100] GET /devportal/site/public/images/leftMenuBack.png HTTP/1.1 200 5308 https://localhost:9443/devportal/apis/e902effb-881d-466a-b864-1963d4d3e6c8/credentials Mozilla/5.0 (Windows NT 10.0; Win64; x64) AppleWebKit/537.36 (KHTML, like Gecko) Chrome/107.0.0.0 Safari/537.36 0.000
0:0:0:0:0:0:0:1 - - [28/Nov/2022:22:07:20 +0100] GET /api/am/devportal/v2/subscriptions?apiId=e902effb-881d-466a-b864-1963d4d3e6c8&limit=25 HTTP/1.1 200 729 https://localhost:9443/devportal/apis/e902effb-881d-466a-b864-1963d4d3e6c8/credentials Mozilla/5.0 (Windows NT 10.0; Win64; x64) AppleWebKit/537.36 (KHTML, like Gecko) Chrome/107.0.0.0 Safari/537.36 0.074
0:0:0:0:0:0:0:1 - - [28/Nov/2022:22:07:23 +0100] GET /api/am/devportal/v2/swagger.yaml HTTP/1.1 200 23493 https://localhost:9443/devportal/apis/e902effb-881d-466a-b864-1963d4d3e6c8/credentials Mozilla/5.0 (Windows NT 10.0; Win64; x64) AppleWebKit/537.36 (KHTML, like Gecko) Chrome/107.0.0.0 Safari/537.36 0.021
0:0:0:0:0:0:0:1 - - [28/Nov/2022:22:07:23 +0100] GET /api/am/devportal/v2/swagger.yaml HTTP/1.1 200 23493 https://localhost:9443/devportal/apis/e902effb-881d-466a-b864-1963d4d3e6c8/credentials Mozilla/5.0 (Windows NT 10.0; Win64; x64) AppleWebKit/537.36 (KHTML, like Gecko) Chrome/107.0.0.0 Safari/537.36 0.023
127.0.0.1 - - [28/Nov/2022:22:07:23 +0100] GET /oauth2/token/.well-known/openid-configuration HTTP/1.1 200 2245 - Apache-HttpClient/4.5.13 (Java/11.0.17) 0.004
0:0:0:0:0:0:0:1 - - [28/Nov/2022:22:07:23 +0100] GET /api/am/devportal/v2/key-managers HTTP/1.1 200 754 https://localhost:9443/devportal/apis/e902effb-881d-466a-b864-1963d4d3e6c8/credentials Mozilla/5.0 (Windows NT 10.0; Win64; x64) AppleWebKit/537.36 (KHTML, like Gecko) Chrome/107.0.0.0 Safari/537.36 0.065
127.0.0.1 - - [28/Nov/2022:22:07:24 +0100] GET /keymanager-operations/dcr/register/ZmJuRkdLQVdsRFVyRDRMd2pmQ3FhM3diRkVFYQ%3D%3D HTTP/1.1 200 723 - Apache-HttpClient/4.5.13 (Java/11.0.17) 0.016
0:0:0:0:0:0:0:1 - - [28/Nov/2022:22:07:24 +0100] GET /api/am/devportal/v2/applications/a5a8269a-9117-4a77-b9f9-40f799f44201 HTTP/1.1 200 285 https://localhost:9443/devportal/apis/e902effb-881d-466a-b864-1963d4d3e6c8/credentials Mozilla/5.0 (Windows NT 10.0; Win64; x64) AppleWebKit/537.36 (KHTML, like Gecko) Chrome/107.0.0.0 Safari/537.36 0.041
127.0.0.1 - - [28/Nov/2022:22:07:24 +0100] GET /keymanager-operations/dcr/register/ZmJuRkdLQVdsRFVyRDRMd2pmQ3FhM3diRkVFYQ%3D%3D HTTP/1.1 200 723 - Apache-HttpClient/4.5.13 (Java/11.0.17) 0.000
0:0:0:0:0:0:0:1 - - [28/Nov/2022:22:07:24 +0100] GET /api/am/devportal/v2/applications/a5a8269a-9117-4a77-b9f9-40f799f44201 HTTP/1.1 200 285 https://localhost:9443/devportal/apis/e902effb-881d-466a-b864-1963d4d3e6c8/credentials Mozilla/5.0 (Windows NT 10.0; Win64; x64) AppleWebKit/537.36 (KHTML, like Gecko) Chrome/107.0.0.0 Safari/537.36 0.014
127.0.0.1 - - [28/Nov/2022:22:07:24 +0100] GET /keymanager-operations/dcr/register/ZmJuRkdLQVdsRFVyRDRMd2pmQ3FhM3diRkVFYQ%3D%3D HTTP/1.1 200 723 - Apache-HttpClient/4.5.13 (Java/11.0.17) 0.004
0:0:0:0:0:0:0:1 - - [28/Nov/2022:22:07:24 +0100] GET /api/am/devportal/v2/applications/a5a8269a-9117-4a77-b9f9-40f799f44201/oauth-keys HTTP/1.1 200 871 https://localhost:9443/devportal/apis/e902effb-881d-466a-b864-1963d4d3e6c8/credentials Mozilla/5.0 (Windows NT 10.0; Win64; x64) AppleWebKit/537.36 (KHTML, like Gecko) Chrome/107.0.0.0 Safari/537.36 0.008
0:0:0:0:0:0:0:1 - - [28/Nov/2022:22:07:24 +0100] GET /api/am/devportal/v2/swagger.yaml HTTP/1.1 200 23493 https://localhost:9443/devportal/apis/e902effb-881d-466a-b864-1963d4d3e6c8/credentials Mozilla/5.0 (Windows NT 10.0; Win64; x64) AppleWebKit/537.36 (KHTML, like Gecko) Chrome/107.0.0.0 Safari/537.36 0.016
127.0.0.1 - - [28/Nov/2022:22:07:24 +0100] GET /keymanager-operations/dcr/register/ZmJuRkdLQVdsRFVyRDRMd2pmQ3FhM3diRkVFYQ%3D%3D HTTP/1.1 200 723 - Apache-HttpClient/4.5.13 (Java/11.0.17) 0.009
0:0:0:0:0:0:0:1 - - [28/Nov/2022:22:07:24 +0100] GET /api/am/devportal/v2/applications/a5a8269a-9117-4a77-b9f9-40f799f44201 HTTP/1.1 200 285 https://localhost:9443/devportal/apis/e902effb-881d-466a-b864-1963d4d3e6c8/credentials Mozilla/5.0 (Windows NT 10.0; Win64; x64) AppleWebKit/537.36 (KHTML, like Gecko) Chrome/107.0.0.0 Safari/537.36 0.023
127.0.0.1 - - [28/Nov/2022:22:07:24 +0100] GET /keymanager-operations/dcr/register/ZmJuRkdLQVdsRFVyRDRMd2pmQ3FhM3diRkVFYQ%3D%3D HTTP/1.1 200 723 - Apache-HttpClient/4.5.13 (Java/11.0.17) 0.000
0:0:0:0:0:0:0:1 - - [28/Nov/2022:22:07:24 +0100] GET /api/am/devportal/v2/applications/a5a8269a-9117-4a77-b9f9-40f799f44201/oauth-keys HTTP/1.1 200 871 https://localhost:9443/devportal/apis/e902effb-881d-466a-b864-1963d4d3e6c8/credentials Mozilla/5.0 (Windows NT 10.0; Win64; x64) AppleWebKit/537.36 (KHTML, like Gecko) Chrome/107.0.0.0 Safari/537.36 0.015
127.0.0.1 - - [28/Nov/2022:22:07:51 +0100] GET /keymanager-operations/dcr/register/ZmJuRkdLQVdsRFVyRDRMd2pmQ3FhM3diRkVFYQ%3D%3D HTTP/1.1 200 723 - Apache-HttpClient/4.5.13 (Java/11.0.17) 0.011
127.0.0.1 - - [28/Nov/2022:22:07:51 +0100] GET /keymanager-operations/dcr/register/ZmJuRkdLQVdsRFVyRDRMd2pmQ3FhM3diRkVFYQ%3D%3D HTTP/1.1 200 723 - Apache-HttpClient/4.5.13 (Java/11.0.17) 0.006
127.0.0.1 - - [28/Nov/2022:22:07:51 +0100] PUT /keymanager-operations/dcr/register/ZmJuRkdLQVdsRFVyRDRMd2pmQ3FhM3diRkVFYQ%3D%3D HTTP/1.1 200 751 - Apache-HttpClient/4.5.13 (Java/11.0.17) 0.199
0:0:0:0:0:0:0:1 - - [28/Nov/2022:22:07:51 +0100] PUT /api/am/devportal/v2/applications/a5a8269a-9117-4a77-b9f9-40f799f44201/oauth-keys/2faa7b32-b376-4e7c-a0b2-4a83e098891b HTTP/1.1 200 816 https://localhost:9443/devportal/apis/e902effb-881d-466a-b864-1963d4d3e6c8/credentials Mozilla/5.0 (Windows NT 10.0; Win64; x64) AppleWebKit/537.36 (KHTML, like Gecko) Chrome/107.0.0.0 Safari/537.36 0.263
127.0.0.1 - - [28/Nov/2022:22:08:25 +0100] GET /keymanager-operations/dcr/register/ZmJuRkdLQVdsRFVyRDRMd2pmQ3FhM3diRkVFYQ%3D%3D HTTP/1.1 200 751 - Apache-HttpClient/4.5.13 (Java/11.0.17) 0.027
127.0.0.1 - - [28/Nov/2022:22:08:25 +0100] GET /keymanager-operations/dcr/register/ZmJuRkdLQVdsRFVyRDRMd2pmQ3FhM3diRkVFYQ%3D%3D HTTP/1.1 200 751 - Apache-HttpClient/4.5.13 (Java/11.0.17) 0.010
0:0:0:0:0:0:0:1 - - [28/Nov/2022:22:08:25 +0100] PUT /api/am/devportal/v2/applications/a5a8269a-9117-4a77-b9f9-40f799f44201/oauth-keys/2faa7b32-b376-4e7c-a0b2-4a83e098891b HTTP/1.1 400 201 https://localhost:9443/devportal/apis/e902effb-881d-466a-b864-1963d4d3e6c8/credentials Mozilla/5.0 (Windows NT 10.0; Win64; x64) AppleWebKit/537.36 (KHTML, like Gecko) Chrome/107.0.0.0 Safari/537.36 0.084
0:0:0:0:0:0:0:1 - - [28/Nov/2022:22:08:41 +0100] - 400 - - - 0.000
127.0.0.1 - - [28/Nov/2022:22:08:41 +0100] GET /keymanager-operations/dcr/register/ZmJuRkdLQVdsRFVyRDRMd2pmQ3FhM3diRkVFYQ%3D%3D HTTP/1.1 200 751 - Apache-HttpClient/4.5.13 (Java/11.0.17) 0.022
127.0.0.1 - - [28/Nov/2022:22:08:41 +0100] GET /keymanager-operations/dcr/register/ZmJuRkdLQVdsRFVyRDRMd2pmQ3FhM3diRkVFYQ%3D%3D HTTP/1.1 200 751 - Apache-HttpClient/4.5.13 (Java/11.0.17) 0.013
0:0:0:0:0:0:0:1 - - [28/Nov/2022:22:08:41 +0100] PUT /api/am/devportal/v2/applications/a5a8269a-9117-4a77-b9f9-40f799f44201/oauth-keys/2faa7b32-b376-4e7c-a0b2-4a83e098891b HTTP/1.1 400 201 https://localhost:9443/devportal/apis/e902effb-881d-466a-b864-1963d4d3e6c8/credentials Mozilla/5.0 (Windows NT 10.0; Win64; x64) AppleWebKit/537.36 (KHTML, like Gecko) Chrome/107.0.0.0 Safari/537.36 0.071
0:0:0:0:0:0:0:1 - - [28/Nov/2022:22:08:43 +0100] - 400 - - - 0.000
0:0:0:0:0:0:0:1 - - [28/Nov/2022:22:08:43 +0100] - 400 - - - 0.000
0:0:0:0:0:0:0:1 - - [28/Nov/2022:22:08:43 +0100] GET /devportal/apis/e902effb-881d-466a-b864-1963d4d3e6c8/credentials HTTP/1.1 200 2031 - Mozilla/5.0 (Windows NT 10.0; Win64; x64) AppleWebKit/537.36 (KHTML, like Gecko) Chrome/107.0.0.0 Safari/537.36 0.033
0:0:0:0:0:0:0:1 - - [28/Nov/2022:22:08:43 +0100] GET /devportal/site/public/css/main.css HTTP/1.1 200 1791 https://localhost:9443/devportal/apis/e902effb-881d-466a-b864-1963d4d3e6c8/credentials Mozilla/5.0 (Windows NT 10.0; Win64; x64) AppleWebKit/537.36 (KHTML, like Gecko) Chrome/107.0.0.0 Safari/537.36 0.005
0:0:0:0:0:0:0:1 - - [28/Nov/2022:22:08:43 +0100] - 400 - - - 0.000
0:0:0:0:0:0:0:1 - - [28/Nov/2022:22:08:43 +0100] - 400 - - - 0.000
0:0:0:0:0:0:0:1 - - [28/Nov/2022:22:08:43 +0100] - 400 - - - 0.000
0:0:0:0:0:0:0:1 - - [28/Nov/2022:22:08:43 +0100] GET /devportal/site/public/fonts/iconfont/material-icons.css HTTP/1.1 200 970 https://localhost:9443/devportal/apis/e902effb-881d-466a-b864-1963d4d3e6c8/credentials Mozilla/5.0 (Windows NT 10.0; Win64; x64) AppleWebKit/537.36 (KHTML, like Gecko) Chrome/107.0.0.0 Safari/537.36 0.009
0:0:0:0:0:0:0:1 - - [28/Nov/2022:22:08:43 +0100] GET /devportal/site/public/css/overrides.css HTTP/1.1 200 - https://localhost:9443/devportal/apis/e902effb-881d-466a-b864-1963d4d3e6c8/credentials Mozilla/5.0 (Windows NT 10.0; Win64; x64) AppleWebKit/537.36 (KHTML, like Gecko) Chrome/107.0.0.0 Safari/537.36 0.004
0:0:0:0:0:0:0:1 - - [28/Nov/2022:22:08:43 +0100] GET /devportal/services/settings/settings.js HTTP/1.1 200 1036 https://localhost:9443/devportal/apis/e902effb-881d-466a-b864-1963d4d3e6c8/credentials Mozilla/5.0 (Windows NT 10.0; Win64; x64) AppleWebKit/537.36 (KHTML, like Gecko) Chrome/107.0.0.0 Safari/537.36 0.008
0:0:0:0:0:0:0:1 - - [28/Nov/2022:22:08:44 +0100] GET /devportal/site/public/locales/nl.json HTTP/1.1 404 247 https://localhost:9443/devportal/apis/e902effb-881d-466a-b864-1963d4d3e6c8/credentials Mozilla/5.0 (Windows NT 10.0; Win64; x64) AppleWebKit/537.36 (KHTML, like Gecko) Chrome/107.0.0.0 Safari/537.36 0.008
0:0:0:0:0:0:0:1 - - [28/Nov/2022:22:08:44 +0100] GET /api/am/devportal/v2/swagger.yaml HTTP/1.1 200 23493 https://localhost:9443/devportal/apis/e902effb-881d-466a-b864-1963d4d3e6c8/credentials Mozilla/5.0 (Windows NT 10.0; Win64; x64) AppleWebKit/537.36 (KHTML, like Gecko) Chrome/107.0.0.0 Safari/537.36 0.016
0:0:0:0:0:0:0:1 - - [28/Nov/2022:22:08:45 +0100] GET /devportal/site/public/images/_favicon.ico HTTP/1.1 200 1150 https://localhost:9443/devportal/apis/e902effb-881d-466a-b864-1963d4d3e6c8/credentials Mozilla/5.0 (Windows NT 10.0; Win64; x64) AppleWebKit/537.36 (KHTML, like Gecko) Chrome/107.0.0.0 Safari/537.36 0.008
0:0:0:0:0:0:0:1 - - [28/Nov/2022:22:08:45 +0100] GET /devportal/site/public/images/favicon.ico HTTP/1.1 200 162098 https://localhost:9443/devportal/apis/e902effb-881d-466a-b864-1963d4d3e6c8/credentials Mozilla/5.0 (Windows NT 10.0; Win64; x64) AppleWebKit/537.36 (KHTML, like Gecko) Chrome/107.0.0.0 Safari/537.36 0.008
0:0:0:0:0:0:0:1 - - [28/Nov/2022:22:08:45 +0100] GET /api/am/devportal/v2/settings HTTP/1.1 200 868 https://localhost:9443/devportal/apis/e902effb-881d-466a-b864-1963d4d3e6c8/credentials Mozilla/5.0 (Windows NT 10.0; Win64; x64) AppleWebKit/537.36 (KHTML, like Gecko) Chrome/107.0.0.0 Safari/537.36 0.081
0:0:0:0:0:0:0:1 - - [28/Nov/2022:22:08:45 +0100] GET /devportal/site/public/dist/ProtectedApp.85246914c5a864cd3b25.bundle.js HTTP/1.1 200 70400 https://localhost:9443/devportal/apis/e902effb-881d-466a-b864-1963d4d3e6c8/credentials Mozilla/5.0 (Windows NT 10.0; Win64; x64) AppleWebKit/537.36 (KHTML, like Gecko) Chrome/107.0.0.0 Safari/537.36 0.009
0:0:0:0:0:0:0:1 - - [28/Nov/2022:22:08:45 +0100] GET /devportal/site/public/dist/vendors~ProtectedApp.f5062f21efd7a7d46a01.bundle.js HTTP/1.1 200 179913 https://localhost:9443/devportal/apis/e902effb-881d-466a-b864-1963d4d3e6c8/credentials Mozilla/5.0 (Windows NT 10.0; Win64; x64) AppleWebKit/537.36 (KHTML, like Gecko) Chrome/107.0.0.0 Safari/537.36 0.057
