0:0:0:0:0:0:0:1 - - [28/Nov/2022:22:08:45 +0100] GET /devportal/site/public/theme/temporary_environments_config.json HTTP/1.1 200 - https://localhost:9443/devportal/apis/e902effb-881d-466a-b864-1963d4d3e6c8/credentials Mozilla/5.0 (Windows NT 10.0; Win64; x64) AppleWebKit/537.36 (KHTML, like Gecko) Chrome/107.0.0.0 Safari/537.36 0.001
0:0:0:0:0:0:0:1 - - [28/Nov/2022:22:08:45 +0100] GET /devportal/site/public/theme/temporary_features_config.json HTTP/1.1 200 - https://localhost:9443/devportal/apis/e902effb-881d-466a-b864-1963d4d3e6c8/credentials Mozilla/5.0 (Windows NT 10.0; Win64; x64) AppleWebKit/537.36 (KHTML, like Gecko) Chrome/107.0.0.0 Safari/537.36 0.003
0:0:0:0:0:0:0:1 - - [28/Nov/2022:22:08:45 +0100] GET /api/am/devportal/v2/tenants?state=active HTTP/1.1 200 96 https://localhost:9443/devportal/apis/e902effb-881d-466a-b864-1963d4d3e6c8/credentials Mozilla/5.0 (Windows NT 10.0; Win64; x64) AppleWebKit/537.36 (KHTML, like Gecko) Chrome/107.0.0.0 Safari/537.36 0.008
0:0:0:0:0:0:0:1 - - [28/Nov/2022:22:08:45 +0100] - 400 - - - 0.000
0:0:0:0:0:0:0:1 - - [28/Nov/2022:22:08:45 +0100] GET /devportal/site/public/dist/vendors~ApiListing~Apis~ApplicationDetails.085bc8cf7979cfcae9cd.bundle.js HTTP/1.1 200 3838 https://localhost:9443/devportal/apis/e902effb-881d-466a-b864-1963d4d3e6c8/credentials Mozilla/5.0 (Windows NT 10.0; Win64; x64) AppleWebKit/537.36 (KHTML, like Gecko) Chrome/107.0.0.0 Safari/537.36 0.006
0:0:0:0:0:0:0:1 - - [28/Nov/2022:22:08:45 +0100] GET /devportal/site/public/dist/vendors~Apis~Landing.3ed7aaee9d420a079083.bundle.js HTTP/1.1 200 3784 https://localhost:9443/devportal/apis/e902effb-881d-466a-b864-1963d4d3e6c8/credentials Mozilla/5.0 (Windows NT 10.0; Win64; x64) AppleWebKit/537.36 (KHTML, like Gecko) Chrome/107.0.0.0 Safari/537.36 0.010
0:0:0:0:0:0:0:1 - - [28/Nov/2022:22:08:45 +0100] - 400 - - - 0.000
0:0:0:0:0:0:0:1 - - [28/Nov/2022:22:08:45 +0100] GET /devportal/site/public/dist/vendors~Apis.c6057c04cc4bfea77c3f.bundle.js HTTP/1.1 200 17153 https://localhost:9443/devportal/apis/e902effb-881d-466a-b864-1963d4d3e6c8/credentials Mozilla/5.0 (Windows NT 10.0; Win64; x64) AppleWebKit/537.36 (KHTML, like Gecko) Chrome/107.0.0.0 Safari/537.36 0.003
0:0:0:0:0:0:0:1 - - [28/Nov/2022:22:08:45 +0100] GET /devportal/site/public/dist/vendors~Apis~ApplicationDetails.be38cbbdbc60426eae7a.bundle.js HTTP/1.1 200 71039 https://localhost:9443/devportal/apis/e902effb-881d-466a-b864-1963d4d3e6c8/credentials Mozilla/5.0 (Windows NT 10.0; Win64; x64) AppleWebKit/537.36 (KHTML, like Gecko) Chrome/107.0.0.0 Safari/537.36 0.023
0:0:0:0:0:0:0:1 - - [28/Nov/2022:22:08:45 +0100] GET /devportal/site/public/dist/Apis.fdf1eccb253de572570e.bundle.js HTTP/1.1 200 30555 https://localhost:9443/devportal/apis/e902effb-881d-466a-b864-1963d4d3e6c8/credentials Mozilla/5.0 (Windows NT 10.0; Win64; x64) AppleWebKit/537.36 (KHTML, like Gecko) Chrome/107.0.0.0 Safari/537.36 0.013
0:0:0:0:0:0:0:1 - - [28/Nov/2022:22:08:45 +0100] GET /devportal HTTP/1.1 302 - https://localhost:9443/devportal/apis/e902effb-881d-466a-b864-1963d4d3e6c8/credentials Mozilla/5.0 (Windows NT 10.0; Win64; x64) AppleWebKit/537.36 (KHTML, like Gecko) Chrome/107.0.0.0 Safari/537.36 0.000
0:0:0:0:0:0:0:1 - - [28/Nov/2022:22:08:45 +0100] GET /devportal/ HTTP/1.1 200 2031 https://localhost:9443/devportal/apis/e902effb-881d-466a-b864-1963d4d3e6c8/credentials Mozilla/5.0 (Windows NT 10.0; Win64; x64) AppleWebKit/537.36 (KHTML, like Gecko) Chrome/107.0.0.0 Safari/537.36 0.008
0:0:0:0:0:0:0:1 - - [28/Nov/2022:22:08:45 +0100] GET /api/am/devportal/v2/applications?limit=5000 HTTP/1.1 200 514 https://localhost:9443/devportal/apis/e902effb-881d-466a-b864-1963d4d3e6c8/credentials Mozilla/5.0 (Windows NT 10.0; Win64; x64) AppleWebKit/537.36 (KHTML, like Gecko) Chrome/107.0.0.0 Safari/537.36 0.013
0:0:0:0:0:0:0:1 - - [28/Nov/2022:22:08:45 +0100] GET /api/am/devportal/v2/apis/e902effb-881d-466a-b864-1963d4d3e6c8 HTTP/1.1 200 1108 https://localhost:9443/devportal/apis/e902effb-881d-466a-b864-1963d4d3e6c8/credentials Mozilla/5.0 (Windows NT 10.0; Win64; x64) AppleWebKit/537.36 (KHTML, like Gecko) Chrome/107.0.0.0 Safari/537.36 0.024
127.0.0.1 - - [28/Nov/2022:22:08:45 +0100] GET /keymanager-operations/dcr/register/dUthUVdzNEVTYnc2Vk0wN1VpdWpoaVdyMlpVYQ%3D%3D HTTP/1.1 200 723 - Apache-HttpClient/4.5.13 (Java/11.0.17) 0.009
127.0.0.1 - - [28/Nov/2022:22:08:45 +0100] GET /keymanager-operations/dcr/register/ZmJuRkdLQVdsRFVyRDRMd2pmQ3FhM3diRkVFYQ%3D%3D HTTP/1.1 200 751 - Apache-HttpClient/4.5.13 (Java/11.0.17) 0.010
127.0.0.1 - - [28/Nov/2022:22:08:45 +0100] GET /keymanager-operations/dcr/register/dUthUVdzNEVTYnc2Vk0wN1VpdWpoaVdyMlpVYQ%3D%3D HTTP/1.1 200 723 - Apache-HttpClient/4.5.13 (Java/11.0.17) 0.004
127.0.0.1 - - [28/Nov/2022:22:08:45 +0100] GET /keymanager-operations/dcr/register/ZmJuRkdLQVdsRFVyRDRMd2pmQ3FhM3diRkVFYQ%3D%3D HTTP/1.1 200 751 - Apache-HttpClient/4.5.13 (Java/11.0.17) 0.004
0:0:0:0:0:0:0:1 - - [28/Nov/2022:22:08:45 +0100] - 400 - - - 0.000
0:0:0:0:0:0:0:1 - - [28/Nov/2022:22:08:45 +0100] GET /devportal/site/public/dist/vendors~APICredentials.5eeb41c14e29dad3c93e.bundle.js HTTP/1.1 200 7294 https://localhost:9443/devportal/apis/e902effb-881d-466a-b864-1963d4d3e6c8/credentials Mozilla/5.0 (Windows NT 10.0; Win64; x64) AppleWebKit/537.36 (KHTML, like Gecko) Chrome/107.0.0.0 Safari/537.36 0.010
0:0:0:0:0:0:0:1 - - [28/Nov/2022:22:08:45 +0100] GET /devportal/site/public/dist/2.9a7b1816aabad5b82d40.bundle.js HTTP/1.1 200 42987 https://localhost:9443/devportal/apis/e902effb-881d-466a-b864-1963d4d3e6c8/credentials Mozilla/5.0 (Windows NT 10.0; Win64; x64) AppleWebKit/537.36 (KHTML, like Gecko) Chrome/107.0.0.0 Safari/537.36 0.015
0:0:0:0:0:0:0:1 - - [28/Nov/2022:22:08:45 +0100] GET /devportal/site/public/dist/APICredentials.d241a84f1f640f4da6bd.bundle.js HTTP/1.1 200 19442 https://localhost:9443/devportal/apis/e902effb-881d-466a-b864-1963d4d3e6c8/credentials Mozilla/5.0 (Windows NT 10.0; Win64; x64) AppleWebKit/537.36 (KHTML, like Gecko) Chrome/107.0.0.0 Safari/537.36 0.004
0:0:0:0:0:0:0:1 - - [28/Nov/2022:22:08:45 +0100] GET /api/am/devportal/v2/subscriptions?apiId=e902effb-881d-466a-b864-1963d4d3e6c8&limit=25 HTTP/1.1 200 729 https://localhost:9443/devportal/apis/e902effb-881d-466a-b864-1963d4d3e6c8/credentials Mozilla/5.0 (Windows NT 10.0; Win64; x64) AppleWebKit/537.36 (KHTML, like Gecko) Chrome/107.0.0.0 Safari/537.36 0.072
0:0:0:0:0:0:0:1 - - [28/Nov/2022:22:08:45 +0100] GET /api/am/devportal/v2/subscriptions?apiId=e902effb-881d-466a-b864-1963d4d3e6c8&limit=5000 HTTP/1.1 200 730 https://localhost:9443/devportal/apis/e902effb-881d-466a-b864-1963d4d3e6c8/credentials Mozilla/5.0 (Windows NT 10.0; Win64; x64) AppleWebKit/537.36 (KHTML, like Gecko) Chrome/107.0.0.0 Safari/537.36 0.078
0:0:0:0:0:0:0:1 - - [28/Nov/2022:22:08:49 +0100] GET /api/am/devportal/v2/swagger.yaml HTTP/1.1 200 23493 https://localhost:9443/devportal/apis/e902effb-881d-466a-b864-1963d4d3e6c8/credentials Mozilla/5.0 (Windows NT 10.0; Win64; x64) AppleWebKit/537.36 (KHTML, like Gecko) Chrome/107.0.0.0 Safari/537.36 0.016
0:0:0:0:0:0:0:1 - - [28/Nov/2022:22:08:49 +0100] GET /api/am/devportal/v2/swagger.yaml HTTP/1.1 200 23493 https://localhost:9443/devportal/apis/e902effb-881d-466a-b864-1963d4d3e6c8/credentials Mozilla/5.0 (Windows NT 10.0; Win64; x64) AppleWebKit/537.36 (KHTML, like Gecko) Chrome/107.0.0.0 Safari/537.36 0.025
127.0.0.1 - - [28/Nov/2022:22:08:49 +0100] GET /oauth2/token/.well-known/openid-configuration HTTP/1.1 200 2245 - Apache-HttpClient/4.5.13 (Java/11.0.17) 0.006
0:0:0:0:0:0:0:1 - - [28/Nov/2022:22:08:49 +0100] GET /api/am/devportal/v2/key-managers HTTP/1.1 200 754 https://localhost:9443/devportal/apis/e902effb-881d-466a-b864-1963d4d3e6c8/credentials Mozilla/5.0 (Windows NT 10.0; Win64; x64) AppleWebKit/537.36 (KHTML, like Gecko) Chrome/107.0.0.0 Safari/537.36 0.090
127.0.0.1 - - [28/Nov/2022:22:08:49 +0100] GET /keymanager-operations/dcr/register/dUthUVdzNEVTYnc2Vk0wN1VpdWpoaVdyMlpVYQ%3D%3D HTTP/1.1 200 723 - Apache-HttpClient/4.5.13 (Java/11.0.17) 0.006
0:0:0:0:0:0:0:1 - - [28/Nov/2022:22:08:49 +0100] GET /api/am/devportal/v2/applications/0550c906-ee9e-4c2a-b482-0eee061314ca HTTP/1.1 200 278 https://localhost:9443/devportal/apis/e902effb-881d-466a-b864-1963d4d3e6c8/credentials Mozilla/5.0 (Windows NT 10.0; Win64; x64) AppleWebKit/537.36 (KHTML, like Gecko) Chrome/107.0.0.0 Safari/537.36 0.033
127.0.0.1 - - [28/Nov/2022:22:08:49 +0100] GET /keymanager-operations/dcr/register/dUthUVdzNEVTYnc2Vk0wN1VpdWpoaVdyMlpVYQ%3D%3D HTTP/1.1 200 723 - Apache-HttpClient/4.5.13 (Java/11.0.17) 0.000
0:0:0:0:0:0:0:1 - - [28/Nov/2022:22:08:49 +0100] GET /api/am/devportal/v2/applications/0550c906-ee9e-4c2a-b482-0eee061314ca HTTP/1.1 200 278 https://localhost:9443/devportal/apis/e902effb-881d-466a-b864-1963d4d3e6c8/credentials Mozilla/5.0 (Windows NT 10.0; Win64; x64) AppleWebKit/537.36 (KHTML, like Gecko) Chrome/107.0.0.0 Safari/537.36 0.026
127.0.0.1 - - [28/Nov/2022:22:08:49 +0100] GET /keymanager-operations/dcr/register/dUthUVdzNEVTYnc2Vk0wN1VpdWpoaVdyMlpVYQ%3D%3D HTTP/1.1 200 723 - Apache-HttpClient/4.5.13 (Java/11.0.17) 0.002
0:0:0:0:0:0:0:1 - - [28/Nov/2022:22:08:49 +0100] GET /api/am/devportal/v2/applications/0550c906-ee9e-4c2a-b482-0eee061314ca/oauth-keys HTTP/1.1 200 871 https://localhost:9443/devportal/apis/e902effb-881d-466a-b864-1963d4d3e6c8/credentials Mozilla/5.0 (Windows NT 10.0; Win64; x64) AppleWebKit/537.36 (KHTML, like Gecko) Chrome/107.0.0.0 Safari/537.36 0.007
0:0:0:0:0:0:0:1 - - [28/Nov/2022:22:08:49 +0100] GET /api/am/devportal/v2/swagger.yaml HTTP/1.1 200 23493 https://localhost:9443/devportal/apis/e902effb-881d-466a-b864-1963d4d3e6c8/credentials Mozilla/5.0 (Windows NT 10.0; Win64; x64) AppleWebKit/537.36 (KHTML, like Gecko) Chrome/107.0.0.0 Safari/537.36 0.017
127.0.0.1 - - [28/Nov/2022:22:08:50 +0100] GET /keymanager-operations/dcr/register/dUthUVdzNEVTYnc2Vk0wN1VpdWpoaVdyMlpVYQ%3D%3D HTTP/1.1 200 723 - Apache-HttpClient/4.5.13 (Java/11.0.17) 0.048
0:0:0:0:0:0:0:1 - - [28/Nov/2022:22:08:50 +0100] GET /api/am/devportal/v2/applications/0550c906-ee9e-4c2a-b482-0eee061314ca HTTP/1.1 200 278 https://localhost:9443/devportal/apis/e902effb-881d-466a-b864-1963d4d3e6c8/credentials Mozilla/5.0 (Windows NT 10.0; Win64; x64) AppleWebKit/537.36 (KHTML, like Gecko) Chrome/107.0.0.0 Safari/537.36 0.054
127.0.0.1 - - [28/Nov/2022:22:08:50 +0100] GET /keymanager-operations/dcr/register/dUthUVdzNEVTYnc2Vk0wN1VpdWpoaVdyMlpVYQ%3D%3D HTTP/1.1 200 723 - Apache-HttpClient/4.5.13 (Java/11.0.17) 0.007
0:0:0:0:0:0:0:1 - - [28/Nov/2022:22:08:50 +0100] GET /api/am/devportal/v2/applications/0550c906-ee9e-4c2a-b482-0eee061314ca/oauth-keys HTTP/1.1 200 871 https://localhost:9443/devportal/apis/e902effb-881d-466a-b864-1963d4d3e6c8/credentials Mozilla/5.0 (Windows NT 10.0; Win64; x64) AppleWebKit/537.36 (KHTML, like Gecko) Chrome/107.0.0.0 Safari/537.36 0.011
127.0.0.1 - - [28/Nov/2022:22:09:06 +0100] GET /keymanager-operations/dcr/register/dUthUVdzNEVTYnc2Vk0wN1VpdWpoaVdyMlpVYQ%3D%3D HTTP/1.1 200 723 - Apache-HttpClient/4.5.13 (Java/11.0.17) 0.007
127.0.0.1 - - [28/Nov/2022:22:09:06 +0100] GET /keymanager-operations/dcr/register/dUthUVdzNEVTYnc2Vk0wN1VpdWpoaVdyMlpVYQ%3D%3D HTTP/1.1 200 723 - Apache-HttpClient/4.5.13 (Java/11.0.17) 0.004
127.0.0.1 - - [28/Nov/2022:22:09:06 +0100] PUT /keymanager-operations/dcr/register/dUthUVdzNEVTYnc2Vk0wN1VpdWpoaVdyMlpVYQ%3D%3D HTTP/1.1 200 707 - Apache-HttpClient/4.5.13 (Java/11.0.17) 0.025
0:0:0:0:0:0:0:1 - - [28/Nov/2022:22:09:06 +0100] PUT /api/am/devportal/v2/applications/0550c906-ee9e-4c2a-b482-0eee061314ca/oauth-keys/c4aeef4a-1095-4bef-8255-fae023d830bb HTTP/1.1 200 772 https://localhost:9443/devportal/apis/e902effb-881d-466a-b864-1963d4d3e6c8/credentials Mozilla/5.0 (Windows NT 10.0; Win64; x64) AppleWebKit/537.36 (KHTML, like Gecko) Chrome/107.0.0.0 Safari/537.36 0.078
127.0.0.1 - - [28/Nov/2022:22:09:18 +0100] GET /keymanager-operations/dcr/register/dUthUVdzNEVTYnc2Vk0wN1VpdWpoaVdyMlpVYQ%3D%3D HTTP/1.1 200 707 - Apache-HttpClient/4.5.13 (Java/11.0.17) 0.022
127.0.0.1 - - [28/Nov/2022:22:09:18 +0100] GET /keymanager-operations/dcr/register/dUthUVdzNEVTYnc2Vk0wN1VpdWpoaVdyMlpVYQ%3D%3D HTTP/1.1 200 707 - Apache-HttpClient/4.5.13 (Java/11.0.17) 0.011
127.0.0.1 - - [28/Nov/2022:22:09:18 +0100] PUT /keymanager-operations/dcr/register/dUthUVdzNEVTYnc2Vk0wN1VpdWpoaVdyMlpVYQ%3D%3D HTTP/1.1 200 500 - Apache-HttpClient/4.5.13 (Java/11.0.17) 0.048
0:0:0:0:0:0:0:1 - - [28/Nov/2022:22:09:18 +0100] PUT /api/am/devportal/v2/applications/0550c906-ee9e-4c2a-b482-0eee061314ca/oauth-keys/c4aeef4a-1095-4bef-8255-fae023d830bb HTTP/1.1 200 567 https://localhost:9443/devportal/apis/e902effb-881d-466a-b864-1963d4d3e6c8/credentials Mozilla/5.0 (Windows NT 10.0; Win64; x64) AppleWebKit/537.36 (KHTML, like Gecko) Chrome/107.0.0.0 Safari/537.36 0.141
0:0:0:0:0:0:0:1 - - [28/Nov/2022:22:10:17 +0100] - 400 - - - 0.000
0:0:0:0:0:0:0:1 - - [28/Nov/2022:22:10:17 +0100] - 400 - - - 0.000
0:0:0:0:0:0:0:1 - - [28/Nov/2022:22:10:17 +0100] - 400 - - - 0.000
0:0:0:0:0:0:0:1 - - [28/Nov/2022:22:10:17 +0100] GET /devportal/site/public/images/_favicon.ico HTTP/1.1 200 1150 https://localhost:9443/devportal/apis Mozilla/5.0 (Windows NT 10.0; Win64; x64) AppleWebKit/537.36 (KHTML, like Gecko) Chrome/107.0.0.0 Safari/537.36 0.004
0:0:0:0:0:0:0:1 - - [28/Nov/2022:22:10:17 +0100] GET /api/am/devportal/v2/api-categories HTTP/1.1 200 21 https://localhost:9443/devportal/apis Mozilla/5.0 (Windows NT 10.0; Win64; x64) AppleWebKit/537.36 (KHTML, like Gecko) Chrome/107.0.0.0 Safari/537.36 0.055
0:0:0:0:0:0:0:1 - - [28/Nov/2022:22:10:17 +0100] GET /api/am/devportal/v2/tags HTTP/1.1 200 92 https://localhost:9443/devportal/apis Mozilla/5.0 (Windows NT 10.0; Win64; x64) AppleWebKit/537.36 (KHTML, like Gecko) Chrome/107.0.0.0 Safari/537.36 0.138
0:0:0:0:0:0:0:1 - - [28/Nov/2022:22:10:17 +0100] GET /api/am/devportal/v2/apis?limit=10&offset=0 HTTP/1.1 200 521 https://localhost:9443/devportal/apis Mozilla/5.0 (Windows NT 10.0; Win64; x64) AppleWebKit/537.36 (KHTML, like Gecko) Chrome/107.0.0.0 Safari/537.36 0.221
0:0:0:0:0:0:0:1 - - [28/Nov/2022:22:10:17 +0100] GET /api/am/devportal/v2/apis/e902effb-881d-466a-b864-1963d4d3e6c8/ratings HTTP/1.1 200 125 https://localhost:9443/devportal/apis Mozilla/5.0 (Windows NT 10.0; Win64; x64) AppleWebKit/537.36 (KHTML, like Gecko) Chrome/107.0.0.0 Safari/537.36 0.032
0:0:0:0:0:0:0:1 - - [28/Nov/2022:22:10:17 +0100] GET /api/am/devportal/v2/apis/7f38821b-0cfb-4a59-b040-829b31baec52/ratings HTTP/1.1 200 125 https://localhost:9443/devportal/apis Mozilla/5.0 (Windows NT 10.0; Win64; x64) AppleWebKit/537.36 (KHTML, like Gecko) Chrome/107.0.0.0 Safari/537.36 0.041
0:0:0:0:0:0:0:1 - - [28/Nov/2022:22:10:17 +0100] GET /api/am/devportal/v2/apis/e902effb-881d-466a-b864-1963d4d3e6c8/thumbnail HTTP/1.1 204 - https://localhost:9443/devportal/apis Mozilla/5.0 (Windows NT 10.0; Win64; x64) AppleWebKit/537.36 (KHTML, like Gecko) Chrome/107.0.0.0 Safari/537.36 0.049
0:0:0:0:0:0:0:1 - - [28/Nov/2022:22:10:17 +0100] GET /api/am/devportal/v2/apis/7f38821b-0cfb-4a59-b040-829b31baec52/thumbnail HTTP/1.1 204 - https://localhost:9443/devportal/apis Mozilla/5.0 (Windows NT 10.0; Win64; x64) AppleWebKit/537.36 (KHTML, like Gecko) Chrome/107.0.0.0 Safari/537.36 0.058
0:0:0:0:0:0:0:1 - - [28/Nov/2022:22:10:19 +0100] - 400 - - - 0.000
0:0:0:0:0:0:0:1 - - [28/Nov/2022:22:10:19 +0100] GET /devportal/site/public/images/_favicon.ico HTTP/1.1 200 1150 https://localhost:9443/devportal/apis/7f38821b-0cfb-4a59-b040-829b31baec52 Mozilla/5.0 (Windows NT 10.0; Win64; x64) AppleWebKit/537.36 (KHTML, like Gecko) Chrome/107.0.0.0 Safari/537.36 0.006
0:0:0:0:0:0:0:1 - - [28/Nov/2022:22:10:19 +0100] GET /api/am/devportal/v2/applications?limit=5000 HTTP/1.1 200 514 https://localhost:9443/devportal/apis/7f38821b-0cfb-4a59-b040-829b31baec52 Mozilla/5.0 (Windows NT 10.0; Win64; x64) AppleWebKit/537.36 (KHTML, like Gecko) Chrome/107.0.0.0 Safari/537.36 0.045
0:0:0:0:0:0:0:1 - - [28/Nov/2022:22:10:19 +0100] GET /api/am/devportal/v2/apis/7f38821b-0cfb-4a59-b040-829b31baec52 HTTP/1.1 200 1256 https://localhost:9443/devportal/apis/7f38821b-0cfb-4a59-b040-829b31baec52 Mozilla/5.0 (Windows NT 10.0; Win64; x64) AppleWebKit/537.36 (KHTML, like Gecko) Chrome/107.0.0.0 Safari/537.36 0.083
127.0.0.1 - - [28/Nov/2022:22:10:19 +0100] GET /keymanager-operations/dcr/register/dUthUVdzNEVTYnc2Vk0wN1VpdWpoaVdyMlpVYQ%3D%3D HTTP/1.1 200 500 - Apache-HttpClient/4.5.13 (Java/11.0.17) 0.023
127.0.0.1 - - [28/Nov/2022:22:10:19 +0100] GET /keymanager-operations/dcr/register/dUthUVdzNEVTYnc2Vk0wN1VpdWpoaVdyMlpVYQ%3D%3D HTTP/1.1 200 500 - Apache-HttpClient/4.5.13 (Java/11.0.17) 0.023
0:0:0:0:0:0:0:1 - - [28/Nov/2022:22:10:19 +0100] GET /api/am/devportal/v2/subscriptions?apiId=7f38821b-0cfb-4a59-b040-829b31baec52&limit=25 HTTP/1.1 200 645 https://localhost:9443/devportal/apis/7f38821b-0cfb-4a59-b040-829b31baec52 Mozilla/5.0 (Windows NT 10.0; Win64; x64) AppleWebKit/537.36 (KHTML, like Gecko) Chrome/107.0.0.0 Safari/537.36 0.155
0:0:0:0:0:0:0:1 - - [28/Nov/2022:22:10:19 +0100] GET /api/am/devportal/v2/subscriptions?apiId=7f38821b-0cfb-4a59-b040-829b31baec52&limit=5000 HTTP/1.1 200 645 https://localhost:9443/devportal/apis/7f38821b-0cfb-4a59-b040-829b31baec52 Mozilla/5.0 (Windows NT 10.0; Win64; x64) AppleWebKit/537.36 (KHTML, like Gecko) Chrome/107.0.0.0 Safari/537.36 0.159
0:0:0:0:0:0:0:1 - - [28/Nov/2022:22:10:19 +0100] GET /devportal/site/public/dist/vendors~APIComments~APIOverview~ApplicationDetails.87a2f2161f16e1ebc95c.bundle.js HTTP/1.1 200 5400 https://localhost:9443/devportal/apis/7f38821b-0cfb-4a59-b040-829b31baec52/overview Mozilla/5.0 (Windows NT 10.0; Win64; x64) AppleWebKit/537.36 (KHTML, like Gecko) Chrome/107.0.0.0 Safari/537.36 0.014
0:0:0:0:0:0:0:1 - - [28/Nov/2022:22:10:19 +0100] GET /devportal/site/public/dist/APIComments.556f8b209379e7d93f7a.bundle.js HTTP/1.1 200 8382 https://localhost:9443/devportal/apis/7f38821b-0cfb-4a59-b040-829b31baec52/overview Mozilla/5.0 (Windows NT 10.0; Win64; x64) AppleWebKit/537.36 (KHTML, like Gecko) Chrome/107.0.0.0 Safari/537.36 0.008
0:0:0:0:0:0:0:1 - - [28/Nov/2022:22:10:19 +0100] GET /devportal/site/public/dist/APIOverview.f8126125ca0837b4fd59.bundle.js HTTP/1.1 200 11676 https://localhost:9443/devportal/apis/7f38821b-0cfb-4a59-b040-829b31baec52/overview Mozilla/5.0 (Windows NT 10.0; Win64; x64) AppleWebKit/537.36 (KHTML, like Gecko) Chrome/107.0.0.0 Safari/537.36 0.006
0:0:0:0:0:0:0:1 - - [28/Nov/2022:22:10:19 +0100] GET /devportal/site/public/images/_favicon.ico HTTP/1.1 200 1150 https://localhost:9443/devportal/apis/7f38821b-0cfb-4a59-b040-829b31baec52/overview Mozilla/5.0 (Windows NT 10.0; Win64; x64) AppleWebKit/537.36 (KHTML, like Gecko) Chrome/107.0.0.0 Safari/537.36 0.003
0:0:0:0:0:0:0:1 - - [28/Nov/2022:22:10:19 +0100] GET /devportal/site/public/dist/vendors~APIDocuments~APIOverview.6e9016b2541da23523a5.bundle.js HTTP/1.1 200 86891 https://localhost:9443/devportal/apis/7f38821b-0cfb-4a59-b040-829b31baec52/overview Mozilla/5.0 (Windows NT 10.0; Win64; x64) AppleWebKit/537.36 (KHTML, like Gecko) Chrome/107.0.0.0 Safari/537.36 0.058
0:0:0:0:0:0:0:1 - - [28/Nov/2022:22:10:19 +0100] GET /api/am/devportal/v2/throttling-policies/subscription HTTP/1.1 200 634 https://localhost:9443/devportal/apis/7f38821b-0cfb-4a59-b040-829b31baec52/overview Mozilla/5.0 (Windows NT 10.0; Win64; x64) AppleWebKit/537.36 (KHTML, like Gecko) Chrome/107.0.0.0 Safari/537.36 0.009
0:0:0:0:0:0:0:1 - - [28/Nov/2022:22:10:19 +0100] GET /api/am/devportal/v2/throttling-policies/subscription HTTP/1.1 200 634 https://localhost:9443/devportal/apis/7f38821b-0cfb-4a59-b040-829b31baec52/overview Mozilla/5.0 (Windows NT 10.0; Win64; x64) AppleWebKit/537.36 (KHTML, like Gecko) Chrome/107.0.0.0 Safari/537.36 0.008
0:0:0:0:0:0:0:1 - - [28/Nov/2022:22:10:19 +0100] GET /api/am/devportal/v2/apis/7f38821b-0cfb-4a59-b040-829b31baec52/documents HTTP/1.1 200 92 https://localhost:9443/devportal/apis/7f38821b-0cfb-4a59-b040-829b31baec52/overview Mozilla/5.0 (Windows NT 10.0; Win64; x64) AppleWebKit/537.36 (KHTML, like Gecko) Chrome/107.0.0.0 Safari/537.36 0.019
0:0:0:0:0:0:0:1 - - [28/Nov/2022:22:10:19 +0100] GET /api/am/devportal/v2/apis/7f38821b-0cfb-4a59-b040-829b31baec52/documents HTTP/1.1 200 92 https://localhost:9443/devportal/apis/7f38821b-0cfb-4a59-b040-829b31baec52/overview Mozilla/5.0 (Windows NT 10.0; Win64; x64) AppleWebKit/537.36 (KHTML, like Gecko) Chrome/107.0.0.0 Safari/537.36 0.015
0:0:0:0:0:0:0:1 - - [28/Nov/2022:22:10:19 +0100] GET /api/am/devportal/v2/apis/7f38821b-0cfb-4a59-b040-829b31baec52/comments?limit=5&offset=0 HTTP/1.1 200 101 https://localhost:9443/devportal/apis/7f38821b-0cfb-4a59-b040-829b31baec52/overview Mozilla/5.0 (Windows NT 10.0; Win64; x64) AppleWebKit/537.36 (KHTML, like Gecko) Chrome/107.0.0.0 Safari/537.36 0.011
0:0:0:0:0:0:0:1 - - [28/Nov/2022:22:10:19 +0100] GET /api/am/devportal/v2/apis/7f38821b-0cfb-4a59-b040-829b31baec52/ratings HTTP/1.1 200 125 https://localhost:9443/devportal/apis/7f38821b-0cfb-4a59-b040-829b31baec52/overview Mozilla/5.0 (Windows NT 10.0; Win64; x64) AppleWebKit/537.36 (KHTML, like Gecko) Chrome/107.0.0.0 Safari/537.36 0.011
0:0:0:0:0:0:0:1 - - [28/Nov/2022:22:10:19 +0100] GET /api/am/devportal/v2/apis/7f38821b-0cfb-4a59-b040-829b31baec52/thumbnail HTTP/1.1 204 - https://localhost:9443/devportal/apis/7f38821b-0cfb-4a59-b040-829b31baec52/overview Mozilla/5.0 (Windows NT 10.0; Win64; x64) AppleWebKit/537.36 (KHTML, like Gecko) Chrome/107.0.0.0 Safari/537.36 0.011
0:0:0:0:0:0:0:1 - - [28/Nov/2022:22:10:22 +0100] GET /api/am/devportal/v2/api-categories HTTP/1.1 200 21 https://localhost:9443/devportal/apis Mozilla/5.0 (Windows NT 10.0; Win64; x64) AppleWebKit/537.36 (KHTML, like Gecko) Chrome/107.0.0.0 Safari/537.36 0.013
0:0:0:0:0:0:0:1 - - [28/Nov/2022:22:10:22 +0100] GET /devportal/site/public/images/_favicon.ico HTTP/1.1 200 1150 https://localhost:9443/devportal/apis Mozilla/5.0 (Windows NT 10.0; Win64; x64) AppleWebKit/537.36 (KHTML, like Gecko) Chrome/107.0.0.0 Safari/537.36 0.004
0:0:0:0:0:0:0:1 - - [28/Nov/2022:22:10:22 +0100] GET /api/am/devportal/v2/tags HTTP/1.1 200 92 https://localhost:9443/devportal/apis Mozilla/5.0 (Windows NT 10.0; Win64; x64) AppleWebKit/537.36 (KHTML, like Gecko) Chrome/107.0.0.0 Safari/537.36 0.046
0:0:0:0:0:0:0:1 - - [28/Nov/2022:22:10:22 +0100] GET /devportal/site/public/images/_favicon.ico HTTP/1.1 200 1150 https://localhost:9443/devportal/apis Mozilla/5.0 (Windows NT 10.0; Win64; x64) AppleWebKit/537.36 (KHTML, like Gecko) Chrome/107.0.0.0 Safari/537.36 0.004
0:0:0:0:0:0:0:1 - - [28/Nov/2022:22:10:22 +0100] GET /api/am/devportal/v2/apis?limit=10&offset=0 HTTP/1.1 200 521 https://localhost:9443/devportal/apis Mozilla/5.0 (Windows NT 10.0; Win64; x64) AppleWebKit/537.36 (KHTML, like Gecko) Chrome/107.0.0.0 Safari/537.36 0.078
0:0:0:0:0:0:0:1 - - [28/Nov/2022:22:10:22 +0100] GET /api/am/devportal/v2/apis/7f38821b-0cfb-4a59-b040-829b31baec52/ratings HTTP/1.1 200 125 https://localhost:9443/devportal/apis Mozilla/5.0 (Windows NT 10.0; Win64; x64) AppleWebKit/537.36 (KHTML, like Gecko) Chrome/107.0.0.0 Safari/537.36 0.016
0:0:0:0:0:0:0:1 - - [28/Nov/2022:22:10:22 +0100] GET /api/am/devportal/v2/apis/e902effb-881d-466a-b864-1963d4d3e6c8/ratings HTTP/1.1 200 125 https://localhost:9443/devportal/apis Mozilla/5.0 (Windows NT 10.0; Win64; x64) AppleWebKit/537.36 (KHTML, like Gecko) Chrome/107.0.0.0 Safari/537.36 0.026
0:0:0:0:0:0:0:1 - - [28/Nov/2022:22:10:22 +0100] GET /api/am/devportal/v2/apis/e902effb-881d-466a-b864-1963d4d3e6c8/thumbnail HTTP/1.1 204 - https://localhost:9443/devportal/apis Mozilla/5.0 (Windows NT 10.0; Win64; x64) AppleWebKit/537.36 (KHTML, like Gecko) Chrome/107.0.0.0 Safari/537.36 0.018
0:0:0:0:0:0:0:1 - - [28/Nov/2022:22:10:22 +0100] GET /api/am/devportal/v2/apis/7f38821b-0cfb-4a59-b040-829b31baec52/thumbnail HTTP/1.1 204 - https://localhost:9443/devportal/apis Mozilla/5.0 (Windows NT 10.0; Win64; x64) AppleWebKit/537.36 (KHTML, like Gecko) Chrome/107.0.0.0 Safari/537.36 0.016
0:0:0:0:0:0:0:1 - - [28/Nov/2022:22:10:24 +0100] GET /devportal/site/public/images/_favicon.ico HTTP/1.1 200 1150 https://localhost:9443/devportal/apis/7f38821b-0cfb-4a59-b040-829b31baec52 Mozilla/5.0 (Windows NT 10.0; Win64; x64) AppleWebKit/537.36 (KHTML, like Gecko) Chrome/107.0.0.0 Safari/537.36 0.000
0:0:0:0:0:0:0:1 - - [28/Nov/2022:22:10:24 +0100] GET /api/am/devportal/v2/applications?limit=5000 HTTP/1.1 200 514 https://localhost:9443/devportal/apis/7f38821b-0cfb-4a59-b040-829b31baec52 Mozilla/5.0 (Windows NT 10.0; Win64; x64) AppleWebKit/537.36 (KHTML, like Gecko) Chrome/107.0.0.0 Safari/537.36 0.028
0:0:0:0:0:0:0:1 - - [28/Nov/2022:22:10:24 +0100] GET /api/am/devportal/v2/apis/7f38821b-0cfb-4a59-b040-829b31baec52 HTTP/1.1 200 1256 https://localhost:9443/devportal/apis/7f38821b-0cfb-4a59-b040-829b31baec52 Mozilla/5.0 (Windows NT 10.0; Win64; x64) AppleWebKit/537.36 (KHTML, like Gecko) Chrome/107.0.0.0 Safari/537.36 0.060
127.0.0.1 - - [28/Nov/2022:22:10:24 +0100] GET /keymanager-operations/dcr/register/dUthUVdzNEVTYnc2Vk0wN1VpdWpoaVdyMlpVYQ%3D%3D HTTP/1.1 200 500 - Apache-HttpClient/4.5.13 (Java/11.0.17) 0.016
127.0.0.1 - - [28/Nov/2022:22:10:24 +0100] GET /keymanager-operations/dcr/register/dUthUVdzNEVTYnc2Vk0wN1VpdWpoaVdyMlpVYQ%3D%3D HTTP/1.1 200 500 - Apache-HttpClient/4.5.13 (Java/11.0.17) 0.016
0:0:0:0:0:0:0:1 - - [28/Nov/2022:22:10:24 +0100] GET /api/am/devportal/v2/subscriptions?apiId=7f38821b-0cfb-4a59-b040-829b31baec52&limit=25 HTTP/1.1 200 645 https://localhost:9443/devportal/apis/7f38821b-0cfb-4a59-b040-829b31baec52 Mozilla/5.0 (Windows NT 10.0; Win64; x64) AppleWebKit/537.36 (KHTML, like Gecko) Chrome/107.0.0.0 Safari/537.36 0.114
0:0:0:0:0:0:0:1 - - [28/Nov/2022:22:10:24 +0100] GET /api/am/devportal/v2/subscriptions?apiId=7f38821b-0cfb-4a59-b040-829b31baec52&limit=5000 HTTP/1.1 200 645 https://localhost:9443/devportal/apis/7f38821b-0cfb-4a59-b040-829b31baec52 Mozilla/5.0 (Windows NT 10.0; Win64; x64) AppleWebKit/537.36 (KHTML, like Gecko) Chrome/107.0.0.0 Safari/537.36 0.126
0:0:0:0:0:0:0:1 - - [28/Nov/2022:22:10:24 +0100] GET /devportal/site/public/images/_favicon.ico HTTP/1.1 200 1150 https://localhost:9443/devportal/apis/7f38821b-0cfb-4a59-b040-829b31baec52/overview Mozilla/5.0 (Windows NT 10.0; Win64; x64) AppleWebKit/537.36 (KHTML, like Gecko) Chrome/107.0.0.0 Safari/537.36 0.000
0:0:0:0:0:0:0:1 - - [28/Nov/2022:22:10:24 +0100] GET /api/am/devportal/v2/throttling-policies/subscription HTTP/1.1 200 634 https://localhost:9443/devportal/apis/7f38821b-0cfb-4a59-b040-829b31baec52/overview Mozilla/5.0 (Windows NT 10.0; Win64; x64) AppleWebKit/537.36 (KHTML, like Gecko) Chrome/107.0.0.0 Safari/537.36 0.015
0:0:0:0:0:0:0:1 - - [28/Nov/2022:22:10:24 +0100] GET /api/am/devportal/v2/throttling-policies/subscription HTTP/1.1 200 634 https://localhost:9443/devportal/apis/7f38821b-0cfb-4a59-b040-829b31baec52/overview Mozilla/5.0 (Windows NT 10.0; Win64; x64) AppleWebKit/537.36 (KHTML, like Gecko) Chrome/107.0.0.0 Safari/537.36 0.014
0:0:0:0:0:0:0:1 - - [28/Nov/2022:22:10:24 +0100] GET /api/am/devportal/v2/apis/7f38821b-0cfb-4a59-b040-829b31baec52/documents HTTP/1.1 200 92 https://localhost:9443/devportal/apis/7f38821b-0cfb-4a59-b040-829b31baec52/overview Mozilla/5.0 (Windows NT 10.0; Win64; x64) AppleWebKit/537.36 (KHTML, like Gecko) Chrome/107.0.0.0 Safari/537.36 0.042
0:0:0:0:0:0:0:1 - - [28/Nov/2022:22:10:24 +0100] GET /api/am/devportal/v2/apis/7f38821b-0cfb-4a59-b040-829b31baec52/documents HTTP/1.1 200 92 https://localhost:9443/devportal/apis/7f38821b-0cfb-4a59-b040-829b31baec52/overview Mozilla/5.0 (Windows NT 10.0; Win64; x64) AppleWebKit/537.36 (KHTML, like Gecko) Chrome/107.0.0.0 Safari/537.36 0.030
0:0:0:0:0:0:0:1 - - [28/Nov/2022:22:10:24 +0100] GET /api/am/devportal/v2/apis/7f38821b-0cfb-4a59-b040-829b31baec52/ratings HTTP/1.1 200 125 https://localhost:9443/devportal/apis/7f38821b-0cfb-4a59-b040-829b31baec52/overview Mozilla/5.0 (Windows NT 10.0; Win64; x64) AppleWebKit/537.36 (KHTML, like Gecko) Chrome/107.0.0.0 Safari/537.36 0.037
0:0:0:0:0:0:0:1 - - [28/Nov/2022:22:10:24 +0100] GET /api/am/devportal/v2/apis/7f38821b-0cfb-4a59-b040-829b31baec52/thumbnail HTTP/1.1 204 - https://localhost:9443/devportal/apis/7f38821b-0cfb-4a59-b040-829b31baec52/overview Mozilla/5.0 (Windows NT 10.0; Win64; x64) AppleWebKit/537.36 (KHTML, like Gecko) Chrome/107.0.0.0 Safari/537.36 0.037
0:0:0:0:0:0:0:1 - - [28/Nov/2022:22:10:24 +0100] GET /api/am/devportal/v2/apis/7f38821b-0cfb-4a59-b040-829b31baec52/comments?limit=5&offset=0 HTTP/1.1 200 101 https://localhost:9443/devportal/apis/7f38821b-0cfb-4a59-b040-829b31baec52/overview Mozilla/5.0 (Windows NT 10.0; Win64; x64) AppleWebKit/537.36 (KHTML, like Gecko) Chrome/107.0.0.0 Safari/537.36 0.040
0:0:0:0:0:0:0:1 - - [28/Nov/2022:22:10:25 +0100] GET /devportal/site/public/images/_favicon.ico HTTP/1.1 200 1150 https://localhost:9443/devportal/apis/7f38821b-0cfb-4a59-b040-829b31baec52/credentials Mozilla/5.0 (Windows NT 10.0; Win64; x64) AppleWebKit/537.36 (KHTML, like Gecko) Chrome/107.0.0.0 Safari/537.36 0.000
0:0:0:0:0:0:0:1 - - [28/Nov/2022:22:10:35 +0100] GET /api/am/devportal/v2/swagger.yaml HTTP/1.1 200 23493 https://localhost:9443/devportal/apis/7f38821b-0cfb-4a59-b040-829b31baec52/credentials Mozilla/5.0 (Windows NT 10.0; Win64; x64) AppleWebKit/537.36 (KHTML, like Gecko) Chrome/107.0.0.0 Safari/537.36 0.019
0:0:0:0:0:0:0:1 - - [28/Nov/2022:22:10:35 +0100] GET /api/am/devportal/v2/swagger.yaml HTTP/1.1 200 23493 https://localhost:9443/devportal/apis/7f38821b-0cfb-4a59-b040-829b31baec52/credentials Mozilla/5.0 (Windows NT 10.0; Win64; x64) AppleWebKit/537.36 (KHTML, like Gecko) Chrome/107.0.0.0 Safari/537.36 0.024
127.0.0.1 - - [28/Nov/2022:22:10:35 +0100] GET /oauth2/token/.well-known/openid-configuration HTTP/1.1 200 2245 - Apache-HttpClient/4.5.13 (Java/11.0.17) 0.005
0:0:0:0:0:0:0:1 - - [28/Nov/2022:22:10:35 +0100] GET /api/am/devportal/v2/key-managers HTTP/1.1 200 754 https://localhost:9443/devportal/apis/7f38821b-0cfb-4a59-b040-829b31baec52/credentials Mozilla/5.0 (Windows NT 10.0; Win64; x64) AppleWebKit/537.36 (KHTML, like Gecko) Chrome/107.0.0.0 Safari/537.36 0.067
127.0.0.1 - - [28/Nov/2022:22:10:35 +0100] GET /keymanager-operations/dcr/register/dUthUVdzNEVTYnc2Vk0wN1VpdWpoaVdyMlpVYQ%3D%3D HTTP/1.1 200 500 - Apache-HttpClient/4.5.13 (Java/11.0.17) 0.008
0:0:0:0:0:0:0:1 - - [28/Nov/2022:22:10:35 +0100] GET /api/am/devportal/v2/applications/0550c906-ee9e-4c2a-b482-0eee061314ca HTTP/1.1 200 278 https://localhost:9443/devportal/apis/7f38821b-0cfb-4a59-b040-829b31baec52/credentials Mozilla/5.0 (Windows NT 10.0; Win64; x64) AppleWebKit/537.36 (KHTML, like Gecko) Chrome/107.0.0.0 Safari/537.36 0.028
127.0.0.1 - - [28/Nov/2022:22:10:35 +0100] GET /keymanager-operations/dcr/register/dUthUVdzNEVTYnc2Vk0wN1VpdWpoaVdyMlpVYQ%3D%3D HTTP/1.1 200 500 - Apache-HttpClient/4.5.13 (Java/11.0.17) 0.000
0:0:0:0:0:0:0:1 - - [28/Nov/2022:22:10:35 +0100] GET /api/am/devportal/v2/applications/0550c906-ee9e-4c2a-b482-0eee061314ca HTTP/1.1 200 278 https://localhost:9443/devportal/apis/7f38821b-0cfb-4a59-b040-829b31baec52/credentials Mozilla/5.0 (Windows NT 10.0; Win64; x64) AppleWebKit/537.36 (KHTML, like Gecko) Chrome/107.0.0.0 Safari/537.36 0.016
127.0.0.1 - - [28/Nov/2022:22:10:35 +0100] GET /keymanager-operations/dcr/register/dUthUVdzNEVTYnc2Vk0wN1VpdWpoaVdyMlpVYQ%3D%3D HTTP/1.1 200 500 - Apache-HttpClient/4.5.13 (Java/11.0.17) 0.007
0:0:0:0:0:0:0:1 - - [28/Nov/2022:22:10:35 +0100] GET /api/am/devportal/v2/applications/0550c906-ee9e-4c2a-b482-0eee061314ca/oauth-keys HTTP/1.1 200 650 https://localhost:9443/devportal/apis/7f38821b-0cfb-4a59-b040-829b31baec52/credentials Mozilla/5.0 (Windows NT 10.0; Win64; x64) AppleWebKit/537.36 (KHTML, like Gecko) Chrome/107.0.0.0 Safari/537.36 0.008
0:0:0:0:0:0:0:1 - - [28/Nov/2022:22:10:35 +0100] GET /api/am/devportal/v2/swagger.yaml HTTP/1.1 200 23493 https://localhost:9443/devportal/apis/7f38821b-0cfb-4a59-b040-829b31baec52/credentials Mozilla/5.0 (Windows NT 10.0; Win64; x64) AppleWebKit/537.36 (KHTML, like Gecko) Chrome/107.0.0.0 Safari/537.36 0.009
127.0.0.1 - - [28/Nov/2022:22:10:36 +0100] GET /keymanager-operations/dcr/register/dUthUVdzNEVTYnc2Vk0wN1VpdWpoaVdyMlpVYQ%3D%3D HTTP/1.1 200 500 - Apache-HttpClient/4.5.13 (Java/11.0.17) 0.000
0:0:0:0:0:0:0:1 - - [28/Nov/2022:22:10:36 +0100] GET /api/am/devportal/v2/applications/0550c906-ee9e-4c2a-b482-0eee061314ca HTTP/1.1 200 278 https://localhost:9443/devportal/apis/7f38821b-0cfb-4a59-b040-829b31baec52/credentials Mozilla/5.0 (Windows NT 10.0; Win64; x64) AppleWebKit/537.36 (KHTML, like Gecko) Chrome/107.0.0.0 Safari/537.36 0.012
127.0.0.1 - - [28/Nov/2022:22:10:36 +0100] GET /keymanager-operations/dcr/register/dUthUVdzNEVTYnc2Vk0wN1VpdWpoaVdyMlpVYQ%3D%3D HTTP/1.1 200 500 - Apache-HttpClient/4.5.13 (Java/11.0.17) 0.006
0:0:0:0:0:0:0:1 - - [28/Nov/2022:22:10:36 +0100] GET /api/am/devportal/v2/applications/0550c906-ee9e-4c2a-b482-0eee061314ca/oauth-keys HTTP/1.1 200 650 https://localhost:9443/devportal/apis/7f38821b-0cfb-4a59-b040-829b31baec52/credentials Mozilla/5.0 (Windows NT 10.0; Win64; x64) AppleWebKit/537.36 (KHTML, like Gecko) Chrome/107.0.0.0 Safari/537.36 0.010
0:0:0:0:0:0:0:1 - - [28/Nov/2022:22:10:47 +0100] GET /api/am/devportal/v2/api-categories HTTP/1.1 200 21 https://localhost:9443/devportal/apis Mozilla/5.0 (Windows NT 10.0; Win64; x64) AppleWebKit/537.36 (KHTML, like Gecko) Chrome/107.0.0.0 Safari/537.36 0.015
0:0:0:0:0:0:0:1 - - [28/Nov/2022:22:10:47 +0100] GET /devportal/site/public/images/_favicon.ico HTTP/1.1 200 1150 https://localhost:9443/devportal/apis Mozilla/5.0 (Windows NT 10.0; Win64; x64) AppleWebKit/537.36 (KHTML, like Gecko) Chrome/107.0.0.0 Safari/537.36 0.005
0:0:0:0:0:0:0:1 - - [28/Nov/2022:22:10:47 +0100] GET /api/am/devportal/v2/tags HTTP/1.1 200 92 https://localhost:9443/devportal/apis Mozilla/5.0 (Windows NT 10.0; Win64; x64) AppleWebKit/537.36 (KHTML, like Gecko) Chrome/107.0.0.0 Safari/537.36 0.033
0:0:0:0:0:0:0:1 - - [28/Nov/2022:22:10:47 +0100] GET /api/am/devportal/v2/apis?limit=10&offset=0 HTTP/1.1 200 521 https://localhost:9443/devportal/apis Mozilla/5.0 (Windows NT 10.0; Win64; x64) AppleWebKit/537.36 (KHTML, like Gecko) Chrome/107.0.0.0 Safari/537.36 0.058
0:0:0:0:0:0:0:1 - - [28/Nov/2022:22:10:47 +0100] GET /devportal/site/public/images/_favicon.ico HTTP/1.1 200 1150 https://localhost:9443/devportal/apis Mozilla/5.0 (Windows NT 10.0; Win64; x64) AppleWebKit/537.36 (KHTML, like Gecko) Chrome/107.0.0.0 Safari/537.36 0.005
0:0:0:0:0:0:0:1 - - [28/Nov/2022:22:10:47 +0100] GET /api/am/devportal/v2/apis/e902effb-881d-466a-b864-1963d4d3e6c8/thumbnail HTTP/1.1 204 - https://localhost:9443/devportal/apis Mozilla/5.0 (Windows NT 10.0; Win64; x64) AppleWebKit/537.36 (KHTML, like Gecko) Chrome/107.0.0.0 Safari/537.36 0.024
0:0:0:0:0:0:0:1 - - [28/Nov/2022:22:10:47 +0100] GET /api/am/devportal/v2/apis/e902effb-881d-466a-b864-1963d4d3e6c8/ratings HTTP/1.1 200 125 https://localhost:9443/devportal/apis Mozilla/5.0 (Windows NT 10.0; Win64; x64) AppleWebKit/537.36 (KHTML, like Gecko) Chrome/107.0.0.0 Safari/537.36 0.028
0:0:0:0:0:0:0:1 - - [28/Nov/2022:22:10:47 +0100] GET /api/am/devportal/v2/apis/7f38821b-0cfb-4a59-b040-829b31baec52/ratings HTTP/1.1 200 125 https://localhost:9443/devportal/apis Mozilla/5.0 (Windows NT 10.0; Win64; x64) AppleWebKit/537.36 (KHTML, like Gecko) Chrome/107.0.0.0 Safari/537.36 0.028
0:0:0:0:0:0:0:1 - - [28/Nov/2022:22:10:47 +0100] GET /api/am/devportal/v2/apis/7f38821b-0cfb-4a59-b040-829b31baec52/thumbnail HTTP/1.1 204 - https://localhost:9443/devportal/apis Mozilla/5.0 (Windows NT 10.0; Win64; x64) AppleWebKit/537.36 (KHTML, like Gecko) Chrome/107.0.0.0 Safari/537.36 0.020
0:0:0:0:0:0:0:1 - - [28/Nov/2022:22:10:48 +0100] GET /devportal/site/public/images/_favicon.ico HTTP/1.1 200 1150 https://localhost:9443/devportal/apis/e902effb-881d-466a-b864-1963d4d3e6c8 Mozilla/5.0 (Windows NT 10.0; Win64; x64) AppleWebKit/537.36 (KHTML, like Gecko) Chrome/107.0.0.0 Safari/537.36 0.001
0:0:0:0:0:0:0:1 - - [28/Nov/2022:22:10:48 +0100] GET /api/am/devportal/v2/applications?limit=5000 HTTP/1.1 200 514 https://localhost:9443/devportal/apis/e902effb-881d-466a-b864-1963d4d3e6c8 Mozilla/5.0 (Windows NT 10.0; Win64; x64) AppleWebKit/537.36 (KHTML, like Gecko) Chrome/107.0.0.0 Safari/537.36 0.046
0:0:0:0:0:0:0:1 - - [28/Nov/2022:22:10:48 +0100] GET /api/am/devportal/v2/apis/e902effb-881d-466a-b864-1963d4d3e6c8 HTTP/1.1 200 1108 https://localhost:9443/devportal/apis/e902effb-881d-466a-b864-1963d4d3e6c8 Mozilla/5.0 (Windows NT 10.0; Win64; x64) AppleWebKit/537.36 (KHTML, like Gecko) Chrome/107.0.0.0 Safari/537.36 0.063
127.0.0.1 - - [28/Nov/2022:22:10:48 +0100] GET /keymanager-operations/dcr/register/ZmJuRkdLQVdsRFVyRDRMd2pmQ3FhM3diRkVFYQ%3D%3D HTTP/1.1 200 751 - Apache-HttpClient/4.5.13 (Java/11.0.17) 0.017
127.0.0.1 - - [28/Nov/2022:22:10:48 +0100] GET /keymanager-operations/dcr/register/dUthUVdzNEVTYnc2Vk0wN1VpdWpoaVdyMlpVYQ%3D%3D HTTP/1.1 200 500 - Apache-HttpClient/4.5.13 (Java/11.0.17) 0.017
127.0.0.1 - - [28/Nov/2022:22:10:48 +0100] GET /keymanager-operations/dcr/register/ZmJuRkdLQVdsRFVyRDRMd2pmQ3FhM3diRkVFYQ%3D%3D HTTP/1.1 200 751 - Apache-HttpClient/4.5.13 (Java/11.0.17) 0.009
127.0.0.1 - - [28/Nov/2022:22:10:48 +0100] GET /keymanager-operations/dcr/register/dUthUVdzNEVTYnc2Vk0wN1VpdWpoaVdyMlpVYQ%3D%3D HTTP/1.1 200 500 - Apache-HttpClient/4.5.13 (Java/11.0.17) 0.017
0:0:0:0:0:0:0:1 - - [28/Nov/2022:22:10:48 +0100] GET /api/am/devportal/v2/subscriptions?apiId=e902effb-881d-466a-b864-1963d4d3e6c8&limit=25 HTTP/1.1 200 729 https://localhost:9443/devportal/apis/e902effb-881d-466a-b864-1963d4d3e6c8 Mozilla/5.0 (Windows NT 10.0; Win64; x64) AppleWebKit/537.36 (KHTML, like Gecko) Chrome/107.0.0.0 Safari/537.36 0.172
0:0:0:0:0:0:0:1 - - [28/Nov/2022:22:10:48 +0100] GET /api/am/devportal/v2/subscriptions?apiId=e902effb-881d-466a-b864-1963d4d3e6c8&limit=5000 HTTP/1.1 200 730 https://localhost:9443/devportal/apis/e902effb-881d-466a-b864-1963d4d3e6c8 Mozilla/5.0 (Windows NT 10.0; Win64; x64) AppleWebKit/537.36 (KHTML, like Gecko) Chrome/107.0.0.0 Safari/537.36 0.167
0:0:0:0:0:0:0:1 - - [28/Nov/2022:22:10:48 +0100] GET /api/am/devportal/v2/throttling-policies/subscription HTTP/1.1 200 634 https://localhost:9443/devportal/apis/e902effb-881d-466a-b864-1963d4d3e6c8/overview Mozilla/5.0 (Windows NT 10.0; Win64; x64) AppleWebKit/537.36 (KHTML, like Gecko) Chrome/107.0.0.0 Safari/537.36 0.010
0:0:0:0:0:0:0:1 - - [28/Nov/2022:22:10:48 +0100] GET /devportal/site/public/images/_favicon.ico HTTP/1.1 200 1150 https://localhost:9443/devportal/apis/e902effb-881d-466a-b864-1963d4d3e6c8/overview Mozilla/5.0 (Windows NT 10.0; Win64; x64) AppleWebKit/537.36 (KHTML, like Gecko) Chrome/107.0.0.0 Safari/537.36 0.000
0:0:0:0:0:0:0:1 - - [28/Nov/2022:22:10:48 +0100] GET /api/am/devportal/v2/apis/e902effb-881d-466a-b864-1963d4d3e6c8/documents HTTP/1.1 200 92 https://localhost:9443/devportal/apis/e902effb-881d-466a-b864-1963d4d3e6c8/overview Mozilla/5.0 (Windows NT 10.0; Win64; x64) AppleWebKit/537.36 (KHTML, like Gecko) Chrome/107.0.0.0 Safari/537.36 0.018
0:0:0:0:0:0:0:1 - - [28/Nov/2022:22:10:48 +0100] GET /api/am/devportal/v2/throttling-policies/subscription HTTP/1.1 200 634 https://localhost:9443/devportal/apis/e902effb-881d-466a-b864-1963d4d3e6c8/overview Mozilla/5.0 (Windows NT 10.0; Win64; x64) AppleWebKit/537.36 (KHTML, like Gecko) Chrome/107.0.0.0 Safari/537.36 0.008
0:0:0:0:0:0:0:1 - - [28/Nov/2022:22:10:48 +0100] GET /api/am/devportal/v2/apis/e902effb-881d-466a-b864-1963d4d3e6c8/documents HTTP/1.1 200 92 https://localhost:9443/devportal/apis/e902effb-881d-466a-b864-1963d4d3e6c8/overview Mozilla/5.0 (Windows NT 10.0; Win64; x64) AppleWebKit/537.36 (KHTML, like Gecko) Chrome/107.0.0.0 Safari/537.36 0.016
0:0:0:0:0:0:0:1 - - [28/Nov/2022:22:10:48 +0100] GET /api/am/devportal/v2/apis/e902effb-881d-466a-b864-1963d4d3e6c8/ratings HTTP/1.1 200 125 https://localhost:9443/devportal/apis/e902effb-881d-466a-b864-1963d4d3e6c8/overview Mozilla/5.0 (Windows NT 10.0; Win64; x64) AppleWebKit/537.36 (KHTML, like Gecko) Chrome/107.0.0.0 Safari/537.36 0.007
0:0:0:0:0:0:0:1 - - [28/Nov/2022:22:10:48 +0100] GET /api/am/devportal/v2/apis/e902effb-881d-466a-b864-1963d4d3e6c8/comments?limit=5&offset=0 HTTP/1.1 200 101 https://localhost:9443/devportal/apis/e902effb-881d-466a-b864-1963d4d3e6c8/overview Mozilla/5.0 (Windows NT 10.0; Win64; x64) AppleWebKit/537.36 (KHTML, like Gecko) Chrome/107.0.0.0 Safari/537.36 0.007
0:0:0:0:0:0:0:1 - - [28/Nov/2022:22:10:48 +0100] GET /api/am/devportal/v2/apis/e902effb-881d-466a-b864-1963d4d3e6c8/thumbnail HTTP/1.1 204 - https://localhost:9443/devportal/apis/e902effb-881d-466a-b864-1963d4d3e6c8/overview Mozilla/5.0 (Windows NT 10.0; Win64; x64) AppleWebKit/537.36 (KHTML, like Gecko) Chrome/107.0.0.0 Safari/537.36 0.007
0:0:0:0:0:0:0:1 - - [28/Nov/2022:22:10:52 +0100] GET /devportal/site/public/images/_favicon.ico HTTP/1.1 200 1150 https://localhost:9443/devportal/apis/e902effb-881d-466a-b864-1963d4d3e6c8/credentials Mozilla/5.0 (Windows NT 10.0; Win64; x64) AppleWebKit/537.36 (KHTML, like Gecko) Chrome/107.0.0.0 Safari/537.36 0.001
0:0:0:0:0:0:0:1 - - [28/Nov/2022:22:10:55 +0100] GET /api/am/devportal/v2/swagger.yaml HTTP/1.1 200 23493 https://localhost:9443/devportal/apis/e902effb-881d-466a-b864-1963d4d3e6c8/credentials Mozilla/5.0 (Windows NT 10.0; Win64; x64) AppleWebKit/537.36 (KHTML, like Gecko) Chrome/107.0.0.0 Safari/537.36 0.043
0:0:0:0:0:0:0:1 - - [28/Nov/2022:22:10:55 +0100] GET /api/am/devportal/v2/swagger.yaml HTTP/1.1 200 23493 https://localhost:9443/devportal/apis/e902effb-881d-466a-b864-1963d4d3e6c8/credentials Mozilla/5.0 (Windows NT 10.0; Win64; x64) AppleWebKit/537.36 (KHTML, like Gecko) Chrome/107.0.0.0 Safari/537.36 0.033
127.0.0.1 - - [28/Nov/2022:22:10:55 +0100] GET /oauth2/token/.well-known/openid-configuration HTTP/1.1 200 2245 - Apache-HttpClient/4.5.13 (Java/11.0.17) 0.008
0:0:0:0:0:0:0:1 - - [28/Nov/2022:22:10:55 +0100] GET /api/am/devportal/v2/key-managers HTTP/1.1 200 754 https://localhost:9443/devportal/apis/e902effb-881d-466a-b864-1963d4d3e6c8/credentials Mozilla/5.0 (Windows NT 10.0; Win64; x64) AppleWebKit/537.36 (KHTML, like Gecko) Chrome/107.0.0.0 Safari/537.36 0.099
127.0.0.1 - - [28/Nov/2022:22:10:56 +0100] GET /keymanager-operations/dcr/register/dUthUVdzNEVTYnc2Vk0wN1VpdWpoaVdyMlpVYQ%3D%3D HTTP/1.1 200 500 - Apache-HttpClient/4.5.13 (Java/11.0.17) 0.012
0:0:0:0:0:0:0:1 - - [28/Nov/2022:22:10:56 +0100] GET /api/am/devportal/v2/applications/0550c906-ee9e-4c2a-b482-0eee061314ca HTTP/1.1 200 278 https://localhost:9443/devportal/apis/e902effb-881d-466a-b864-1963d4d3e6c8/credentials Mozilla/5.0 (Windows NT 10.0; Win64; x64) AppleWebKit/537.36 (KHTML, like Gecko) Chrome/107.0.0.0 Safari/537.36 0.026
127.0.0.1 - - [28/Nov/2022:22:10:56 +0100] GET /keymanager-operations/dcr/register/dUthUVdzNEVTYnc2Vk0wN1VpdWpoaVdyMlpVYQ%3D%3D HTTP/1.1 200 500 - Apache-HttpClient/4.5.13 (Java/11.0.17) 0.000
0:0:0:0:0:0:0:1 - - [28/Nov/2022:22:10:56 +0100] GET /api/am/devportal/v2/applications/0550c906-ee9e-4c2a-b482-0eee061314ca HTTP/1.1 200 278 https://localhost:9443/devportal/apis/e902effb-881d-466a-b864-1963d4d3e6c8/credentials Mozilla/5.0 (Windows NT 10.0; Win64; x64) AppleWebKit/537.36 (KHTML, like Gecko) Chrome/107.0.0.0 Safari/537.36 0.012
127.0.0.1 - - [28/Nov/2022:22:10:56 +0100] GET /keymanager-operations/dcr/register/dUthUVdzNEVTYnc2Vk0wN1VpdWpoaVdyMlpVYQ%3D%3D HTTP/1.1 200 500 - Apache-HttpClient/4.5.13 (Java/11.0.17) 0.000
0:0:0:0:0:0:0:1 - - [28/Nov/2022:22:10:56 +0100] GET /api/am/devportal/v2/applications/0550c906-ee9e-4c2a-b482-0eee061314ca/oauth-keys HTTP/1.1 200 650 https://localhost:9443/devportal/apis/e902effb-881d-466a-b864-1963d4d3e6c8/credentials Mozilla/5.0 (Windows NT 10.0; Win64; x64) AppleWebKit/537.36 (KHTML, like Gecko) Chrome/107.0.0.0 Safari/537.36 0.008
0:0:0:0:0:0:0:1 - - [28/Nov/2022:22:10:56 +0100] GET /api/am/devportal/v2/swagger.yaml HTTP/1.1 200 23493 https://localhost:9443/devportal/apis/e902effb-881d-466a-b864-1963d4d3e6c8/credentials Mozilla/5.0 (Windows NT 10.0; Win64; x64) AppleWebKit/537.36 (KHTML, like Gecko) Chrome/107.0.0.0 Safari/537.36 0.008
127.0.0.1 - - [28/Nov/2022:22:10:56 +0100] GET /keymanager-operations/dcr/register/dUthUVdzNEVTYnc2Vk0wN1VpdWpoaVdyMlpVYQ%3D%3D HTTP/1.1 200 500 - Apache-HttpClient/4.5.13 (Java/11.0.17) 0.007
0:0:0:0:0:0:0:1 - - [28/Nov/2022:22:10:56 +0100] GET /api/am/devportal/v2/applications/0550c906-ee9e-4c2a-b482-0eee061314ca HTTP/1.1 200 278 https://localhost:9443/devportal/apis/e902effb-881d-466a-b864-1963d4d3e6c8/credentials Mozilla/5.0 (Windows NT 10.0; Win64; x64) AppleWebKit/537.36 (KHTML, like Gecko) Chrome/107.0.0.0 Safari/537.36 0.008
127.0.0.1 - - [28/Nov/2022:22:10:56 +0100] GET /keymanager-operations/dcr/register/dUthUVdzNEVTYnc2Vk0wN1VpdWpoaVdyMlpVYQ%3D%3D HTTP/1.1 200 500 - Apache-HttpClient/4.5.13 (Java/11.0.17) 0.008
0:0:0:0:0:0:0:1 - - [28/Nov/2022:22:10:56 +0100] GET /api/am/devportal/v2/applications/0550c906-ee9e-4c2a-b482-0eee061314ca/oauth-keys HTTP/1.1 200 650 https://localhost:9443/devportal/apis/e902effb-881d-466a-b864-1963d4d3e6c8/credentials Mozilla/5.0 (Windows NT 10.0; Win64; x64) AppleWebKit/537.36 (KHTML, like Gecko) Chrome/107.0.0.0 Safari/537.36 0.011
0:0:0:0:0:0:0:1 - - [28/Nov/2022:22:11:00 +0100] GET /devportal/site/public/images/_favicon.ico HTTP/1.1 200 1150 https://localhost:9443/devportal/apis/e902effb-881d-466a-b864-1963d4d3e6c8/overview Mozilla/5.0 (Windows NT 10.0; Win64; x64) AppleWebKit/537.36 (KHTML, like Gecko) Chrome/107.0.0.0 Safari/537.36 0.001
0:0:0:0:0:0:0:1 - - [28/Nov/2022:22:11:00 +0100] GET /api/am/devportal/v2/throttling-policies/subscription HTTP/1.1 200 634 https://localhost:9443/devportal/apis/e902effb-881d-466a-b864-1963d4d3e6c8/overview Mozilla/5.0 (Windows NT 10.0; Win64; x64) AppleWebKit/537.36 (KHTML, like Gecko) Chrome/107.0.0.0 Safari/537.36 0.012
0:0:0:0:0:0:0:1 - - [28/Nov/2022:22:11:00 +0100] GET /api/am/devportal/v2/throttling-policies/subscription HTTP/1.1 200 634 https://localhost:9443/devportal/apis/e902effb-881d-466a-b864-1963d4d3e6c8/overview Mozilla/5.0 (Windows NT 10.0; Win64; x64) AppleWebKit/537.36 (KHTML, like Gecko) Chrome/107.0.0.0 Safari/537.36 0.008
0:0:0:0:0:0:0:1 - - [28/Nov/2022:22:11:00 +0100] GET /api/am/devportal/v2/apis/e902effb-881d-466a-b864-1963d4d3e6c8/documents HTTP/1.1 200 92 https://localhost:9443/devportal/apis/e902effb-881d-466a-b864-1963d4d3e6c8/overview Mozilla/5.0 (Windows NT 10.0; Win64; x64) AppleWebKit/537.36 (KHTML, like Gecko) Chrome/107.0.0.0 Safari/537.36 0.020
0:0:0:0:0:0:0:1 - - [28/Nov/2022:22:11:00 +0100] GET /api/am/devportal/v2/apis/e902effb-881d-466a-b864-1963d4d3e6c8/documents HTTP/1.1 200 92 https://localhost:9443/devportal/apis/e902effb-881d-466a-b864-1963d4d3e6c8/overview Mozilla/5.0 (Windows NT 10.0; Win64; x64) AppleWebKit/537.36 (KHTML, like Gecko) Chrome/107.0.0.0 Safari/537.36 0.016
0:0:0:0:0:0:0:1 - - [28/Nov/2022:22:11:00 +0100] GET /api/am/devportal/v2/apis/e902effb-881d-466a-b864-1963d4d3e6c8/ratings HTTP/1.1 200 125 https://localhost:9443/devportal/apis/e902effb-881d-466a-b864-1963d4d3e6c8/overview Mozilla/5.0 (Windows NT 10.0; Win64; x64) AppleWebKit/537.36 (KHTML, like Gecko) Chrome/107.0.0.0 Safari/537.36 0.011
0:0:0:0:0:0:0:1 - - [28/Nov/2022:22:11:00 +0100] GET /api/am/devportal/v2/apis/e902effb-881d-466a-b864-1963d4d3e6c8/thumbnail HTTP/1.1 204 - https://localhost:9443/devportal/apis/e902effb-881d-466a-b864-1963d4d3e6c8/overview Mozilla/5.0 (Windows NT 10.0; Win64; x64) AppleWebKit/537.36 (KHTML, like Gecko) Chrome/107.0.0.0 Safari/537.36 0.011
0:0:0:0:0:0:0:1 - - [28/Nov/2022:22:11:00 +0100] GET /api/am/devportal/v2/apis/e902effb-881d-466a-b864-1963d4d3e6c8/comments?limit=5&offset=0 HTTP/1.1 200 101 https://localhost:9443/devportal/apis/e902effb-881d-466a-b864-1963d4d3e6c8/overview Mozilla/5.0 (Windows NT 10.0; Win64; x64) AppleWebKit/537.36 (KHTML, like Gecko) Chrome/107.0.0.0 Safari/537.36 0.017
0:0:0:0:0:0:0:1 - - [28/Nov/2022:22:11:03 +0100] GET /devportal/site/public/images/_favicon.ico HTTP/1.1 200 1150 https://localhost:9443/devportal/apis/e902effb-881d-466a-b864-1963d4d3e6c8/credentials Mozilla/5.0 (Windows NT 10.0; Win64; x64) AppleWebKit/537.36 (KHTML, like Gecko) Chrome/107.0.0.0 Safari/537.36 0.005
0:0:0:0:0:0:0:1 - - [28/Nov/2022:22:11:04 +0100] GET /api/am/devportal/v2/swagger.yaml HTTP/1.1 200 23493 https://localhost:9443/devportal/apis/e902effb-881d-466a-b864-1963d4d3e6c8/credentials Mozilla/5.0 (Windows NT 10.0; Win64; x64) AppleWebKit/537.36 (KHTML, like Gecko) Chrome/107.0.0.0 Safari/537.36 0.024
0:0:0:0:0:0:0:1 - - [28/Nov/2022:22:11:04 +0100] GET /api/am/devportal/v2/swagger.yaml HTTP/1.1 200 23493 https://localhost:9443/devportal/apis/e902effb-881d-466a-b864-1963d4d3e6c8/credentials Mozilla/5.0 (Windows NT 10.0; Win64; x64) AppleWebKit/537.36 (KHTML, like Gecko) Chrome/107.0.0.0 Safari/537.36 0.028
127.0.0.1 - - [28/Nov/2022:22:11:04 +0100] GET /oauth2/token/.well-known/openid-configuration HTTP/1.1 200 2245 - Apache-HttpClient/4.5.13 (Java/11.0.17) 0.009
0:0:0:0:0:0:0:1 - - [28/Nov/2022:22:11:04 +0100] GET /api/am/devportal/v2/key-managers HTTP/1.1 200 754 https://localhost:9443/devportal/apis/e902effb-881d-466a-b864-1963d4d3e6c8/credentials Mozilla/5.0 (Windows NT 10.0; Win64; x64) AppleWebKit/537.36 (KHTML, like Gecko) Chrome/107.0.0.0 Safari/537.36 0.085
127.0.0.1 - - [28/Nov/2022:22:11:04 +0100] GET /keymanager-operations/dcr/register/ZmJuRkdLQVdsRFVyRDRMd2pmQ3FhM3diRkVFYQ%3D%3D HTTP/1.1 200 751 - Apache-HttpClient/4.5.13 (Java/11.0.17) 0.011
0:0:0:0:0:0:0:1 - - [28/Nov/2022:22:11:04 +0100] GET /api/am/devportal/v2/applications/a5a8269a-9117-4a77-b9f9-40f799f44201 HTTP/1.1 200 285 https://lo