- 0:0:0:0:0:0:0:1 - - [26/Nov/2022:11:12:13.942 +0100] "GET /allStages/1.0.0 HTTP/1.1" - - "-" "Mozilla/5.0 (Windows NT 10.0; Win64; x64) AppleWebKit/537.36 (KHTML, like Gecko) Chrome/107.0.0.0 Safari/537.36"
- 0:0:0:0:0:0:0:1  - [26/Nov/2022:11:12:13.942 +0100] "- - " 401 - "-" "-"
- 0:0:0:0:0:0:0:1 - - [26/Nov/2022:11:12:13.942 +0100] "GET /favicon.ico HTTP/1.1" - - "https://localhost:8243/allStages/1.0.0" "Mozilla/5.0 (Windows NT 10.0; Win64; x64) AppleWebKit/537.36 (KHTML, like Gecko) Chrome/107.0.0.0 Safari/537.36"
- 0:0:0:0:0:0:0:1  - [26/Nov/2022:11:12:14.355 +0100] "- - " 301 - "-" "-"
- 0:0:0:0:0:0:0:1 - - [26/Nov/2022:11:13:16.141 +0100] "GET /allStages/1.0.0 HTTP/1.1" - - "-" "Mozilla/5.0 (Windows NT 10.0; Win64; x64) AppleWebKit/537.36 (KHTML, like Gecko) Chrome/107.0.0.0 Safari/537.36"
- 0:0:0:0:0:0:0:1  - [26/Nov/2022:11:13:16.141 +0100] "- - " 401 - "-" "-"
- 0:0:0:0:0:0:0:1 - - [26/Nov/2022:11:13:16.141 +0100] "GET /favicon.ico HTTP/1.1" - - "https://localhost:8243/allStages/1.0.0" "Mozilla/5.0 (Windows NT 10.0; Win64; x64) AppleWebKit/537.36 (KHTML, like Gecko) Chrome/107.0.0.0 Safari/537.36"
- 0:0:0:0:0:0:0:1  - [26/Nov/2022:11:13:16.321 +0100] "- - " 301 - "-" "-"
- 0:0:0:0:0:0:0:1 - - [26/Nov/2022:11:15:13.772 +0100] "OPTIONS /allStages/1.0.0 HTTP/1.1" - - "https://localhost:9443/" "Mozilla/5.0 (Windows NT 10.0; Win64; x64) AppleWebKit/537.36 (KHTML, like Gecko) Chrome/107.0.0.0 Safari/537.36"
- 0:0:0:0:0:0:0:1  - [26/Nov/2022:11:15:13.772 +0100] "- - " 200 - "-" "-"
- 0:0:0:0:0:0:0:1 - - [26/Nov/2022:11:15:13.772 +0100] "GET /allStages/1.0.0 HTTP/1.1" - - "https://localhost:9443/" "Mozilla/5.0 (Windows NT 10.0; Win64; x64) AppleWebKit/537.36 (KHTML, like Gecko) Chrome/107.0.0.0 Safari/537.36"
- 0:0:0:0:0:0:0:1  - [26/Nov/2022:11:15:13.772 +0100] "- - " 401 - "-" "-"
- 0:0:0:0:0:0:0:1  - [26/Nov/2022:11:15:38.334 +0100] "- - " 200 - "-" "-"
- 0:0:0:0:0:0:0:1 - - [26/Nov/2022:11:15:38.334 +0100] "OPTIONS /allStages/1.0.0 HTTP/1.1" - - "https://localhost:9443/" "Mozilla/5.0 (Windows NT 10.0; Win64; x64) AppleWebKit/537.36 (KHTML, like Gecko) Chrome/107.0.0.0 Safari/537.36"
- 54.220.192.176  - [26/Nov/2022:11:15:38.960 +0100] "- - " 200 - "-" "-"
- 0:0:0:0:0:0:0:1 - - [26/Nov/2022:11:15:38.334 +0100] "GET /allStages/1.0.0 HTTP/1.1" - - "https://localhost:9443/" "Mozilla/5.0 (Windows NT 10.0; Win64; x64) AppleWebKit/537.36 (KHTML, like Gecko) Chrome/107.0.0.0 Safari/537.36"
- 0:0:0:0:0:0:0:1  - [26/Nov/2022:11:15:38.334 +0100] "- - " 200 - "-" "-"
- 54.220.192.176 - - [26/Nov/2022:11:15:38.960 +0100] "GET /stages/all HTTP/1.1" - - "https://localhost:9443/" "Synapse-PT-HttpComponents-NIO"
- 0:0:0:0:0:0:0:1  - [26/Nov/2022:11:27:43.432 +0100] "- - " 200 - "-" "-"
- 0:0:0:0:0:0:0:1 - - [26/Nov/2022:11:27:43.432 +0100] "OPTIONS /stages/1.0/all HTTP/1.1" - - "https://localhost:9443/" "Mozilla/5.0 (Windows NT 10.0; Win64; x64) AppleWebKit/537.36 (KHTML, like Gecko) Chrome/107.0.0.0 Safari/537.36"
- 54.220.192.176  - [26/Nov/2022:11:27:43.689 +0100] "- - " 200 - "-" "-"
- 0:0:0:0:0:0:0:1 - - [26/Nov/2022:11:27:43.432 +0100] "GET /stages/1.0/all HTTP/1.1" - - "https://localhost:9443/" "Mozilla/5.0 (Windows NT 10.0; Win64; x64) AppleWebKit/537.36 (KHTML, like Gecko) Chrome/107.0.0.0 Safari/537.36"
- 54.220.192.176 - - [26/Nov/2022:11:27:43.689 +0100] "GET /stages/all HTTP/1.1" - - "https://localhost:9443/" "Synapse-PT-HttpComponents-NIO"
- 0:0:0:0:0:0:0:1  - [26/Nov/2022:11:27:43.432 +0100] "- - " 200 - "-" "-"
- 0:0:0:0:0:0:0:1 - - [26/Nov/2022:11:31:22.087 +0100] "OPTIONS /stages/1.0 HTTP/1.1" - - "https://localhost:9443/" "Mozilla/5.0 (Windows NT 10.0; Win64; x64) AppleWebKit/537.36 (KHTML, like Gecko) Chrome/107.0.0.0 Safari/537.36"
- 0:0:0:0:0:0:0:1  - [26/Nov/2022:11:31:22.087 +0100] "- - " 200 - "-" "-"
- 0:0:0:0:0:0:0:1 - - [26/Nov/2022:11:31:22.087 +0100] "GET /stages/1.0 HTTP/1.1" - - "https://localhost:9443/" "Mozilla/5.0 (Windows NT 10.0; Win64; x64) AppleWebKit/537.36 (KHTML, like Gecko) Chrome/107.0.0.0 Safari/537.36"
- 46.137.15.86 - - [26/Nov/2022:11:31:22.306 +0100] "GET /stages HTTP/1.1" - - "https://localhost:9443/" "Synapse-PT-HttpComponents-NIO"
- 46.137.15.86  - [26/Nov/2022:11:31:22.306 +0100] "- - " 404 - "-" "-"
- 0:0:0:0:0:0:0:1  - [26/Nov/2022:11:31:22.087 +0100] "- - " 404 - "-" "-"
- 0:0:0:0:0:0:0:1  - [26/Nov/2022:11:34:46.883 +0100] "- - " 200 - "-" "-"
- 0:0:0:0:0:0:0:1 - - [26/Nov/2022:11:34:46.883 +0100] "OPTIONS /stages/1.0/all HTTP/1.1" - - "https://localhost:9443/" "Mozilla/5.0 (Windows NT 10.0; Win64; x64) AppleWebKit/537.36 (KHTML, like Gecko) Chrome/107.0.0.0 Safari/537.36"
- 0:0:0:0:0:0:0:1  - [26/Nov/2022:11:34:46.883 +0100] "- - " 401 - "-" "-"
- 0:0:0:0:0:0:0:1 - - [26/Nov/2022:11:34:46.883 +0100] "GET /stages/1.0/all HTTP/1.1" - - "https://localhost:9443/" "Mozilla/5.0 (Windows NT 10.0; Win64; x64) AppleWebKit/537.36 (KHTML, like Gecko) Chrome/107.0.0.0 Safari/537.36"
- 0:0:0:0:0:0:0:1  - [26/Nov/2022:11:34:55.389 +0100] "- - " 200 - "-" "-"
- 0:0:0:0:0:0:0:1 - - [26/Nov/2022:11:34:55.389 +0100] "OPTIONS /stages/1.0/all HTTP/1.1" - - "https://localhost:9443/" "Mozilla/5.0 (Windows NT 10.0; Win64; x64) AppleWebKit/537.36 (KHTML, like Gecko) Chrome/107.0.0.0 Safari/537.36"
- 0:0:0:0:0:0:0:1 - - [26/Nov/2022:11:34:55.389 +0100] "GET /stages/1.0/all HTTP/1.1" - - "https://localhost:9443/" "Mozilla/5.0 (Windows NT 10.0; Win64; x64) AppleWebKit/537.36 (KHTML, like Gecko) Chrome/107.0.0.0 Safari/537.36"
- 46.137.15.86  - [26/Nov/2022:11:34:55.590 +0100] "- - " 200 - "-" "-"
- 46.137.15.86 - - [26/Nov/2022:11:34:55.590 +0100] "GET /stages/all HTTP/1.1" - - "https://localhost:9443/" "Synapse-PT-HttpComponents-NIO"
- 0:0:0:0:0:0:0:1  - [26/Nov/2022:11:34:55.389 +0100] "- - " 200 - "-" "-"
- 0:0:0:0:0:0:0:1  - [26/Nov/2022:11:47:58.592 +0100] "- - " 200 - "-" "-"
- 0:0:0:0:0:0:0:1 - - [26/Nov/2022:11:47:58.592 +0100] "OPTIONS /stages/1.0/id/12 HTTP/1.1" - - "https://localhost:9443/" "Mozilla/5.0 (Windows NT 10.0; Win64; x64) AppleWebKit/537.36 (KHTML, like Gecko) Chrome/107.0.0.0 Safari/537.36"
- 46.137.15.86  - [26/Nov/2022:11:47:59.007 +0100] "- - " 200 - "-" "-"
- 0:0:0:0:0:0:0:1 - - [26/Nov/2022:11:47:58.592 +0100] "GET /stages/1.0/id/12 HTTP/1.1" - - "https://localhost:9443/" "Mozilla/5.0 (Windows NT 10.0; Win64; x64) AppleWebKit/537.36 (KHTML, like Gecko) Chrome/107.0.0.0 Safari/537.36"
- 0:0:0:0:0:0:0:1  - [26/Nov/2022:11:47:58.592 +0100] "- - " 200 - "-" "-"
- 46.137.15.86 - - [26/Nov/2022:11:47:59.007 +0100] "GET /stages/id/12 HTTP/1.1" - - "https://localhost:9443/" "Synapse-PT-HttpComponents-NIO"
- 0:0:0:0:0:0:0:1 - - [26/Nov/2022:11:48:10.065 +0100] "OPTIONS /stages/1.0/year/2022 HTTP/1.1" - - "https://localhost:9443/" "Mozilla/5.0 (Windows NT 10.0; Win64; x64) AppleWebKit/537.36 (KHTML, like Gecko) Chrome/107.0.0.0 Safari/537.36"
- 0:0:0:0:0:0:0:1  - [26/Nov/2022:11:48:10.065 +0100] "- - " 200 - "-" "-"
- 0:0:0:0:0:0:0:1 - - [26/Nov/2022:11:48:10.065 +0100] "GET /stages/1.0/year/2022 HTTP/1.1" - - "https://localhost:9443/" "Mozilla/5.0 (Windows NT 10.0; Win64; x64) AppleWebKit/537.36 (KHTML, like Gecko) Chrome/107.0.0.0 Safari/537.36"
- 46.137.15.86 - - [26/Nov/2022:11:48:10.083 +0100] "GET /stages/year/2022 HTTP/1.1" - - "https://localhost:9443/" "Synapse-PT-HttpComponents-NIO"
- 46.137.15.86  - [26/Nov/2022:11:48:10.083 +0100] "- - " 200 - "-" "-"
- 0:0:0:0:0:0:0:1  - [26/Nov/2022:11:48:10.065 +0100] "- - " 200 - "-" "-"
- 0:0:0:0:0:0:0:1 - - [26/Nov/2022:11:54:40.685 +0100] "OPTIONS /stages/1.0/add?year=2023&total_td_distance=3456&stage=test%20%3E%20test HTTP/1.1" - - "https://localhost:9443/" "Mozilla/5.0 (Windows NT 10.0; Win64; x64) AppleWebKit/537.36 (KHTML, like Gecko) Chrome/107.0.0.0 Safari/537.36"
- 0:0:0:0:0:0:0:1  - [26/Nov/2022:11:54:40.685 +0100] "- - " 200 - "-" "-"
- 0:0:0:0:0:0:0:1 - - [26/Nov/2022:11:54:40.685 +0100] "POST /stages/1.0/add?year=2023&total_td_distance=3456&stage=test%20%3E%20test HTTP/1.1" - - "https://localhost:9443/" "Mozilla/5.0 (Windows NT 10.0; Win64; x64) AppleWebKit/537.36 (KHTML, like Gecko) Chrome/107.0.0.0 Safari/537.36"
- 54.220.192.176 - - [26/Nov/2022:11:54:40.979 +0100] "POST /stages/add?year=2023&total_td_distance=3456&stage=test%20%3E%20test HTTP/1.1" - - "https://localhost:9443/" "Synapse-PT-HttpComponents-NIO"
- 54.220.192.176  - [26/Nov/2022:11:54:40.979 +0100] "- - " 200 - "-" "-"
- 0:0:0:0:0:0:0:1  - [26/Nov/2022:11:54:40.685 +0100] "- - " 200 - "-" "-"
- 0:0:0:0:0:0:0:1 - - [26/Nov/2022:11:54:51.450 +0100] "OPTIONS /stages/1.0/year/2023 HTTP/1.1" - - "https://localhost:9443/" "Mozilla/5.0 (Windows NT 10.0; Win64; x64) AppleWebKit/537.36 (KHTML, like Gecko) Chrome/107.0.0.0 Safari/537.36"
- 0:0:0:0:0:0:0:1  - [26/Nov/2022:11:54:51.450 +0100] "- - " 200 - "-" "-"
- 0:0:0:0:0:0:0:1 - - [26/Nov/2022:11:54:51.450 +0100] "GET /stages/1.0/year/2023 HTTP/1.1" - - "https://localhost:9443/" "Mozilla/5.0 (Windows NT 10.0; Win64; x64) AppleWebKit/537.36 (KHTML, like Gecko) Chrome/107.0.0.0 Safari/537.36"
- 54.220.192.176 - - [26/Nov/2022:11:54:51.462 +0100] "GET /stages/year/2023 HTTP/1.1" - - "https://localhost:9443/" "Synapse-PT-HttpComponents-NIO"
- 54.220.192.176  - [26/Nov/2022:11:54:51.462 +0100] "- - " 200 - "-" "-"
- 0:0:0:0:0:0:0:1 - - [26/Nov/2022:11:55:14.541 +0100] "OPTIONS /stages/1.0/all HTTP/1.1" - - "https://localhost:9443/" "Mozilla/5.0 (Windows NT 10.0; Win64; x64) AppleWebKit/537.36 (KHTML, like Gecko) Chrome/107.0.0.0 Safari/537.36"
- 0:0:0:0:0:0:0:1  - [26/Nov/2022:11:54:51.450 +0100] "- - " 200 - "-" "-"
- 0:0:0:0:0:0:0:1  - [26/Nov/2022:11:55:14.541 +0100] "- - " 200 - "-" "-"
- 0:0:0:0:0:0:0:1 - - [26/Nov/2022:11:55:14.541 +0100] "GET /stages/1.0/all HTTP/1.1" - - "https://localhost:9443/" "Mozilla/5.0 (Windows NT 10.0; Win64; x64) AppleWebKit/537.36 (KHTML, like Gecko) Chrome/107.0.0.0 Safari/537.36"
- 54.220.192.176  - [26/Nov/2022:11:55:14.561 +0100] "- - " 200 - "-" "-"
- 54.220.192.176 - - [26/Nov/2022:11:55:14.561 +0100] "GET /stages/all HTTP/1.1" - - "https://localhost:9443/" "Synapse-PT-HttpComponents-NIO"
- 0:0:0:0:0:0:0:1  - [26/Nov/2022:11:55:14.541 +0100] "- - " 200 - "-" "-"
- 0:0:0:0:0:0:0:1  - [26/Nov/2022:12:02:33.010 +0100] "- - " 200 - "-" "-"
- 0:0:0:0:0:0:0:1 - - [26/Nov/2022:12:02:33.010 +0100] "OPTIONS /stages/1.0/year/2023 HTTP/1.1" - - "https://localhost:9443/" "Mozilla/5.0 (Windows NT 10.0; Win64; x64) AppleWebKit/537.36 (KHTML, like Gecko) Chrome/107.0.0.0 Safari/537.36"
- 54.220.192.176  - [26/Nov/2022:12:02:33.206 +0100] "- - " 200 - "-" "-"
- 0:0:0:0:0:0:0:1 - - [26/Nov/2022:12:02:33.010 +0100] "GET /stages/1.0/year/2023 HTTP/1.1" - - "https://localhost:9443/" "Mozilla/5.0 (Windows NT 10.0; Win64; x64) AppleWebKit/537.36 (KHTML, like Gecko) Chrome/107.0.0.0 Safari/537.36"
- 0:0:0:0:0:0:0:1  - [26/Nov/2022:12:02:33.010 +0100] "- - " 200 - "-" "-"
- 54.220.192.176 - - [26/Nov/2022:12:02:33.206 +0100] "GET /stages/year/2023 HTTP/1.1" - - "https://localhost:9443/" "Synapse-PT-HttpComponents-NIO"
- 0:0:0:0:0:0:0:1  - [26/Nov/2022:12:04:11.802 +0100] "- - " 200 - "-" "-"
- 0:0:0:0:0:0:0:1 - - [26/Nov/2022:12:04:11.802 +0100] "OPTIONS /stages/1.0/year/2023 HTTP/1.1" - - "https://localhost:9443/" "Mozilla/5.0 (Windows NT 10.0; Win64; x64) AppleWebKit/537.36 (KHTML, like Gecko) Chrome/107.0.0.0 Safari/537.36"
- 0:0:0:0:0:0:0:1  - [26/Nov/2022:12:04:11.802 +0100] "- - " 401 - "-" "-"
- 0:0:0:0:0:0:0:1 - - [26/Nov/2022:12:04:11.802 +0100] "GET /stages/1.0/year/2023 HTTP/1.1" - - "https://localhost:9443/" "Mozilla/5.0 (Windows NT 10.0; Win64; x64) AppleWebKit/537.36 (KHTML, like Gecko) Chrome/107.0.0.0 Safari/537.36"
- 0:0:0:0:0:0:0:1 - - [26/Nov/2022:12:04:18.589 +0100] "OPTIONS /stages/1.0/year/2023 HTTP/1.1" - - "https://localhost:9443/" "Mozilla/5.0 (Windows NT 10.0; Win64; x64) AppleWebKit/537.36 (KHTML, like Gecko) Chrome/107.0.0.0 Safari/537.36"
- 0:0:0:0:0:0:0:1  - [26/Nov/2022:12:04:18.589 +0100] "- - " 200 - "-" "-"
- 0:0:0:0:0:0:0:1 - - [26/Nov/2022:12:04:18.589 +0100] "GET /stages/1.0/year/2023 HTTP/1.1" - - "https://localhost:9443/" "Mozilla/5.0 (Windows NT 10.0; Win64; x64) AppleWebKit/537.36 (KHTML, like Gecko) Chrome/107.0.0.0 Safari/537.36"
- 54.220.192.176 - - [26/Nov/2022:12:04:18.783 +0100] "GET /stages/year/2023 HTTP/1.1" - - "https://localhost:9443/" "Synapse-PT-HttpComponents-NIO"
- 54.220.192.176  - [26/Nov/2022:12:04:18.783 +0100] "- - " 200 - "-" "-"
- 0:0:0:0:0:0:0:1  - [26/Nov/2022:12:04:18.589 +0100] "- - " 200 - "-" "-"
- 0:0:0:0:0:0:0:1 - - [26/Nov/2022:12:05:12.839 +0100] "OPTIONS /stages/1.0/add?year=2023&total_td_distance=3456&stage=test2%20%3E%20test%202 HTTP/1.1" - - "https://localhost:9443/" "Mozilla/5.0 (Windows NT 10.0; Win64; x64) AppleWebKit/537.36 (KHTML, like Gecko) Chrome/107.0.0.0 Safari/537.36"
- 0:0:0:0:0:0:0:1  - [26/Nov/2022:12:05:12.839 +0100] "- - " 200 - "-" "-"
- 0:0:0:0:0:0:0:1 - - [26/Nov/2022:12:05:12.839 +0100] "POST /stages/1.0/add?year=2023&total_td_distance=3456&stage=test2%20%3E%20test%202 HTTP/1.1" - - "https://localhost:9443/" "Mozilla/5.0 (Windows NT 10.0; Win64; x64) AppleWebKit/537.36 (KHTML, like Gecko) Chrome/107.0.0.0 Safari/537.36"
- 54.220.192.176 - - [26/Nov/2022:12:05:12.854 +0100] "POST /stages/add?year=2023&total_td_distance=3456&stage=test2%20%3E%20test%202 HTTP/1.1" - - "https://localhost:9443/" "Synapse-PT-HttpComponents-NIO"
- 54.220.192.176  - [26/Nov/2022:12:05:12.854 +0100] "- - " 200 - "-" "-"
- 0:0:0:0:0:0:0:1  - [26/Nov/2022:12:05:12.839 +0100] "- - " 200 - "-" "-"
- 0:0:0:0:0:0:0:1 - - [26/Nov/2022:12:05:18.587 +0100] "OPTIONS /stages/1.0/year/2023 HTTP/1.1" - - "https://localhost:9443/" "Mozilla/5.0 (Windows NT 10.0; Win64; x64) AppleWebKit/537.36 (KHTML, like Gecko) Chrome/107.0.0.0 Safari/537.36"
- 0:0:0:0:0:0:0:1  - [26/Nov/2022:12:05:18.587 +0100] "- - " 200 - "-" "-"
- 0:0:0:0:0:0:0:1 - - [26/Nov/2022:12:05:18.587 +0100] "GET /stages/1.0/year/2023 HTTP/1.1" - - "https://localhost:9443/" "Mozilla/5.0 (Windows NT 10.0; Win64; x64) AppleWebKit/537.36 (KHTML, like Gecko) Chrome/107.0.0.0 Safari/537.36"
- 54.220.192.176  - [26/Nov/2022:12:05:18.603 +0100] "- - " 200 - "-" "-"
- 54.220.192.176 - - [26/Nov/2022:12:05:18.603 +0100] "GET /stages/year/2023 HTTP/1.1" - - "https://localhost:9443/" "Synapse-PT-HttpComponents-NIO"
- 0:0:0:0:0:0:0:1  - [26/Nov/2022:12:05:18.587 +0100] "- - " 200 - "-" "-"
- 0:0:0:0:0:0:0:1 - - [26/Nov/2022:12:07:51.640 +0100] "OPTIONS /stages/1.0/year/2023 HTTP/1.1" - - "https://localhost:9443/" "Mozilla/5.0 (Windows NT 10.0; Win64; x64) AppleWebKit/537.36 (KHTML, like Gecko) Chrome/107.0.0.0 Safari/537.36"
- 0:0:0:0:0:0:0:1  - [26/Nov/2022:12:07:51.640 +0100] "- - " 200 - "-" "-"
- 0:0:0:0:0:0:0:1 - - [26/Nov/2022:12:07:51.640 +0100] "GET /stages/1.0/year/2023 HTTP/1.1" - - "https://localhost:9443/" "Mozilla/5.0 (Windows NT 10.0; Win64; x64) AppleWebKit/537.36 (KHTML, like Gecko) Chrome/107.0.0.0 Safari/537.36"
- 54.220.192.176 - - [26/Nov/2022:12:07:51.848 +0100] "GET /stages/year/2023 HTTP/1.1" - - "https://localhost:9443/" "Synapse-PT-HttpComponents-NIO"
- 54.220.192.176  - [26/Nov/2022:12:07:51.848 +0100] "- - " 200 - "-" "-"
- 0:0:0:0:0:0:0:1 - - [26/Nov/2022:12:08:01.710 +0100] "OPTIONS /stages/1.0/delete/2345 HTTP/1.1" - - "https://localhost:9443/" "Mozilla/5.0 (Windows NT 10.0; Win64; x64) AppleWebKit/537.36 (KHTML, like Gecko) Chrome/107.0.0.0 Safari/537.36"
- 0:0:0:0:0:0:0:1 - - [26/Nov/2022:12:08:01.710 +0100] "DELETE /stages/1.0/delete/2345 HTTP/1.1" - - "https://localhost:9443/" "Mozilla/5.0 (Windows NT 10.0; Win64; x64) AppleWebKit/537.36 (KHTML, like Gecko) Chrome/107.0.0.0 Safari/537.36"
- 0:0:0:0:0:0:0:1  - [26/Nov/2022:12:07:51.640 +0100] "- - " 200 - "-" "-"
- 54.220.192.176 - - [26/Nov/2022:12:08:01.719 +0100] "DELETE /stages/delete/2345 HTTP/1.1" - - "https://localhost:9443/" "Synapse-PT-HttpComponents-NIO"
- 0:0:0:0:0:0:0:1  - [26/Nov/2022:12:08:01.710 +0100] "- - " 200 - "-" "-"
- 0:0:0:0:0:0:0:1 - - [26/Nov/2022:12:08:12.641 +0100] "OPTIONS /stages/1.0/year/2023 HTTP/1.1" - - "https://localhost:9443/" "Mozilla/5.0 (Windows NT 10.0; Win64; x64) AppleWebKit/537.36 (KHTML, like Gecko) Chrome/107.0.0.0 Safari/537.36"
- 0:0:0:0:0:0:0:1 - - [26/Nov/2022:12:08:12.641 +0100] "GET /stages/1.0/year/2023 HTTP/1.1" - - "https://localhost:9443/" "Mozilla/5.0 (Windows NT 10.0; Win64; x64) AppleWebKit/537.36 (KHTML, like Gecko) Chrome/107.0.0.0 Safari/537.36"
- 54.220.192.176  - [26/Nov/2022:12:08:01.719 +0100] "- - " 200 - "-" "-"
- 54.220.192.176 - - [26/Nov/2022:12:08:12.657 +0100] "GET /stages/year/2023 HTTP/1.1" - - "https://localhost:9443/" "Synapse-PT-HttpComponents-NIO"
- 0:0:0:0:0:0:0:1  - [26/Nov/2022:12:08:01.710 +0100] "- - " 200 - "-" "-"
- 0:0:0:0:0:0:0:1  - [26/Nov/2022:12:08:12.641 +0100] "- - " 200 - "-" "-"
- 54.220.192.176  - [26/Nov/2022:12:08:12.657 +0100] "- - " 200 - "-" "-"
- 0:0:0:0:0:0:0:1  - [26/Nov/2022:12:08:12.641 +0100] "- - " 200 - "-" "-"
- 0:0:0:0:0:0:0:1 - - [26/Nov/2022:12:08:19.409 +0100] "OPTIONS /stages/1.0/delete/2346 HTTP/1.1" - - "https://localhost:9443/" "Mozilla/5.0 (Windows NT 10.0; Win64; x64) AppleWebKit/537.36 (KHTML, like Gecko) Chrome/107.0.0.0 Safari/537.36"
- 0:0:0:0:0:0:0:1  - [26/Nov/2022:12:08:19.409 +0100] "- - " 200 - "-" "-"
- 0:0:0:0:0:0:0:1 - - [26/Nov/2022:12:08:19.409 +0100] "DELETE /stages/1.0/delete/2346 HTTP/1.1" - - "https://localhost:9443/" "Mozilla/5.0 (Windows NT 10.0; Win64; x64) AppleWebKit/537.36 (KHTML, like Gecko) Chrome/107.0.0.0 Safari/537.36"
- 54.220.192.176  - [26/Nov/2022:12:08:19.418 +0100] "- - " 200 - "-" "-"
- 54.220.192.176 - - [26/Nov/2022:12:08:19.418 +0100] "DELETE /stages/delete/2346 HTTP/1.1" - - "https://localhost:9443/" "Synapse-PT-HttpComponents-NIO"
- 0:0:0:0:0:0:0:1 - - [26/Nov/2022:12:08:34.790 +0100] "OPTIONS /stages/1.0/year/2023 HTTP/1.1" - - "https://localhost:9443/" "Mozilla/5.0 (Windows NT 10.0; Win64; x64) AppleWebKit/537.36 (KHTML, like Gecko) Chrome/107.0.0.0 Safari/537.36"
- 0:0:0:0:0:0:0:1  - [26/Nov/2022:12:08:19.409 +0100] "- - " 200 - "-" "-"
- 0:0:0:0:0:0:0:1 - - [26/Nov/2022:12:08:34.790 +0100] "GET /stages/1.0/year/2023 HTTP/1.1" - - "https://localhost:9443/" "Mozilla/5.0 (Windows NT 10.0; Win64; x64) AppleWebKit/537.36 (KHTML, like Gecko) Chrome/107.0.0.0 Safari/537.36"
- 54.220.192.176 - - [26/Nov/2022:12:08:34.792 +0100] "GET /stages/year/2023 HTTP/1.1" - - "https://localhost:9443/" "Synapse-PT-HttpComponents-NIO"
- 0:0:0:0:0:0:0:1  - [26/Nov/2022:12:08:34.790 +0100] "- - " 200 - "-" "-"
- 54.220.192.176  - [26/Nov/2022:12:08:34.792 +0100] "- - " 200 - "-" "-"
- 0:0:0:0:0:0:0:1  - [26/Nov/2022:12:08:34.790 +0100] "- - " 200 - "-" "-"
- 0:0:0:0:0:0:0:1 - - [26/Nov/2022:12:11:29.209 +0100] "OPTIONS /stages/1.0/year/2023 HTTP/1.1" - - "https://localhost:9443/" "Mozilla/5.0 (Windows NT 10.0; Win64; x64) AppleWebKit/537.36 (KHTML, like Gecko) Chrome/107.0.0.0 Safari/537.36"
- 0:0:0:0:0:0:0:1  - [26/Nov/2022:12:11:29.209 +0100] "- - " 200 - "-" "-"
- 0:0:0:0:0:0:0:1 - - [26/Nov/2022:12:11:29.209 +0100] "GET /stages/1.0/year/2023 HTTP/1.1" - - "https://localhost:9443/" "Mozilla/5.0 (Windows NT 10.0; Win64; x64) AppleWebKit/537.36 (KHTML, like Gecko) Chrome/107.0.0.0 Safari/537.36"
- 54.220.192.176 - - [26/Nov/2022:12:11:29.438 +0100] "GET /stages/year/2023 HTTP/1.1" - - "https://localhost:9443/" "Synapse-PT-HttpComponents-NIO"
- 54.220.192.176  - [26/Nov/2022:12:11:29.438 +0100] "- - " 200 - "-" "-"
- 0:0:0:0:0:0:0:1  - [26/Nov/2022:12:11:29.209 +0100] "- - " 200 - "-" "-"
- 0:0:0:0:0:0:0:1 - - [26/Nov/2022:12:12:09.850 +0100] "OPTIONS /stages/1.0/update/2344?year=2023&total_tdf_distance=3450&stage=Leuven%20%3E%20Leuven HTTP/1.1" - - "https://localhost:9443/" "Mozilla/5.0 (Windows NT 10.0; Win64; x64) AppleWebKit/537.36 (KHTML, like Gecko) Chrome/107.0.0.0 Safari/537.36"
- 0:0:0:0:0:0:0:1  - [26/Nov/2022:12:12:09.850 +0100] "- - " 200 - "-" "-"
- 0:0:0:0:0:0:0:1 - - [26/Nov/2022:12:12:09.850 +0100] "PUT /stages/1.0/update/2344?year=2023&total_tdf_distance=3450&stage=Leuven%20%3E%20Leuven HTTP/1.1" - - "https://localhost:9443/" "Mozilla/5.0 (Windows NT 10.0; Win64; x64) AppleWebKit/537.36 (KHTML, like Gecko) Chrome/107.0.0.0 Safari/537.36"
- 54.220.192.176  - [26/Nov/2022:12:12:09.863 +0100] "- - " 200 - "-" "-"
- 54.220.192.176 - - [26/Nov/2022:12:12:09.863 +0100] "PUT /stages/update/2344?year=2023&total_tdf_distance=3450&stage=Leuven%20%3E%20Leuven HTTP/1.1" - - "https://localhost:9443/" "Synapse-PT-HttpComponents-NIO"
- 0:0:0:0:0:0:0:1 - - [26/Nov/2022:12:12:14.634 +0100] "OPTIONS /stages/1.0/year/2023 HTTP/1.1" - - "https://localhost:9443/" "Mozilla/5.0 (Windows NT 10.0; Win64; x64) AppleWebKit/537.36 (KHTML, like Gecko) Chrome/107.0.0.0 Safari/537.36"
- 0:0:0:0:0:0:0:1  - [26/Nov/2022:12:12:09.850 +0100] "- - " 200 - "-" "-"
- 0:0:0:0:0:0:0:1 - - [26/Nov/2022:12:12:14.634 +0100] "GET /stages/1.0/year/2023 HTTP/1.1" - - "https://localhost:9443/" "Mozilla/5.0 (Windows NT 10.0; Win64; x64) AppleWebKit/537.36 (KHTML, like Gecko) Chrome/107.0.0.0 Safari/537.36"
- 54.220.192.176 - - [26/Nov/2022:12:12:14.644 +0100] "GET /stages/year/2023 HTTP/1.1" - - "https://localhost:9443/" "Synapse-PT-HttpComponents-NIO"
- 0:0:0:0:0:0:0:1  - [26/Nov/2022:12:12:14.634 +0100] "- - " 200 - "-" "-"
- 54.220.192.176  - [26/Nov/2022:12:12:14.644 +0100] "- - " 200 - "-" "-"
- 0:0:0:0:0:0:0:1  - [26/Nov/2022:12:12:14.634 +0100] "- - " 200 - "-" "-"
- 0:0:0:0:0:0:0:1 - - [26/Nov/2022:12:13:25.007 +0100] "GET /stages/1.0/all HTTP/1.1" - - "-" "Mozilla/5.0 (Windows NT 10.0; Win64; x64) AppleWebKit/537.36 (KHTML, like Gecko) Chrome/107.0.0.0 Safari/537.36"
- 0:0:0:0:0:0:0:1 - - [26/Nov/2022:12:13:25.007 +0100] "GET /favicon.ico HTTP/1.1" - - "https://localhost:8243/stages/1.0/all" "Mozilla/5.0 (Windows NT 10.0; Win64; x64) AppleWebKit/537.36 (KHTML, like Gecko) Chrome/107.0.0.0 Safari/537.36"
- 0:0:0:0:0:0:0:1  - [26/Nov/2022:12:13:25.007 +0100] "- - " 401 - "-" "-"
- 0:0:0:0:0:0:0:1  - [26/Nov/2022:12:13:25.203 +0100] "- - " 301 - "-" "-"
- 0:0:0:0:0:0:0:1 - - [26/Nov/2022:12:15:53.696 +0100] "GET /stages/1.0/all HTTP/1.1" - - "-" "PostmanRuntime/7.29.2"
- 54.220.192.176 - - [26/Nov/2022:12:15:53.931 +0100] "GET /stages/all HTTP/1.1" - - "-" "Synapse-PT-HttpComponents-NIO"
- 54.220.192.176  - [26/Nov/2022:12:15:53.931 +0100] "- - " 200 - "-" "-"
- 0:0:0:0:0:0:0:1  - [26/Nov/2022:12:15:53.696 +0100] "- - " 200 - "-" "-"
- 0:0:0:0:0:0:0:1 - - [26/Nov/2022:12:16:15.170 +0100] "GET /stages/1.0/id/12 HTTP/1.1" - - "-" "PostmanRuntime/7.29.2"
- 54.220.192.176  - [26/Nov/2022:12:16:15.170 +0100] "- - " 200 - "-" "-"
- 54.220.192.176 - - [26/Nov/2022:12:16:15.170 +0100] "GET /stages/id/12 HTTP/1.1" - - "-" "Synapse-PT-HttpComponents-NIO"
- 0:0:0:0:0:0:0:1  - [26/Nov/2022:12:16:15.170 +0100] "- - " 200 - "-" "-"
- 0:0:0:0:0:0:0:1 - - [26/Nov/2022:12:16:24.136 +0100] "GET /stages/1.0/year/2022 HTTP/1.1" - - "-" "PostmanRuntime/7.29.2"
- 54.220.192.176 - - [26/Nov/2022:12:16:24.144 +0100] "GET /stages/year/2022 HTTP/1.1" - - "-" "Synapse-PT-HttpComponents-NIO"
- 54.220.192.176  - [26/Nov/2022:12:16:24.144 +0100] "- - " 200 - "-" "-"
- 0:0:0:0:0:0:0:1  - [26/Nov/2022:12:16:24.136 +0100] "- - " 200 - "-" "-"
- 0:0:0:0:0:0:0:1 - - [26/Nov/2022:17:47:29.795 +0100] "GET /stages/1.0/year/2022 HTTP/1.1" - - "-" "PostmanRuntime/7.29.2"
- 0:0:0:0:0:0:0:1  - [26/Nov/2022:17:47:29.795 +0100] "- - " 401 - "-" "-"
- 0:0:0:0:0:0:0:1 - - [26/Nov/2022:17:48:14.559 +0100] "OPTIONS /stages/1.0/year/2022 HTTP/1.1" - - "https://localhost:9443/" "Mozilla/5.0 (Windows NT 10.0; Win64; x64) AppleWebKit/537.36 (KHTML, like Gecko) Chrome/107.0.0.0 Safari/537.36"
- 0:0:0:0:0:0:0:1  - [26/Nov/2022:17:48:14.559 +0100] "- - " 200 - "-" "-"
- 0:0:0:0:0:0:0:1 - - [26/Nov/2022:17:48:14.559 +0100] "GET /stages/1.0/year/2022 HTTP/1.1" - - "https://localhost:9443/" "Mozilla/5.0 (Windows NT 10.0; Win64; x64) AppleWebKit/537.36 (KHTML, like Gecko) Chrome/107.0.0.0 Safari/537.36"
- 0:0:0:0:0:0:0:1  - [26/Nov/2022:17:48:14.559 +0100] "- - " 401 - "-" "-"
- 0:0:0:0:0:0:0:1 - - [26/Nov/2022:17:51:11.670 +0100] "GET /stages/1.0/year/2022 HTTP/1.1" - - "-" "PostmanRuntime/7.29.2"
- 0:0:0:0:0:0:0:1  - [26/Nov/2022:17:51:11.670 +0100] "- - " 401 - "-" "-"
- 0:0:0:0:0:0:0:1  - [26/Nov/2022:17:52:39.081 +0100] "- - " 401 - "-" "-"
- 0:0:0:0:0:0:0:1 - - [26/Nov/2022:17:52:39.081 +0100] "GET /stages/1.0/year/2022 HTTP/1.1" - - "-" "PostmanRuntime/7.29.2"
- 0:0:0:0:0:0:0:1 - - [26/Nov/2022:17:53:17.046 +0100] "OPTIONS /stages/1.0/all HTTP/1.1" - - "https://localhost:9443/" "Mozilla/5.0 (Windows NT 10.0; Win64; x64) AppleWebKit/537.36 (KHTML, like Gecko) Chrome/107.0.0.0 Safari/537.36"
- 0:0:0:0:0:0:0:1  - [26/Nov/2022:17:53:17.046 +0100] "- - " 200 - "-" "-"
- 0:0:0:0:0:0:0:1 - - [26/Nov/2022:17:53:17.046 +0100] "GET /stages/1.0/all HTTP/1.1" - - "https://localhost:9443/" "Mozilla/5.0 (Windows NT 10.0; Win64; x64) AppleWebKit/537.36 (KHTML, like Gecko) Chrome/107.0.0.0 Safari/537.36"
- 54.220.192.176 - - [26/Nov/2022:17:53:17.852 +0100] "GET /stages/all HTTP/1.1" - - "https://localhost:9443/" "Synapse-PT-HttpComponents-NIO"
- 54.220.192.176  - [26/Nov/2022:17:53:27.209 +0100] "- - " 200 - "-" "-"
- 0:0:0:0:0:0:0:1  - [26/Nov/2022:17:53:27.223 +0100] "- - " 200 - "-" "-"
- 0:0:0:0:0:0:0:1 - - [26/Nov/2022:17:54:09.695 +0100] "GET /stages/1.0/year/2022 HTTP/1.1" - - "-" "PostmanRuntime/7.29.2"
- 54.220.192.176 - - [26/Nov/2022:17:54:09.699 +0100] "GET /stages/year/2022 HTTP/1.1" - - "-" "Synapse-PT-HttpComponents-NIO"
- 54.220.192.176  - [26/Nov/2022:17:54:09.699 +0100] "- - " 200 - "-" "-"
- 0:0:0:0:0:0:0:1  - [26/Nov/2022:17:54:09.695 +0100] "- - " 200 - "-" "-"
- 0:0:0:0:0:0:0:1  - [26/Nov/2022:19:27:56.953 +0100] "- - " 401 - "-" "-"
- 0:0:0:0:0:0:0:1 - - [26/Nov/2022:19:27:56.953 +0100] "GET /stages/1.0/year/2022 HTTP/1.1" - - "-" "PostmanRuntime/7.29.2"
- 0:0:0:0:0:0:0:1  - [26/Nov/2022:19:28:03.266 +0100] "- - " 401 - "-" "-"
- 0:0:0:0:0:0:0:1 - - [26/Nov/2022:19:28:03.266 +0100] "GET /stages/1.0/year/2022 HTTP/1.1" - - "-" "PostmanRuntime/7.29.2"
- 0:0:0:0:0:0:0:1 - - [26/Nov/2022:19:31:50.460 +0100] "GET /stages/1.0/year/2022 HTTP/1.1" - - "-" "PostmanRuntime/7.29.2"
- 46.137.15.86 - - [26/Nov/2022:19:31:51.450 +0100] "GET /stages/year/2022 HTTP/1.1" - - "-" "Synapse-PT-HttpComponents-NIO"
- 46.137.15.86  - [26/Nov/2022:19:31:58.676 +0100] "- - " 200 - "-" "-"
- 0:0:0:0:0:0:0:1  - [26/Nov/2022:19:31:58.684 +0100] "- - " 200 - "-" "-"
- 0:0:0:0:0:0:0:1 - - [26/Nov/2022:19:34:20.071 +0100] "GET /stages/1.0/year/2022 HTTP/1.1" - - "-" "PostmanRuntime/7.29.2"
- 54.220.192.176 - - [26/Nov/2022:19:34:20.259 +0100] "GET /stages/year/2022 HTTP/1.1" - - "-" "Synapse-PT-HttpComponents-NIO"
- 54.220.192.176  - [26/Nov/2022:19:34:20.259 +0100] "- - " 200 - "-" "-"
- 0:0:0:0:0:0:0:1  - [26/Nov/2022:19:34:20.071 +0100] "- - " 200 - "-" "-"
- 0:0:0:0:0:0:0:1  - [26/Nov/2022:19:34:27.835 +0100] "- - " 401 - "-" "-"
- 0:0:0:0:0:0:0:1 - - [26/Nov/2022:19:34:27.835 +0100] "GET /stages/1.0/year/2022 HTTP/1.1" - - "-" "PostmanRuntime/7.29.2"
- 0:0:0:0:0:0:0:1  - [26/Nov/2022:19:34:32.018 +0100] "- - " 401 - "-" "-"
- 0:0:0:0:0:0:0:1 - - [26/Nov/2022:19:34:32.018 +0100] "GET /stages/1.0/year/2022 HTTP/1.1" - - "-" "PostmanRuntime/7.29.2"
- 0:0:0:0:0:0:0:1 - - [26/Nov/2022:19:39:56.484 +0100] "GET /stages/1.0/year/2022 HTTP/1.1" - - "-" "PostmanRuntime/7.29.2"
- 0:0:0:0:0:0:0:1  - [26/Nov/2022:19:39:56.484 +0100] "- - " 401 - "-" "-"
- 0:0:0:0:0:0:0:1 - - [26/Nov/2022:19:40:11.819 +0100] "GET /stages/1.0/year/2022 HTTP/1.1" - - "-" "PostmanRuntime/7.29.2"
- 0:0:0:0:0:0:0:1  - [26/Nov/2022:19:40:11.819 +0100] "- - " 401 - "-" "-"
- 0:0:0:0:0:0:0:1  - [26/Nov/2022:19:41:48.725 +0100] "- - " 401 - "-" "-"
- 0:0:0:0:0:0:0:1 - - [26/Nov/2022:19:41:48.725 +0100] "GET /stages/1.0/year/2022 HTTP/1.1" - - "-" "PostmanRuntime/7.29.2"
- 0:0:0:0:0:0:0:1 - - [26/Nov/2022:19:42:59.646 +0100] "OPTIONS /stages/1.0/year/2023 HTTP/1.1" - - "https://localhost:9443/" "Mozilla/5.0 (Windows NT 10.0; Win64; x64) AppleWebKit/537.36 (KHTML, like Gecko) Chrome/107.0.0.0 Safari/537.36"
- 0:0:0:0:0:0:0:1  - [26/Nov/2022:19:42:59.646 +0100] "- - " 200 - "-" "-"
- 0:0:0:0:0:0:0:1 - - [26/Nov/2022:19:42:59.646 +0100] "GET /stages/1.0/year/2023 HTTP/1.1" - - "https://localhost:9443/" "Mozilla/5.0 (Windows NT 10.0; Win64; x64) AppleWebKit/537.36 (KHTML, like Gecko) Chrome/107.0.0.0 Safari/537.36"
- 0:0:0:0:0:0:0:1 - - [26/Nov/2022:19:43:19.039 +0100] "OPTIONS /stages/1.0/year/2023 HTTP/1.1" - - "https://localhost:9443/" "Mozilla/5.0 (Windows NT 10.0; Win64; x64) AppleWebKit/537.36 (KHTML, like Gecko) Chrome/107.0.0.0 Safari/537.36"
- 0:0:0:0:0:0:0:1  - [26/Nov/2022:19:42:59.646 +0100] "- - " 401 - "-" "-"
- 0:0:0:0:0:0:0:1 - - [26/Nov/2022:19:43:19.039 +0100] "GET /stages/1.0/year/2023 HTTP/1.1" - - "https://localhost:9443/" "Mozilla/5.0 (Windows NT 10.0; Win64; x64) AppleWebKit/537.36 (KHTML, like Gecko) Chrome/107.0.0.0 Safari/537.36"
- 0:0:0:0:0:0:0:1  - [26/Nov/2022:19:43:19.039 +0100] "- - " 200 - "-" "-"
- 0:0:0:0:0:0:0:1  - [26/Nov/2022:19:43:19.039 +0100] "- - " 401 - "-" "-"
- 0:0:0:0:0:0:0:1 - - [26/Nov/2022:19:43:50.881 +0100] "OPTIONS /stages/1.0/year/2023 HTTP/1.1" - - "https://localhost:9443/" "Mozilla/5.0 (Windows NT 10.0; Win64; x64) AppleWebKit/537.36 (KHTML, like Gecko) Chrome/107.0.0.0 Safari/537.36"
- 0:0:0:0:0:0:0:1  - [26/Nov/2022:19:43:50.881 +0100] "- - " 200 - "-" "-"
- 0:0:0:0:0:0:0:1 - - [26/Nov/2022:19:43:50.881 +0100] "GET /stages/1.0/year/2023 HTTP/1.1" - - "https://localhost:9443/" "Mozilla/5.0 (Windows NT 10.0; Win64; x64) AppleWebKit/537.36 (KHTML, like Gecko) Chrome/107.0.0.0 Safari/537.36"
- 0:0:0:0:0:0:0:1  - [26/Nov/2022:19:43:50.881 +0100] "- - " 401 - "-" "-"
- 0:0:0:0:0:0:0:1 - - [26/Nov/2022:19:43:54.715 +0100] "GET /stages/1.0/year/2023 HTTP/1.1" - - "https://localhost:9443/" "Mozilla/5.0 (Windows NT 10.0; Win64; x64) AppleWebKit/537.36 (KHTML, like Gecko) Chrome/107.0.0.0 Safari/537.36"
- 0:0:0:0:0:0:0:1  - [26/Nov/2022:19:43:54.715 +0100] "- - " 401 - "-" "-"
- 0:0:0:0:0:0:0:1 - - [26/Nov/2022:19:44:17.208 +0100] "OPTIONS /stages/1.0/year/2022 HTTP/1.1" - - "https://localhost:9443/" "Mozilla/5.0 (Windows NT 10.0; Win64; x64) AppleWebKit/537.36 (KHTML, like Gecko) Chrome/107.0.0.0 Safari/537.36"
- 0:0:0:0:0:0:0:1  - [26/Nov/2022:19:44:17.208 +0100] "- - " 200 - "-" "-"
- 0:0:0:0:0:0:0:1 - - [26/Nov/2022:19:44:17.208 +0100] "GET /stages/1.0/year/2022 HTTP/1.1" - - "https://localhost:9443/" "Mozilla/5.0 (Windows NT 10.0; Win64; x64) AppleWebKit/537.36 (KHTML, like Gecko) Chrome/107.0.0.0 Safari/537.36"
- 46.137.15.86 - - [26/Nov/2022:19:44:17.381 +0100] "GET /stages/year/2022 HTTP/1.1" - - "https://localhost:9443/" "Synapse-PT-HttpComponents-NIO"
- 46.137.15.86  - [26/Nov/2022:19:44:17.381 +0100] "- - " 200 - "-" "-"
- 0:0:0:0:0:0:0:1  - [26/Nov/2022:19:44:17.208 +0100] "- - " 200 - "-" "-"
